Component: ARM Compiler 5.06 update 3 (build 300) Tool: armlink [4d35c9]

==============================================================================

Section Cross References

    main.o(i.DISPLAY_RENCODE_TO_TFT) refers to _printf_percent.o(.ARM.Collect$$_printf_percent$$00000000) for _printf_percent
    main.o(i.DISPLAY_RENCODE_TO_TFT) refers to _printf_d.o(.ARM.Collect$$_printf_percent$$00000009) for _printf_d
    main.o(i.DISPLAY_RENCODE_TO_TFT) refers to _printf_dec.o(.text) for _printf_int_dec
    main.o(i.DISPLAY_RENCODE_TO_TFT) refers to qrcodeapp.o(i.EncodeData) for EncodeData
    main.o(i.DISPLAY_RENCODE_TO_TFT) refers to noretval__2sprintf.o(.text) for __2sprintf
    main.o(i.DISPLAY_RENCODE_TO_TFT) refers to lcd_driver.o(i.Lcd_Clear) for Lcd_Clear
    main.o(i.DISPLAY_RENCODE_TO_TFT) refers to gui.o(i.LCD_Fill) for LCD_Fill
    main.o(i.DISPLAY_RENCODE_TO_TFT) refers to qrcodeapp.o(.data) for m_nSymbleSize
    main.o(i.DISPLAY_RENCODE_TO_TFT) refers to qrcodeapp.o(.bss) for m_byModuleData
    main.o(i.DISPLAY_Temp) refers to _printf_percent.o(.ARM.Collect$$_printf_percent$$00000000) for _printf_percent
    main.o(i.DISPLAY_Temp) refers to _printf_f.o(.ARM.Collect$$_printf_percent$$00000003) for _printf_f
    main.o(i.DISPLAY_Temp) refers to printf1.o(x$fpl$printf1) for _printf_fp_dec
    main.o(i.DISPLAY_Temp) refers to dflt_clz.o(x$fpl$dflt) for __aeabi_i2d
    main.o(i.DISPLAY_Temp) refers to dmul.o(x$fpl$dmul) for __aeabi_dmul
    main.o(i.DISPLAY_Temp) refers to noretval__2sprintf.o(.text) for __2sprintf
    main.o(i.DISPLAY_Temp) refers to lcd_driver.o(i.Lcd_Clear) for Lcd_Clear
    main.o(i.DISPLAY_Temp) refers to gui.o(i.Gui_DrawFont_GBK16) for Gui_DrawFont_GBK16
    main.o(i.DISPLAY_Temp) refers to dflt_clz.o(x$fpl$dfltu) for __aeabi_ui2d
    main.o(i.DISPLAY_Temp) refers to main.o(.data) for Temp
    main.o(i.fputc) refers to stm32f10x_usart.o(i.USART_SendData) for USART_SendData
    main.o(i.fputc) refers to stm32f10x_usart.o(i.USART_GetFlagStatus) for USART_GetFlagStatus
    main.o(i.main) refers to bsp.o(i.RCC_Configuration) for RCC_Configuration
    main.o(i.main) refers to bsp.o(i.GetSTM32ID) for GetSTM32ID
    main.o(i.main) refers to sys_tick_delay.o(i.SYS_TickDelayConfig) for SYS_TickDelayConfig
    main.o(i.main) refers to sys_tick_delay.o(i.Sys_delay_init) for Sys_delay_init
    main.o(i.main) refers to bsp_leds.o(i.BspLed_IOConfig) for BspLed_IOConfig
    main.o(i.main) refers to buttons.o(i.ButtonsConfig) for ButtonsConfig
    main.o(i.main) refers to sys_adc.o(i.bsp_adc_config) for bsp_adc_config
    main.o(i.main) refers to sht1x.o(i.sht_io_config) for sht_io_config
    main.o(i.main) refers to wifi_esp.o(i.Wifi_Init) for Wifi_Init
    main.o(i.main) refers to sys_tick_delay.o(i.SysTickDelay_ms) for SysTickDelay_ms
    main.o(i.main) refers to lcd_driver.o(i.Lcd_Init) for Lcd_Init
    main.o(i.main) refers to usb_contrl.o(i.UsbOutConfig) for UsbOutConfig
    main.o(i.main) refers to wifi_esp_config.o(i.CycleBufPro) for CycleBufPro
    main.o(i.main) refers to sys_tick_delay.o(i.PDInit_GetSysTick) for PDInit_GetSysTick
    main.o(i.main) refers to wifi_esp_config.o(i.wifi_fsm) for wifi_fsm
    main.o(i.main) refers to bsp_leds.o(i.AllLedsRun) for AllLedsRun
    main.o(i.main) refers to sht1x.o(i.Get_SHT11) for Get_SHT11
    main.o(i.main) refers to main.o(i.DISPLAY_RENCODE_TO_TFT) for DISPLAY_RENCODE_TO_TFT
    main.o(i.main) refers to main.o(i.DISPLAY_Temp) for DISPLAY_Temp
    main.o(i.main) refers to main.o(.bss) for gMcuID
    main.o(i.main) refers to main.o(.data) for Temp
    bsp.o(i.PDInit_GPIOPortA) refers to stm32f10x_rcc.o(i.RCC_APB2PeriphClockCmd) for RCC_APB2PeriphClockCmd
    bsp.o(i.PDInit_GPIOPortA) refers to stm32f10x_gpio.o(i.GPIO_Init) for GPIO_Init
    bsp.o(i.PDInit_GPIOPortB) refers to stm32f10x_rcc.o(i.RCC_APB2PeriphClockCmd) for RCC_APB2PeriphClockCmd
    bsp.o(i.PDInit_GPIOPortB) refers to stm32f10x_gpio.o(i.GPIO_Init) for GPIO_Init
    bsp.o(i.PDInit_UART1) refers to stm32f10x_rcc.o(i.RCC_APB2PeriphClockCmd) for RCC_APB2PeriphClockCmd
    bsp.o(i.PDInit_UART1) refers to stm32f10x_gpio.o(i.GPIO_Init) for GPIO_Init
    bsp.o(i.PDInit_UART1) refers to misc.o(i.NVIC_Init) for NVIC_Init
    bsp.o(i.PDInit_UART1) refers to stm32f10x_usart.o(i.USART_Init) for USART_Init
    bsp.o(i.PDInit_UART1) refers to stm32f10x_usart.o(i.USART_ITConfig) for USART_ITConfig
    bsp.o(i.PDInit_UART1) refers to stm32f10x_usart.o(i.USART_ClearFlag) for USART_ClearFlag
    bsp.o(i.PDInit_UART1) refers to stm32f10x_usart.o(i.USART_Cmd) for USART_Cmd
    bsp.o(i.PDInit_UART2) refers to stm32f10x_rcc.o(i.RCC_APB1PeriphClockCmd) for RCC_APB1PeriphClockCmd
    bsp.o(i.PDInit_UART2) refers to stm32f10x_gpio.o(i.GPIO_Init) for GPIO_Init
    bsp.o(i.PDInit_UART2) refers to misc.o(i.NVIC_Init) for NVIC_Init
    bsp.o(i.PDInit_UART2) refers to stm32f10x_usart.o(i.USART_Init) for USART_Init
    bsp.o(i.PDInit_UART2) refers to stm32f10x_usart.o(i.USART_ClearFlag) for USART_ClearFlag
[...]
    __rt_lib_init_lc_monetary_1              0x08000209   Thumb Code     0  libinit2.o(.ARM.Collect$$libinit$$00000015)
    __rt_lib_init_lc_numeric_2               0x08000209   Thumb Code     0  libinit2.o(.ARM.Collect$$libinit$$00000016)
    __rt_lib_init_alloca_1                   0x08000213   Thumb Code     0  libinit2.o(.ARM.Collect$$libinit$$0000002E)
    __rt_lib_init_argv_1                     0x08000213   Thumb Code     0  libinit2.o(.ARM.Collect$$libinit$$0000002C)
    __rt_lib_init_atexit_1                   0x08000213   Thumb Code     0  libinit2.o(.ARM.Collect$$libinit$$0000001B)
    __rt_lib_init_clock_1                    0x08000213   Thumb Code     0  libinit2.o(.ARM.Collect$$libinit$$00000021)
    __rt_lib_init_cpp_1                      0x08000213   Thumb Code     0  libinit2.o(.ARM.Collect$$libinit$$00000032)
    __rt_lib_init_exceptions_1               0x08000213   Thumb Code     0  libinit2.o(.ARM.Collect$$libinit$$00000030)
    __rt_lib_init_fp_trap_1                  0x08000213   Thumb Code     0  libinit2.o(.ARM.Collect$$libinit$$0000001F)
    __rt_lib_init_getenv_1                   0x08000213   Thumb Code     0  libinit2.o(.ARM.Collect$$libinit$$00000023)
    __rt_lib_init_lc_numeric_1               0x08000213   Thumb Code     0  libinit2.o(.ARM.Collect$$libinit$$00000017)
    __rt_lib_init_lc_time_1                  0x08000213   Thumb Code     0  libinit2.o(.ARM.Collect$$libinit$$00000019)
    __rt_lib_init_return                     0x08000213   Thumb Code     0  libinit2.o(.ARM.Collect$$libinit$$00000033)
    __rt_lib_init_signal_1                   0x08000213   Thumb Code     0  libinit2.o(.ARM.Collect$$libinit$$0000001D)
    __rt_lib_init_stdio_1                    0x08000213   Thumb Code     0  libinit2.o(.ARM.Collect$$libinit$$00000025)
    __rt_lib_shutdown                        0x08000215   Thumb Code     0  libshutdown.o(.ARM.Collect$$libshutdown$$00000000)
    __rt_lib_shutdown_cpp_1                  0x08000217   Thumb Code     0  libshutdown2.o(.ARM.Collect$$libshutdown$$00000002)
    __rt_lib_shutdown_fp_trap_1              0x08000217   Thumb Code     0  libshutdown2.o(.ARM.Collect$$libshutdown$$00000007)
    __rt_lib_shutdown_heap_1                 0x08000217   Thumb Code     0  libshutdown2.o(.ARM.Collect$$libshutdown$$0000000F)
    __rt_lib_shutdown_return                 0x08000217   Thumb Code     0  libshutdown2.o(.ARM.Collect$$libshutdown$$00000010)
    __rt_lib_shutdown_signal_1               0x08000217   Thumb Code     0  libshutdown2.o(.ARM.Collect$$libshutdown$$0000000A)
    __rt_lib_shutdown_stdio_1                0x08000217   Thumb Code     0  libshutdown2.o(.ARM.Collect$$libshutdown$$00000004)
    __rt_lib_shutdown_user_alloc_1           0x08000217   Thumb Code     0  libshutdown2.o(.ARM.Collect$$libshutdown$$0000000C)
    __rt_entry                               0x08000219   Thumb Code     0  __rtentry.o(.ARM.Collect$$rtentry$$00000000)
    __rt_entry_presh_1                       0x08000219   Thumb Code     0  __rtentry2.o(.ARM.Collect$$rtentry$$00000002)
    __rt_entry_sh                            0x08000219   Thumb Code     0  __rtentry4.o(.ARM.Collect$$rtentry$$00000004)
    __rt_entry_li                            0x0800021f   Thumb Code     0  __rtentry2.o(.ARM.Collect$$rtentry$$0000000A)
    __rt_entry_postsh_1                      0x0800021f   Thumb Code     0  __rtentry2.o(.ARM.Collect$$rtentry$$00000009)
    __rt_entry_main                          0x08000223   Thumb Code     0  __rtentry2.o(.ARM.Collect$$rtentry$$0000000D)
    __rt_entry_postli_1                      0x08000223   Thumb Code     0  __rtentry2.o(.ARM.Collect$$rtentry$$0000000C)
    __rt_exit                                0x0800022b   Thumb Code     0  rtexit.o(.ARM.Collect$$rtexit$$00000000)
    __rt_exit_ls                             0x0800022d   Thumb Code     0  rtexit2.o(.ARM.Collect$$rtexit$$00000003)
    __rt_exit_prels_1                        0x0800022d   Thumb Code     0  rtexit2.o(.ARM.Collect$$rtexit$$00000002)
    __rt_exit_exit                           0x08000231   Thumb Code     0  rtexit2.o(.ARM.Collect$$rtexit$$00000004)
    Reset_Handler                            0x08000239   Thumb Code     8  startup_stm32f10x_hd.o(.text)
    ADC1_2_IRQHandler                        0x08000253   Thumb Code     0  startup_stm32f10x_hd.o(.text)
    ADC3_IRQHandler                          0x08000253   Thumb Code     0  startup_stm32f10x_hd.o(.text)
    CAN1_RX1_IRQHandler                      0x08000253   Thumb Code     0  startup_stm32f10x_hd.o(.text)
    CAN1_SCE_IRQHandler                      0x08000253   Thumb Code     0  startup_stm32f10x_hd.o(.text)
    DMA1_Channel2_IRQHandler                 0x08000253   Thumb Code     0  startup_stm32f10x_hd.o(.text)
    DMA1_Channel3_IRQHandler                 0x08000253   Thumb Code     0  startup_stm32f10x_hd.o(.text)
    DMA1_Channel4_IRQHandler                 0x08000253   Thumb Code     0  startup_stm32f10x_hd.o(.text)
    DMA1_Channel5_IRQHandler                 0x08000253   Thumb Code     0  startup_stm32f10x_hd.o(.text)
    DMA1_Channel6_IRQHandler                 0x08000253   Thumb Code     0  startup_stm32f10x_hd.o(.text)
    DMA1_Channel7_IRQHandler                 0x08000253   Thumb Code     0  startup_stm32f10x_hd.o(.text)
    DMA2_Channel1_IRQHandler                 0x08000253   Thumb Code     0  startup_stm32f10x_hd.o(.text)
    DMA2_Channel2_IRQHandler                 0x08000253   Thumb Code     0  startup_stm32f10x_hd.o(.text)
    DMA2_Channel3_IRQHandler                 0x08000253   Thumb Code     0  startup_stm32f10x_hd.o(.text)
    DMA2_Channel4_5_IRQHandler               0x08000253   Thumb Code     0  startup_stm32f10x_hd.o(.text)
    EXTI0_IRQHandler                         0x08000253   Thumb Code     0  startup_stm32f10x_hd.o(.text)
    EXTI2_IRQHandler                         0x08000253   Thumb Code     0  startup_stm32f10x_hd.o(.text)
    EXTI3_IRQHandler                         0x08000253   Thumb Code     0  startup_stm32f10x_hd.o(.text)
    EXTI4_IRQHandler                         0x08000253   Thumb Code     0  startup_stm32f10x_hd.o(.text)
    EXTI9_5_IRQHandler                       0x08000253   Thumb Code     0  startup_stm32f10x_hd.o(.text)
    FLASH_IRQHandler                         0x08000253   Thumb Code     0  startup_stm32f10x_hd.o(.text)
    FSMC_IRQHandler                          0x08000253   Thumb Code     0  startup_stm32f10x_hd.o(.text)
    I2C1_ER_IRQHandler                       0x08000253   Thumb Code     0  startup_stm32f10x_hd.o(.text)
    I2C1_EV_IRQHandler                       0x08000253   Thumb Code     0  startup_stm32f10x_hd.o(.text)
    I2C2_ER_IRQHandler                       0x08000253   Thumb Code     0  startup_stm32f10x_hd.o(.text)
    I2C2_EV_IRQHandler                       0x08000253   Thumb Code     0  startup_stm32f10x_hd.o(.text)
    PVD_IRQHandler                           0x08000253   Thumb Code     0  startup_stm32f10x_hd.o(.text)
    RCC_IRQHandler                           0x08000253   Thumb Code     0  startup_stm32f10x_hd.o(.text)
    RTCAlarm_IRQHandler                      0x08000253   Thumb Code     0  startup_stm32f10x_hd.o(.text)
    RTC_IRQHandler                           0x08000253   Thumb Code     0  startup_stm32f10x_hd.o(.text)
    SDIO_IRQHandler                          0x08000253   Thumb Code     0  startup_stm32f10x_hd.o(.text)
    SPI1_IRQHandler                          0x08000253   Thumb Code     0  startup_stm32f10x_hd.o(.text)
    SPI2_IRQHandler                          0x08000253   Thumb Code     0  startup_stm32f10x_hd.o(.text)
    SPI3_IRQHandler                          0x08000253   Thumb Code     0  startup_stm32f10x_hd.o(.text)
    TAMPER_IRQHandler                        0x08000253   Thumb Code     0  startup_stm32f10x_hd.o(.text)
    TIM1_BRK_IRQHandler                      0x08000253   Thumb Code     0  startup_stm32f10x_hd.o(.text)
    TIM1_CC_IRQHandler                       0x08000253   Thumb Code     0  startup_stm32f10x_hd.o(.text)
    TIM1_TRG_COM_IRQHandler                  0x08000253   Thumb Code     0  startup_stm32f10x_hd.o(.text)
    TIM1_UP_IRQHandler                       0x08000253   Thumb Code     0  startup_stm32f10x_hd.o(.text)
    TIM5_IRQHandler                          0x08000253   Thumb Code     0  startup_stm32f10x_hd.o(.text)
    TIM6_IRQHandler                          0x08000253   Thumb Code     0  startup_stm32f10x_hd.o(.text)
    TIM7_IRQHandler                          0x08000253   Thumb Code     0  startup_stm32f10x_hd.o(.text)
    TIM8_BRK_IRQHandler                      0x08000253   Thumb Code     0  startup_stm32f10x_hd.o(.text)
    TIM8_CC_IRQHandler                       0x08000253   Thumb Code     0  startup_stm32f10x_hd.o(.text)
    TIM8_TRG_COM_IRQHandler                  0x08000253   Thumb Code     0  startup_stm32f10x_hd.o(.text)
    TIM8_UP_IRQHandler                       0x08000253   Thumb Code     0  startup_stm32f10x_hd.o(.text)
    UART4_IRQHandler                         0x08000253   Thumb Code     0  startup_stm32f10x_hd.o(.text)
    UART5_IRQHandler                         0x08000253   Thumb Code     0  startup_stm32f10x_hd.o(.text)
    USART2_IRQHandler                        0x08000253   Thumb Code     0  startup_stm32f10x_hd.o(.text)
    USBWakeUp_IRQHandler                     0x08000253   Thumb Code     0  startup_stm32f10x_hd.o(.text)
    USB_HP_CAN1_TX_IRQHandler                0x08000253   Thumb Code     0  startup_stm32f10x_hd.o(.text)
    USB_LP_CAN1_RX0_IRQHandler               0x08000253   Thumb Code     0  startup_stm32f10x_hd.o(.text)
    WWDG_IRQHandler                          0x08000253   Thumb Code     0  startup_stm32f10x_hd.o(.text)
    __user_initial_stackheap                 0x08000255   Thumb Code     0  startup_stm32f10x_hd.o(.text)
    __aeabi_errno_addr                       0x08000279   Thumb Code     8  rt_errno_addr_intlibspace.o(.text)
    __errno$intlibspace                      0x08000279   Thumb Code     0  rt_errno_addr_intlibspace.o(.text)
    __rt_errno_addr$intlibspace              0x08000279   Thumb Code     0  rt_errno_addr_intlibspace.o(.text)
    __2sprintf                               0x08000281   Thumb Code    34  noretval__2sprintf.o(.text)
    _printf_int_dec                          0x080002a9   Thumb Code   104  _printf_dec.o(.text)
    __printf                                 0x08000321   Thumb Code   270  __printf_wp.o(.text)
    atoi                                     0x0800042f   Thumb Code    26  atoi.o(.text)
    strstr                                   0x08000449   Thumb Code    36  strstr.o(.text)
    strlen                                   0x0800046d   Thumb Code    62  strlen.o(.text)
    strcat                                   0x080004ab   Thumb Code    24  strcat.o(.text)
    __aeabi_memcpy                           0x080004c3   Thumb Code     0  rt_memcpy_v6.o(.text)
    __rt_memcpy                              0x080004c3   Thumb Code   138  rt_memcpy_v6.o(.text)
    _memcpy_lastbytes                        0x08000529   Thumb Code     0  rt_memcpy_v6.o(.text)
    __aeabi_memmove                          0x0800054d   Thumb Code     0  rt_memmove_v6.o(.text)
    __rt_memmove                             0x0800054d   Thumb Code   132  rt_memmove_v6.o(.text)
    __memmove_lastfew                        0x080005ad   Thumb Code     0  rt_memmove_v6.o(.text)
    __aeabi_memcpy4                          0x080005d1   Thumb Code     0  rt_memcpy_w.o(.text)
    __aeabi_memcpy8                          0x080005d1   Thumb Code     0  rt_memcpy_w.o(.text)
    __rt_memcpy_w                            0x080005d1   Thumb Code   100  rt_memcpy_w.o(.text)
    _memcpy_lastbytes_aligned                0x08000619   Thumb Code     0  rt_memcpy_w.o(.text)
    __aeabi_memset                           0x08000635   Thumb Code    16  aeabi_memset.o(.text)
    __aeabi_memclr                           0x08000645   Thumb Code     0  rt_memclr.o(.text)
    __rt_memclr                              0x08000645   Thumb Code    68  rt_memclr.o(.text)
    _memset                                  0x08000649   Thumb Code     0  rt_memclr.o(.text)
    __aeabi_memclr4                          0x08000689   Thumb Code     0  rt_memclr_w.o(.text)
    __aeabi_memclr8                          0x08000689   Thumb Code     0  rt_memclr_w.o(.text)
    __rt_memclr_w                            0x08000689   Thumb Code    78  rt_memclr_w.o(.text)
    _memset_w                                0x0800068d   Thumb Code     0  rt_memclr_w.o(.text)
    __use_two_region_memory                  0x080006d7   Thumb Code     2  heapauxi.o(.text)
    __rt_heap_escrow                         0x080006d9   Thumb Code     2  heapauxi.o(.text)
    __rt_heap_expand                         0x080006db   Thumb Code     2  heapauxi.o(.text)
    __user_libspace                          0x080006dd   Thumb Code     8  libspace.o(.text)
    __user_perproc_libspace                  0x080006dd   Thumb Code     0  libspace.o(.text)
    __user_perthread_libspace                0x080006dd   Thumb Code     0  libspace.o(.text)
    _printf_int_common                       0x080006e5   Thumb Code   178  _printf_intcommon.o(.text)
    __lib_sel_fp_printf                      0x08000797   Thumb Code     2  _printf_fp_dec.o(.text)
    _printf_fp_dec_real                      0x08000945   Thumb Code   620  _printf_fp_dec.o(.text)
    _printf_char_common                      0x08000bbb   Thumb Code    32  _printf_char_common.o(.text)
    _sputc                                   0x08000be1   Thumb Code    10  _sputc.o(.text)
    strtol                                   0x08000beb   Thumb Code   112  strtol.o(.text)
    __aeabi_memmove4                         0x08000c5b   Thumb Code     0  rt_memmove_w.o(.text)
    __aeabi_memmove8                         0x08000c5b   Thumb Code     0  rt_memmove_w.o(.text)
    __rt_memmove_w                           0x08000c5b   Thumb Code   122  rt_memmove_w.o(.text)
    __memmove_aligned                        0x08000c81   Thumb Code     0  rt_memmove_w.o(.text)
    __memmove_lastfew_aligned                0x08000cb9   Thumb Code     0  rt_memmove_w.o(.text)
    __rt_ctype_table                         0x08000cd5   Thumb Code    16  rt_ctype_table.o(.text)
    __rt_locale                              0x08000ce5   Thumb Code     8  rt_locale_intlibspace.o(.text)
    _ll_udiv10                               0x08000ced   Thumb Code   138  lludiv10.o(.text)
    _printf_fp_infnan                        0x08000d79   Thumb Code   112  _printf_fp_infnan.o(.text)
    _strtoul                                 0x08000df9   Thumb Code   158  _strtoul.o(.text)
    _btod_etento                             0x08000e99   Thumb Code   216  bigflt0.o(.text)
    __I$use$semihosting                      0x08000f75   Thumb Code     0  use_no_semi.o(.text)
    __use_no_semihosting_swi                 0x08000f75   Thumb Code     2  use_no_semi.o(.text)
    __semihosting_library_function           0x08000f77   Thumb Code     0  indicate_semi.o(.text)
    __user_setup_stackheap                   0x08000f77   Thumb Code    74  sys_stackheap_outer.o(.text)
    _chval                                   0x08000fc1   Thumb Code    28  _chval.o(.text)
    exit                                     0x08000fdd   Thumb Code    18  exit.o(.text)
    strcmp                                   0x08000ff1   Thumb Code   128  strcmpv7m.o(.text)
    _sys_exit                                0x08001071   Thumb Code     8  sys_exit.o(.text)
    _btod_d2e                                0x0800107d   Thumb Code    62  btod.o(CL$$btod_d2e)
    _d2e_denorm_low                          0x080010bb   Thumb Code    70  btod.o(CL$$btod_d2e_denorm_low)
    _d2e_norm_op1                            0x08001101   Thumb Code    96  btod.o(CL$$btod_d2e_norm_op1)
    __btod_div_common                        0x08001161   Thumb Code   696  btod.o(CL$$btod_div_common)
    _e2e                                     0x08001499   Thumb Code   198  btod.o(CL$$btod_e2e)
    _btod_ediv                               0x0800155f   Thumb Code    40  btod.o(CL$$btod_ediv)
    _btod_emul                               0x08001587   Thumb Code    40  btod.o(CL$$btod_emul)
    __btod_mult_common                       0x080015af   Thumb Code   580  btod.o(CL$$btod_mult_common)
    ADC_Cmd                                  0x080017f3   Thumb Code    22  stm32f10x_adc.o(i.ADC_Cmd)
    ADC_DMACmd                               0x08001809   Thumb Code    22  stm32f10x_adc.o(i.ADC_DMACmd)
    ADC_DeInit                               0x08001821   Thumb Code    78  stm32f10x_adc.o(i.ADC_DeInit)
    ADC_GetCalibrationStatus                 0x0800187d   Thumb Code    20  stm32f10x_adc.o(i.ADC_GetCalibrationStatus)
    ADC_GetResetCalibrationStatus            0x08001891   Thumb Code    20  stm32f10x_adc.o(i.ADC_GetResetCalibrationStatus)
    ADC_Init                                 0x080018a5   Thumb Code    70  stm32f10x_adc.o(i.ADC_Init)
    ADC_RegularChannelConfig                 0x080018f5   Thumb Code   184  stm32f10x_adc.o(i.ADC_RegularChannelConfig)
    ADC_ResetCalibration                     0x080019ad   Thumb Code    10  stm32f10x_adc.o(i.ADC_ResetCalibration)
    ADC_SoftwareStartConvCmd                 0x080019b7   Thumb Code    22  stm32f10x_adc.o(i.ADC_SoftwareStartConvCmd)
    ADC_StartCalibration                     0x080019cd   Thumb Code    10  stm32f10x_adc.o(i.ADC_StartCalibration)
    AllLedsRun                               0x080019d9   Thumb Code    62  bsp_leds.o(i.AllLedsRun)
    AlphabetToBinaly                         0x08001a1d   Thumb Code   102  qrcodeapp.o(i.AlphabetToBinaly)
    BspLed_IOConfig                          0x08001a85   Thumb Code   106  bsp_leds.o(i.BspLed_IOConfig)
    BusFault_Handler                         0x08001af9   Thumb Code     4  stm32f10x_it.o(i.BusFault_Handler)
    ButtonsConfig                            0x08001afd   Thumb Code    36  buttons.o(i.ButtonsConfig)
    Buttons_IOConfig                         0x08001b31   Thumb Code    32  buttons.o(i.Buttons_IOConfig)
    CRC16                                    0x08001b55   Thumb Code    62  encryption.o(i.CRC16)
    ConfigGPSDMARec                          0x08001b9d   Thumb Code   112  wifi_esp.o(i.ConfigGPSDMARec)
    CountPenalty                             0x08001c19   Thumb Code  1338  qrcodeapp.o(i.CountPenalty)
    CycleBufPro                              0x0800215d   Thumb Code   140  wifi_esp_config.o(i.CycleBufPro)
    DISPLAY_RENCODE_TO_TFT                   0x08002209   Thumb Code   226  main.o(i.DISPLAY_RENCODE_TO_TFT)
    DISPLAY_Temp                             0x08002309   Thumb Code   118  main.o(i.DISPLAY_Temp)
    DMA1_Channel1_IRQHandler                 0x080023b1   Thumb Code    56  sys_adc.o(i.DMA1_Channel1_IRQHandler)
    DMA_ClearITPendingBit                    0x080023f1   Thumb Code    18  stm32f10x_dma.o(i.DMA_ClearITPendingBit)
    DMA_Cmd                                  0x0800240d   Thumb Code    24  stm32f10x_dma.o(i.DMA_Cmd)
    DMA_DeInit                               0x08002425   Thumb Code   324  stm32f10x_dma.o(i.DMA_DeInit)
    DMA_GetCurrDataCounter                   0x08002571   Thumb Code     8  stm32f10x_dma.o(i.DMA_GetCurrDataCounter)
    DMA_GetITStatus                          0x08002579   Thumb Code    36  stm32f10x_dma.o(i.DMA_GetITStatus)
    DMA_ITConfig                             0x080025a5   Thumb Code    18  stm32f10x_dma.o(i.DMA_ITConfig)
    DMA_Init                                 0x080025b7   Thumb Code    60  stm32f10x_dma.o(i.DMA_Init)
    DMA_SetCurrDataCounter                   0x080025f3   Thumb Code     4  stm32f10x_dma.o(i.DMA_SetCurrDataCounter)
    DealMsg                                  0x080025f9   Thumb Code   234  msg.o(i.DealMsg)
    DebugMon_Handler                         0x080026f1   Thumb Code     2  stm32f10x_it.o(i.DebugMon_Handler)
    ESP8266_Close                            0x080026f5   Thumb Code    64  wifi_esp.o(i.ESP8266_Close)
    ESP8266_Cmd                              0x08002749   Thumb Code   142  wifi_esp.o(i.ESP8266_Cmd)
    ESP8266_GetStatus                        0x080027dd   Thumb Code     8  wifi_esp.o(i.ESP8266_GetStatus)
    ESP8266_Init                             0x080027e5   Thumb Code    48  wifi_esp.o(i.ESP8266_Init)
    ESP8266_Open                             0x08002819   Thumb Code    86  wifi_esp.o(i.ESP8266_Open)
    ESP8266_Read                             0x0800288d   Thumb Code     6  wifi_esp.o(i.ESP8266_Read)
    ESP8266_Reset                            0x08002895   Thumb Code    82  wifi_esp.o(i.ESP8266_Reset)
    ESP8266_Write                            0x08002909   Thumb Code    66  wifi_esp.o(i.ESP8266_Write)
    EXTI15_10_IRQHandler                     0x08002951   Thumb Code     2  buttons.o(i.EXTI15_10_IRQHandler)
    EXTI1_IRQHandler                         0x08002953   Thumb Code     2  buttons.o(i.EXTI1_IRQHandler)
    EncodeData                               0x08002955   Thumb Code   796  qrcodeapp.o(i.EncodeData)
    EncodeSourceData                         0x08002c99   Thumb Code  1942  qrcodeapp.o(i.EncodeSourceData)
    FormatModule                             0x08003455   Thumb Code   176  qrcodeapp.o(i.FormatModule)
    GPIO_Init                                0x08003511   Thumb Code   278  stm32f10x_gpio.o(i.GPIO_Init)
    GPIO_PinRemapConfig                      0x08003629   Thumb Code   138  stm32f10x_gpio.o(i.GPIO_PinRemapConfig)
    GPIO_ReadInputData                       0x080036b9   Thumb Code     8  stm32f10x_gpio.o(i.GPIO_ReadInputData)
    GPIO_ReadInputDataBit                    0x080036c1   Thumb Code    18  stm32f10x_gpio.o(i.GPIO_ReadInputDataBit)
    GPIO_ResetBits                           0x080036d3   Thumb Code     4  stm32f10x_gpio.o(i.GPIO_ResetBits)
    GPIO_SetBits                             0x080036d7   Thumb Code     4  stm32f10x_gpio.o(i.GPIO_SetBits)
    GetBitLength                             0x080036dd   Thumb Code   148  qrcodeapp.o(i.GetBitLength)
    GetEncodeVersion                         0x08003781   Thumb Code   242  qrcodeapp.o(i.GetEncodeVersion)
    GetRSCodeWord                            0x08003881   Thumb Code   124  qrcodeapp.o(i.GetRSCodeWord)
    GetSTM32ID                               0x08003909   Thumb Code    24  bsp.o(i.GetSTM32ID)
    GetWifiDev                               0x08003925   Thumb Code     4  wifi_esp.o(i.GetWifiDev)
    Get_SHT11                                0x0800392d   Thumb Code   122  sht1x.o(i.Get_SHT11)
    GpioConfig                               0x080039ad   Thumb Code    32  bsp_leds.o(i.GpioConfig)
    GreenLedOff                              0x080039cd   Thumb Code    50  bsp_leds.o(i.GreenLedOff)
    GreenLedOn                               0x08003a09   Thumb Code    50  bsp_leds.o(i.GreenLedOn)
    GreenLedToggle                           0x08003a45   Thumb Code    58  bsp_leds.o(i.GreenLedToggle)
    Gui_DrawFont_GBK16                       0x08003a89   Thumb Code   394  gui.o(i.Gui_DrawFont_GBK16)
    Gui_DrawPoint                            0x08003c1d   Thumb Code    32  lcd_driver.o(i.Gui_DrawPoint)
    HardFault_Handler                        0x08003c3d   Thumb Code     4  stm32f10x_it.o(i.HardFault_Handler)
    IsAlphabetData                           0x08003c41   Thumb Code    70  qrcodeapp.o(i.IsAlphabetData)
    IsKanjiData                              0x08003c87   Thumb Code    50  qrcodeapp.o(i.IsKanjiData)
    IsNumeralData                            0x08003cb9   Thumb Code    18  qrcodeapp.o(i.IsNumeralData)
    KanjiToBinaly                            0x08003ccb   Thumb Code    46  qrcodeapp.o(i.KanjiToBinaly)
    LCD_Fill                                 0x08003cf9   Thumb Code    70  gui.o(i.LCD_Fill)
    LCD_GPIO_Init                            0x08003d41   Thumb Code    88  lcd_driver.o(i.LCD_GPIO_Init)
    LCD_WriteData_16Bit                      0x08003da5   Thumb Code    38  lcd_driver.o(i.LCD_WriteData_16Bit)
    Lcd_Clear                                0x08003dd5   Thumb Code    50  lcd_driver.o(i.Lcd_Clear)
    Lcd_Init                                 0x08003e09   Thumb Code   552  lcd_driver.o(i.Lcd_Init)
    Lcd_Reset                                0x08004035   Thumb Code    30  lcd_driver.o(i.Lcd_Reset)
    Lcd_SetRegion                            0x08004059   Thumb Code    86  lcd_driver.o(i.Lcd_SetRegion)
    Lcd_WriteData                            0x080040b1   Thumb Code    32  lcd_driver.o(i.Lcd_WriteData)
    Lcd_WriteIndex                           0x080040d9   Thumb Code    32  lcd_driver.o(i.Lcd_WriteIndex)
    MemManage_Handler                        0x08004101   Thumb Code     4  stm32f10x_it.o(i.MemManage_Handler)
    MsgPackage                               0x08004105   Thumb Code   246  msg.o(i.MsgPackage)
    MsgRSEPPackage                           0x08004201   Thumb Code   152  msg.o(i.MsgRSEPPackage)
    NMI_Handler                              0x08004299   Thumb Code     2  stm32f10x_it.o(i.NMI_Handler)
    NVIC_Init                                0x0800429d   Thumb Code   100  misc.o(i.NVIC_Init)
    PDInit_GetSysTick                        0x0800430d   Thumb Code    16  sys_tick_delay.o(i.PDInit_GetSysTick)
    PendSV_Handler                           0x08004321   Thumb Code     2  stm32f10x_it.o(i.PendSV_Handler)
    RCC_ADCCLKConfig                         0x08004325   Thumb Code    18  stm32f10x_rcc.o(i.RCC_ADCCLKConfig)
    RCC_AHBPeriphClockCmd                    0x0800433d   Thumb Code    26  stm32f10x_rcc.o(i.RCC_AHBPeriphClockCmd)
    RCC_APB1PeriphClockCmd                   0x0800435d   Thumb Code    26  stm32f10x_rcc.o(i.RCC_APB1PeriphClockCmd)
    RCC_APB1PeriphResetCmd                   0x0800437d   Thumb Code    26  stm32f10x_rcc.o(i.RCC_APB1PeriphResetCmd)
    RCC_APB2PeriphClockCmd                   0x0800439d   Thumb Code    26  stm32f10x_rcc.o(i.RCC_APB2PeriphClockCmd)
    RCC_APB2PeriphResetCmd                   0x080043bd   Thumb Code    26  stm32f10x_rcc.o(i.RCC_APB2PeriphResetCmd)
    RCC_Configuration                        0x080043dd   Thumb Code   116  bsp.o(i.RCC_Configuration)
    RCC_DeInit                               0x08004451   Thumb Code    64  stm32f10x_rcc.o(i.RCC_DeInit)
    RCC_GetClocksFreq                        0x0800449d   Thumb Code   192  stm32f10x_rcc.o(i.RCC_GetClocksFreq)
    RCC_GetFlagStatus                        0x08004571   Thumb Code    56  stm32f10x_rcc.o(i.RCC_GetFlagStatus)
    RCC_GetSYSCLKSource                      0x080045ad   Thumb Code    10  stm32f10x_rcc.o(i.RCC_GetSYSCLKSource)
    RCC_HCLKConfig                           0x080045bd   Thumb Code    18  stm32f10x_rcc.o(i.RCC_HCLKConfig)
    RCC_HSEConfig                            0x080045d5   Thumb Code    70  stm32f10x_rcc.o(i.RCC_HSEConfig)
    RCC_LSICmd                               0x08004621   Thumb Code     6  stm32f10x_rcc.o(i.RCC_LSICmd)
    RCC_PCLK1Config                          0x0800462d   Thumb Code    18  stm32f10x_rcc.o(i.RCC_PCLK1Config)
    RCC_PCLK2Config                          0x08004645   Thumb Code    20  stm32f10x_rcc.o(i.RCC_PCLK2Config)
    RCC_PLLCmd                               0x0800465d   Thumb Code     6  stm32f10x_rcc.o(i.RCC_PLLCmd)
    RCC_PLLConfig                            0x08004669   Thumb Code    24  stm32f10x_rcc.o(i.RCC_PLLConfig)
    RCC_SYSCLKConfig                         0x08004685   Thumb Code    18  stm32f10x_rcc.o(i.RCC_SYSCLKConfig)
    RCC_WaitForHSEStartUp                    0x0800469d   Thumb Code    56  stm32f10x_rcc.o(i.RCC_WaitForHSEStartUp)
    RedLedOff                                0x080046d5   Thumb Code    52  bsp_leds.o(i.RedLedOff)
    RedLedToggle                             0x08004711   Thumb Code    56  bsp_leds.o(i.RedLedToggle)
    RestartMCU                               0x08004751   Thumb Code    68  bsp.o(i.RestartMCU)
    SPI_WriteData                            0x080047a5   Thumb Code    54  lcd_driver.o(i.SPI_WriteData)
    SVC_Handler                              0x080047e1   Thumb Code     2  stm32f10x_it.o(i.SVC_Handler)
    SYS_TickDelayConfig                      0x080047e3   Thumb Code   120  sys_tick_delay.o(i.SYS_TickDelayConfig)
    SetAlignmentPattern                      0x0800485d   Thumb Code    86  qrcodeapp.o(i.SetAlignmentPattern)
    SetBitStream                             0x080048bd   Thumb Code   112  qrcodeapp.o(i.SetBitStream)
    SetCodeWordPattern                       0x08004931   Thumb Code   144  qrcodeapp.o(i.SetCodeWordPattern)
    SetFinderPattern                         0x080049d1   Thumb Code    64  qrcodeapp.o(i.SetFinderPattern)
    SetFormatInfoPattern                     0x08004a19   Thumb Code   298  qrcodeapp.o(i.SetFormatInfoPattern)
    SetFunctionModule                        0x08004b55   Thumb Code   444  qrcodeapp.o(i.SetFunctionModule)
    SetMaskingPattern                        0x08004d25   Thumb Code   406  qrcodeapp.o(i.SetMaskingPattern)
    SetVersionPattern                        0x08004fad   Thumb Code   140  qrcodeapp.o(i.SetVersionPattern)
    SysTickDelay_ms                          0x08005045   Thumb Code    34  sys_tick_delay.o(i.SysTickDelay_ms)
    SysTick_CLKSourceConfig                  0x08005067   Thumb Code    40  misc.o(i.SysTick_CLKSourceConfig)
    SysTick_Handler                          0x0800508f   Thumb Code     2  stm32f10x_it.o(i.SysTick_Handler)
    Sys_delay_init                           0x08005091   Thumb Code    50  sys_tick_delay.o(i.Sys_delay_init)
    Sys_delay_ms                             0x080050d5   Thumb Code    72  sys_tick_delay.o(i.Sys_delay_ms)
    SystemInit                               0x08005121   Thumb Code    78  system_stm32f10x.o(i.SystemInit)
    TIM2_IRQHandler                          0x08005181   Thumb Code    30  sys_tick_delay.o(i.TIM2_IRQHandler)
    TIM3_IRQHandler                          0x080051a5   Thumb Code   260  buttons.o(i.TIM3_IRQHandler)
    TIM4_IRQHandler                          0x080052cd   Thumb Code    88  sys_adc.o(i.TIM4_IRQHandler)
    TIM_ClearITPendingBit                    0x08005335   Thumb Code     6  stm32f10x_tim.o(i.TIM_ClearITPendingBit)
    TIM_Cmd                                  0x0800533b   Thumb Code    24  stm32f10x_tim.o(i.TIM_Cmd)
    TIM_DeInit                               0x08005355   Thumb Code   424  stm32f10x_tim.o(i.TIM_DeInit)
    TIM_GetITStatus                          0x0800553d   Thumb Code    34  stm32f10x_tim.o(i.TIM_GetITStatus)
    TIM_ITConfig                             0x0800555f   Thumb Code    18  stm32f10x_tim.o(i.TIM_ITConfig)
    TIM_InternalClockConfig                  0x08005571   Thumb Code    12  stm32f10x_tim.o(i.TIM_InternalClockConfig)
    TIM_TimeBaseInit                         0x0800557d   Thumb Code   122  stm32f10x_tim.o(i.TIM_TimeBaseInit)
    TimerButtonsConfig                       0x08005621   Thumb Code   110  buttons.o(i.TimerButtonsConfig)
    TimerTGSConfig                           0x08005695   Thumb Code   110  sys_adc.o(i.TimerTGSConfig)
    USART1_IRQHandler                        0x08005709   Thumb Code   102  bsp_serial.o(i.USART1_IRQHandler)
    USART3_IRQHandler                        0x0800577d   Thumb Code   126  wifi_esp.o(i.USART3_IRQHandler)
    USART_ClearFlag                          0x08005809   Thumb Code    18  stm32f10x_usart.o(i.USART_ClearFlag)
    USART_ClearITPendingBit                  0x0800581b   Thumb Code    30  stm32f10x_usart.o(i.USART_ClearITPendingBit)
    USART_Cmd                                0x08005839   Thumb Code    24  stm32f10x_usart.o(i.USART_Cmd)
    USART_DMACmd                             0x08005851   Thumb Code    18  stm32f10x_usart.o(i.USART_DMACmd)
    USART_GetFlagStatus                      0x08005863   Thumb Code    26  stm32f10x_usart.o(i.USART_GetFlagStatus)
    USART_GetITStatus                        0x0800587d   Thumb Code    84  stm32f10x_usart.o(i.USART_GetITStatus)
    USART_ITConfig                           0x080058d1   Thumb Code    74  stm32f10x_usart.o(i.USART_ITConfig)
    USART_Init                               0x0800591d   Thumb Code   210  stm32f10x_usart.o(i.USART_Init)
    USART_ReceiveData                        0x080059f5   Thumb Code    10  stm32f10x_usart.o(i.USART_ReceiveData)
    USART_SendData                           0x080059ff   Thumb Code     8  stm32f10x_usart.o(i.USART_SendData)
    UsageFault_Handler                       0x08005a07   Thumb Code     4  stm32f10x_it.o(i.UsageFault_Handler)
    UsbOutConfig                             0x08005a0d   Thumb Code    70  usb_contrl.o(i.UsbOutConfig)
    UsbOutContrl                             0x08005a59   Thumb Code    30  usb_contrl.o(i.UsbOutContrl)
    WIFI_IOConfig                            0x08005a7d   Thumb Code    80  wifi_esp.o(i.WIFI_IOConfig)
    WIFI_UART                                0x08005ad9   Thumb Code   192  wifi_esp.o(i.WIFI_UART)
    Wifi_Init                                0x08005ba1   Thumb Code    68  wifi_esp.o(i.Wifi_Init)
    __ARM_fpclassify                         0x08005c05   Thumb Code    40  fpclassify.o(i.__ARM_fpclassify)
    _is_digit                                0x08005c2d   Thumb Code    14  __printf_wp.o(i._is_digit)
    bsp_adc_config                           0x08005c3b   Thumb Code    22  sys_adc.o(i.bsp_adc_config)
    calc_sth11                               0x08005c51   Thumb Code   206  sht1x.o(i.calc_sth11)
    esp8266_check_cmd                        0x08005d55   Thumb Code    66  wifi_esp.o(i.esp8266_check_cmd)
    esp8266_hard_reset                       0x08005d99   Thumb Code    28  wifi_esp.o(i.esp8266_hard_reset)
    filter                                   0x08005db9   Thumb Code   240  sys_adc.o(i.filter)
    key_down_read                            0x08005f6d   Thumb Code    90  buttons.o(i.key_down_read)
    key_left_read                            0x0800605d   Thumb Code    90  buttons.o(i.key_left_read)
    key_right_read                           0x0800614d   Thumb Code    90  buttons.o(i.key_right_read)
    key_up_read                              0x0800623d   Thumb Code    90  buttons.o(i.key_up_read)
    main                                     0x080062a1   Thumb Code   216  main.o(i.main)
    s_connectionreset                        0x0800639d   Thumb Code   168  sht1x.o(i.s_connectionreset)
    s_measure                                0x0800644d   Thumb Code   150  sht1x.o(i.s_measure)
    s_read_byte                              0x080064ed   Thumb Code   162  sht1x.o(i.s_read_byte)
    s_transstart                             0x08006599   Thumb Code   106  sht1x.o(i.s_transstart)
    s_write_byte                             0x0800660d   Thumb Code   156  sht1x.o(i.s_write_byte)
    sht_io_config                            0x080066c9   Thumb Code    96  sht1x.o(i.sht_io_config)
    smart_connect                            0x08006731   Thumb Code   294  wifi_esp_config.o(i.smart_connect)
    sys_adc_dma_config                       0x080068b5   Thumb Code   134  sys_adc.o(i.sys_adc_dma_config)
    sys_adc_init                             0x08006949   Thumb Code   216  sys_adc.o(i.sys_adc_init)
    wifi_fsm                                 0x08006a2d   Thumb Code   320  wifi_esp_config.o(i.wifi_fsm)
    wifi_get_ap                              0x08006b7d   Thumb Code   120  wifi_esp_config.o(i.wifi_get_ap)
    wifi_get_ap_mac                          0x08006c2d   Thumb Code    68  wifi_esp_config.o(i.wifi_get_ap_mac)
    wifi_get_gmr                             0x08006c91   Thumb Code    28  wifi_esp_config.o(i.wifi_get_gmr)
    wifi_get_tcp_status                      0x08006cbd   Thumb Code   118  wifi_esp_config.o(i.wifi_get_tcp_status)
    wifi_tcp_config                          0x08006d51   Thumb Code   110  wifi_esp_config.o(i.wifi_tcp_config)
    wifi_tcp_rec_pro                         0x08006e11   Thumb Code   202  wifi_esp_config.o(i.wifi_tcp_rec_pro)
    wifi_tcp_send                            0x08006edd   Thumb Code   114  wifi_esp_config.o(i.wifi_tcp_send)
    _get_lc_numeric                          0x08006f85   Thumb Code    44  lc_numeric_c.o(locale$$code)
    _get_lc_ctype                            0x08006fb1   Thumb Code    44  lc_ctype_c.o(locale$$code)
    __aeabi_d2f                              0x08006fdd   Thumb Code     0  d2f.o(x$fpl$d2f)
    _d2f                                     0x08006fdd   Thumb Code    98  d2f.o(x$fpl$d2f)
    __aeabi_dadd                             0x08007041   Thumb Code     0  daddsub_clz.o(x$fpl$dadd)
    _dadd                                    0x08007041   Thumb Code   332  daddsub_clz.o(x$fpl$dadd)
    __fpl_dcmp_Inf                           0x08007191   Thumb Code    24  dcmpi.o(x$fpl$dcmpinf)
    __aeabi_ddiv                             0x080071a9   Thumb Code     0  ddiv.o(x$fpl$ddiv)
    _ddiv                                    0x080071a9   Thumb Code   552  ddiv.o(x$fpl$ddiv)
    __aeabi_d2uiz                            0x08007459   Thumb Code     0  dfixu.o(x$fpl$dfixu)
    _dfixu                                   0x08007459   Thumb Code    90  dfixu.o(x$fpl$dfixu)
    __aeabi_i2d                              0x080074b3   Thumb Code     0  dflt_clz.o(x$fpl$dflt)
    _dflt                                    0x080074b3   Thumb Code    46  dflt_clz.o(x$fpl$dflt)
    __aeabi_ui2d                             0x080074e1   Thumb Code     0  dflt_clz.o(x$fpl$dfltu)
    _dfltu                                   0x080074e1   Thumb Code    38  dflt_clz.o(x$fpl$dfltu)
    __aeabi_cdcmple                          0x08007509   Thumb Code     0  dleqf.o(x$fpl$dleqf)
    _dcmple                                  0x08007509   Thumb Code   120  dleqf.o(x$fpl$dleqf)
    __fpl_dcmple_InfNaN                      0x0800756b   Thumb Code     0  dleqf.o(x$fpl$dleqf)
    __aeabi_dmul                             0x08007581   Thumb Code     0  dmul.o(x$fpl$dmul)
    _dmul                                    0x08007581   Thumb Code   332  dmul.o(x$fpl$dmul)
    __fpl_dnaninf                            0x080076d5   Thumb Code   156  dnaninf.o(x$fpl$dnaninf)
    __fpl_dretinf                            0x08007771   Thumb Code    12  dretinf.o(x$fpl$dretinf)
    __aeabi_dsub                             0x0800777d   Thumb Code     0  daddsub_clz.o(x$fpl$dsub)
    _dsub                                    0x0800777d   Thumb Code   464  daddsub_clz.o(x$fpl$dsub)
    __aeabi_f2d                              0x08007951   Thumb Code     0  f2d.o(x$fpl$f2d)
    _f2d                                     0x08007951   Thumb Code    86  f2d.o(x$fpl$f2d)
    __aeabi_fadd                             0x080079a9   Thumb Code     0  faddsub_clz.o(x$fpl$fadd)
    _fadd                                    0x080079a9   Thumb Code   196  faddsub_clz.o(x$fpl$fadd)
    __fpl_fcmp_Inf                           0x08007a6d   Thumb Code    24  fcmpi.o(x$fpl$fcmpinf)
    __aeabi_f2iz                             0x08007a85   Thumb Code     0  ffix.o(x$fpl$ffix)
    _ffix                                    0x08007a85   Thumb Code    54  ffix.o(x$fpl$ffix)
    __aeabi_f2uiz                            0x08007abd   Thumb Code     0  ffixu.o(x$fpl$ffixu)
    _ffixu                                   0x08007abd   Thumb Code    62  ffixu.o(x$fpl$ffixu)
    __aeabi_ui2f                             0x08007afd   Thumb Code     0  fflt_clz.o(x$fpl$ffltu)
    _ffltu                                   0x08007afd   Thumb Code    38  fflt_clz.o(x$fpl$ffltu)
    __aeabi_cfcmple                          0x08007b25   Thumb Code     0  fleqf.o(x$fpl$fleqf)
    _fcmple                                  0x08007b25   Thumb Code   104  fleqf.o(x$fpl$fleqf)
    __fpl_fcmple_InfNaN                      0x08007b77   Thumb Code     0  fleqf.o(x$fpl$fleqf)
    __aeabi_fmul                             0x08007b8d   Thumb Code     0  fmul.o(x$fpl$fmul)
    _fmul                                    0x08007b8d   Thumb Code   258  fmul.o(x$fpl$fmul)
    __fpl_fnaninf                            0x08007c8f   Thumb Code   140  fnaninf.o(x$fpl$fnaninf)
    __fpl_fretinf                            0x08007d1b   Thumb Code    10  fretinf.o(x$fpl$fretinf)
    __aeabi_cfrcmple                         0x08007d25   Thumb Code     0  frleqf.o(x$fpl$frleqf)
    _frcmple                                 0x08007d25   Thumb Code    98  frleqf.o(x$fpl$frleqf)
    __aeabi_fsub                             0x08007d89   Thumb Code     0  faddsub_clz.o(x$fpl$fsub)
    _fsub                                    0x08007d89   Thumb Code   234  faddsub_clz.o(x$fpl$fsub)
    _printf_fp_dec                           0x08007e73   Thumb Code     4  printf1.o(x$fpl$printf1)
    QR_VersonInfo                            0x08007e76   Data        3034  qrcodeapp.o(.constdata)
    __I$use$fp                               0x08007e76   Number         0  usenofp.o(x$fpl$usenofp)
    byExpToInt                               0x08008a50   Data         256  qrcodeapp.o(.constdata)
    byIntToExp                               0x08008b50   Data         256  qrcodeapp.o(.constdata)
    byRSExp7                                 0x08008c50   Data           7  qrcodeapp.o(.constdata)
    byRSExp10                                0x08008c57   Data          10  qrcodeapp.o(.constdata)
    byRSExp13                                0x08008c61   Data          13  qrcodeapp.o(.constdata)
    byRSExp15                                0x08008c6e   Data          15  qrcodeapp.o(.constdata)
    byRSExp16                                0x08008c7d   Data          16  qrcodeapp.o(.constdata)
    byRSExp17                                0x08008c8d   Data          17  qrcodeapp.o(.constdata)
    byRSExp18                                0x08008c9e   Data          18  qrcodeapp.o(.constdata)
    byRSExp20                                0x08008cb0   Data          20  qrcodeapp.o(.constdata)
    byRSExp22                                0x08008cc4   Data          22  qrcodeapp.o(.constdata)
    byRSExp24                                0x08008cda   Data          24  qrcodeapp.o(.constdata)
    byRSExp26                                0x08008cf2   Data          26  qrcodeapp.o(.constdata)
    byRSExp28                                0x08008d0c   Data          28  qrcodeapp.o(.constdata)
    byRSExp30                                0x08008d28   Data          30  qrcodeapp.o(.constdata)
    byRSExp32                                0x08008d46   Data          32  qrcodeapp.o(.constdata)
    byRSExp34                                0x08008d66   Data          34  qrcodeapp.o(.constdata)
    byRSExp36                                0x08008d88   Data          36  qrcodeapp.o(.constdata)
    byRSExp38                                0x08008dac   Data          38  qrcodeapp.o(.constdata)
    byRSExp40                                0x08008dd2   Data          40  qrcodeapp.o(.constdata)
    byRSExp42                                0x08008dfa   Data          42  qrcodeapp.o(.constdata)
    byRSExp44                                0x08008e24   Data          44  qrcodeapp.o(.constdata)
    byRSExp46                                0x08008e50   Data          46  qrcodeapp.o(.constdata)
    byRSExp48                                0x08008e7e   Data          48  qrcodeapp.o(.constdata)
    byRSExp50                                0x08008eae   Data          50  qrcodeapp.o(.constdata)
    byRSExp52                                0x08008ee0   Data          52  qrcodeapp.o(.constdata)
    byRSExp54                                0x08008f14   Data          54  qrcodeapp.o(.constdata)
    byRSExp56                                0x08008f4a   Data          56  qrcodeapp.o(.constdata)
    byRSExp58                                0x08008f82   Data          58  qrcodeapp.o(.constdata)
    byRSExp60                                0x08008fbc   Data          60  qrcodeapp.o(.constdata)
    byRSExp62                                0x08008ff8   Data          62  qrcodeapp.o(.constdata)
    byRSExp64                                0x08009036   Data          64  qrcodeapp.o(.constdata)
    byRSExp66                                0x08009076   Data          66  qrcodeapp.o(.constdata)
    byRSExp68                                0x080090b8   Data          68  qrcodeapp.o(.constdata)
    nIndicatorLenNumeral                     0x080090fc   Data           3  qrcodeapp.o(.constdata)
    nIndicatorLenAlphabet                    0x080090ff   Data           3  qrcodeapp.o(.constdata)
    nIndicatorLen8Bit                        0x08009102   Data           3  qrcodeapp.o(.constdata)
    nIndicatorLenKanji                       0x08009105   Data           3  qrcodeapp.o(.constdata)
    asc16                                    0x08009108   Data        1521  gui.o(.constdata)
    sz32                                     0x080096f9   Data        1921  gui.o(.constdata)
    hz16                                     0x08009e7a   Data        1768  gui.o(.constdata)
    hz24                                     0x0800a562   Data        1406  gui.o(.constdata)
    auchCRCHigh                              0x0800aae0   Data         256  encryption.o(.constdata)
    auchCRCLow                               0x0800abe0   Data         256  encryption.o(.constdata)
    Region$$Table$$Base                      0x0800ad74   Number         0  anon$$obj.o(Region$$Table)
    Region$$Table$$Limit                     0x0800ad94   Number         0  anon$$obj.o(Region$$Table)
    __ctype                                  0x0800adbd   Data           0  lc_ctype_c.o(locale$$data)
    Humi                                     0x20000000   Data           2  main.o(.data)
    Temp                                     0x20000002   Data           2  main.o(.data)
    lcd_page                                 0x20000004   Data           1  main.o(.data)
    gtButtonUp                               0x20000006   Data           2  buttons.o(.data)
    gtButtonDown                             0x20000008   Data           2  buttons.o(.data)
    gtButtonLeft                             0x2000000a   Data           2  buttons.o(.data)
    gtButtonRight                            0x2000000c   Data           2  buttons.o(.data)
    gButtonIOdat                             0x2000000e   Data           1  buttons.o(.data)
    SysTicksVal32Bit                         0x20000024   Data           4  sys_tick_delay.o(.data)
    byRSExp                                  0x20000030   Data         276  qrcodeapp.o(.data)
    m_nSymbleSize                            0x20000144   Data           4  qrcodeapp.o(.data)
    m_ncDataCodeWordBit                      0x20000148   Data           4  qrcodeapp.o(.data)
    m_ncDataBlock                            0x2000014c   Data           4  qrcodeapp.o(.data)
    m_ncAllCodeWord                          0x20000150   Data           4  qrcodeapp.o(.data)
    m_nLevel                                 0x20000154   Data           4  qrcodeapp.o(.data)
    m_nVersion                               0x20000158   Data           4  qrcodeapp.o(.data)
    m_bAutoExtent                            0x2000015c   Data           1  qrcodeapp.o(.data)
    m_nMaskingNo                             0x20000160   Data           4  qrcodeapp.o(.data)
    adc_filter                               0x20000170   Data           6  sys_adc.o(.data)
    gI_UsbOut                                0x20000176   Data           2  sys_adc.o(.data)
    gV_Battery                               0x20000178   Data           2  sys_adc.o(.data)
    gGas                                     0x2000017a   Data           2  sys_adc.o(.data)
    tgs_flag                                 0x2000017c   Data           1  sys_adc.o(.data)
    test_tgs                                 0x2000017e   Data           2  sys_adc.o(.data)
    CurrDataCounterEnd                       0x20000180   Data           2  sys_adc.o(.data)
    gDeviceStaDataUp                         0x20000184   Data           8  wifi_esp_config.o(.data)
    SystemCoreClock                          0x20000194   Data           4  system_stm32f10x.o(.data)
    AHBPrescTable                            0x20000198   Data          16  system_stm32f10x.o(.data)
    gMcuID                                   0x200001bc   Data          12  main.o(.bss)
    tBspSer                                  0x200001c8   Data          68  bsp_serial.o(.bss)
    m_byModuleData                           0x2000020c   Data       31329  qrcodeapp.o(.bss)
    m_byDataCodeWord                         0x20007c6d   Data        2956  qrcodeapp.o(.bss)
    m_byBlockMode                            0x200087f9   Data        2956  qrcodeapp.o(.bss)
    m_nBlockLength                           0x20009385   Data        2956  qrcodeapp.o(.bss)
    m_byAllCodeWord                          0x20009f11   Data        3706  qrcodeapp.o(.bss)
    m_byRSWork                               0x2000ad8b   Data         153  qrcodeapp.o(.bss)
    AD_Value                                 0x2000ae24   Data          96  sys_adc.o(.bss)
    g_WifiDev                                0x2000ae84   Data        1064  wifi_esp.o(.bss)
    SSID                                     0x2000b2ac   Data          32  wifi_esp_config.o(.bss)
    ssid_pwd                                 0x2000b2cc   Data          64  wifi_esp_config.o(.bss)
    gWifi_mac                                0x2000b30c   Data          18  wifi_esp_config.o(.bss)
    p_ip                                     0x2000b31e   Data         256  wifi_esp_config.o(.bss)
    __libspace_start                         0x2000b420   Data          96  libspace.o(.bss)
    __temporary_stack_top$libspace           0x2000b480   Data           0  libspace.o(.bss)



==============================================================================

Memory Map of the image

  Image Entry point : 0x08000131

  Load Region LR_IROM1 (Base: 0x08000000, Size: 0x0000b07c, Max: 0x00080000, ABSOLUTE, COMPRESSED[0x0000af50])

    Execution Region ER_IROM1 (Base: 0x08000000, Size: 0x0000aec0, Max: 0x00080000, ABSOLUTE)

    Base Addr    Size         Type   Attr      Idx    E Section Name        Object

    0x08000000   0x00000130   Data   RO         2660    RESET               startup_stm32f10x_hd.o
    0x08000130   0x00000008   Code   RO         5465  * !!!main             c_w.l(__main.o)
    0x08000138   0x00000034   Code   RO         5851    !!!scatter          c_w.l(__scatter.o)
    0x0800016c   0x0000005a   Code   RO         5849    !!dczerorl2         c_w.l(__dczerorl2.o)
    0x080001c6   0x00000002   PAD
    0x080001c8   0x0000001c   Code   RO         5853    !!handler_zi        c_w.l(__scatter_zi.o)
    0x080001e4   0x00000000   Code   RO         5438    .ARM.Collect$$_printf_percent$$00000000  c_w.l(_printf_percent.o)
    0x080001e4   0x00000006   Code   RO         5437    .ARM.Collect$$_printf_percent$$00000003  c_w.l(_printf_f.o)
    0x080001ea   0x00000006   Code   RO         5436    .ARM.Collect$$_printf_percent$$00000009  c_w.l(_printf_d.o)
    0x080001f0   0x00000004   Code   RO         5570    .ARM.Collect$$_printf_percent$$00000017  c_w.l(_printf_percent_end.o)
    0x080001f4   0x00000002   Code   RO         5784    .ARM.Collect$$libinit$$00000000  c_w.l(libinit.o)
    0x080001f6   0x00000000   Code   RO         5578    .ARM.Collect$$libinit$$00000002  c_w.l(libinit2.o)
    0x080001f6   0x00000000   Code   RO         5580    .ARM.Collect$$libinit$$00000004  c_w.l(libinit2.o)
    0x080001f6   0x00000000   Code   RO         5583    .ARM.Collect$$libinit$$0000000A  c_w.l(libinit2.o)
    0x080001f6   0x00000000   Code   RO         5585    .ARM.Collect$$libinit$$0000000C  c_w.l(libinit2.o)
    0x080001f6   0x00000000   Code   RO         5587    .ARM.Collect$$libinit$$0000000E  c_w.l(libinit2.o)
    0x080001f6   0x00000006   Code   RO         5588    .ARM.Collect$$libinit$$0000000F  c_w.l(libinit2.o)
    0x080001fc   0x00000000   Code   RO         5590    .ARM.Collect$$libinit$$00000011  c_w.l(libinit2.o)
    0x080001fc   0x0000000c   Code   RO         5591    .ARM.Collect$$libinit$$00000012  c_w.l(libinit2.o)
    0x08000208   0x00000000   Code   RO         5592    .ARM.Collect$$libinit$$00000013  c_w.l(libinit2.o)
    0x08000208   0x00000000   Code   RO         5594    .ARM.Collect$$libinit$$00000015  c_w.l(libinit2.o)
    0x08000208   0x0000000a   Code   RO         5595    .ARM.Collect$$libinit$$00000016  c_w.l(libinit2.o)
    0x08000212   0x00000000   Code   RO         5596    .ARM.Collect$$libinit$$00000017  c_w.l(libinit2.o)
    0x08000212   0x00000000   Code   RO         5598    .ARM.Collect$$libinit$$00000019  c_w.l(libinit2.o)
    0x08000212   0x00000000   Code   RO         5600    .ARM.Collect$$libinit$$0000001B  c_w.l(libinit2.o)
    0x08000212   0x00000000   Code   RO         5602    .ARM.Collect$$libinit$$0000001D  c_w.l(libinit2.o)
    0x08000212   0x00000000   Code   RO         5604    .ARM.Collect$$libinit$$0000001F  c_w.l(libinit2.o)
    0x08000212   0x00000000   Code   RO         5606    .ARM.Collect$$libinit$$00000021  c_w.l(libinit2.o)
    0x08000212   0x00000000   Code   RO         5608    .ARM.Collect$$libinit$$00000023  c_w.l(libinit2.o)
    0x08000212   0x00000000   Code   RO         5610    .ARM.Collect$$libinit$$00000025  c_w.l(libinit2.o)
    0x08000212   0x00000000   Code   RO         5614    .ARM.Collect$$libinit$$0000002C  c_w.l(libinit2.o)
    0x08000212   0x00000000   Code   RO         5616    .ARM.Collect$$libinit$$0000002E  c_w.l(libinit2.o)
    0x08000212   0x00000000   Code   RO         5618    .ARM.Collect$$libinit$$00000030  c_w.l(libinit2.o)
    0x08000212   0x00000000   Code   RO         5620    .ARM.Collect$$libinit$$00000032  c_w.l(libinit2.o)
    0x08000212   0x00000002   Code   RO         5621    .ARM.Collect$$libinit$$00000033  c_w.l(libinit2.o)
    0x08000214   0x00000002   Code   RO         5846    .ARM.Collect$$libshutdown$$00000000  c_w.l(libshutdown.o)
    0x08000216   0x00000000   Code   RO         5800    .ARM.Collect$$libshutdown$$00000002  c_w.l(libshutdown2.o)
    0x08000216   0x00000000   Code   RO         5802    .ARM.Collect$$libshutdown$$00000004  c_w.l(libshutdown2.o)
    0x08000216   0x00000000   Code   RO         5805    .ARM.Collect$$libshutdown$$00000007  c_w.l(libshutdown2.o)
    0x08000216   0x00000000   Code   RO         5808    .ARM.Collect$$libshutdown$$0000000A  c_w.l(libshutdown2.o)
    0x08000216   0x00000000   Code   RO         5810    .ARM.Collect$$libshutdown$$0000000C  c_w.l(libshutdown2.o)
    0x08000216   0x00000000   Code   RO         5813    .ARM.Collect$$libshutdown$$0000000F  c_w.l(libshutdown2.o)
    0x08000216   0x00000002   Code   RO         5814    .ARM.Collect$$libshutdown$$00000010  c_w.l(libshutdown2.o)
    0x08000218   0x00000000   Code   RO         5534    .ARM.Collect$$rtentry$$00000000  c_w.l(__rtentry.o)
    0x08000218   0x00000000   Code   RO         5664    .ARM.Collect$$rtentry$$00000002  c_w.l(__rtentry2.o)
    0x08000218   0x00000006   Code   RO         5676    .ARM.Collect$$rtentry$$00000004  c_w.l(__rtentry4.o)
    0x0800021e   0x00000000   Code   RO         5666    .ARM.Collect$$rtentry$$00000009  c_w.l(__rtentry2.o)
    0x0800021e   0x00000004   Code   RO         5667    .ARM.Collect$$rtentry$$0000000A  c_w.l(__rtentry2.o)
    0x08000222   0x00000000   Code   RO         5669    .ARM.Collect$$rtentry$$0000000C  c_w.l(__rtentry2.o)
    0x08000222   0x00000008   Code   RO         5670    .ARM.Collect$$rtentry$$0000000D  c_w.l(__rtentry2.o)
    0x0800022a   0x00000002   Code   RO         5789    .ARM.Collect$$rtexit$$00000000  c_w.l(rtexit.o)
    0x0800022c   0x00000000   Code   RO         5820    .ARM.Collect$$rtexit$$00000002  c_w.l(rtexit2.o)
    0x0800022c   0x00000004   Code   RO         5821    .ARM.Collect$$rtexit$$00000003  c_w.l(rtexit2.o)
    0x08000230   0x00000006   Code   RO         5822    .ARM.Collect$$rtexit$$00000004  c_w.l(rtexit2.o)
    0x08000236   0x00000002   PAD
    0x08000238   0x00000040   Code   RO         2661    .text               startup_stm32f10x_hd.o
    0x08000278   0x00000008   Code   RO         5336    .text               c_w.l(rt_errno_addr_intlibspace.o)
    0x08000280   0x00000028   Code   RO         5410    .text               c_w.l(noretval__2sprintf.o)
    0x080002a8   0x00000078   Code   RO         5414    .text               c_w.l(_printf_dec.o)
    0x08000320   0x0000010e   Code   RO         5424    .text               c_w.l(__printf_wp.o)
    0x0800042e   0x0000001a   Code   RO         5439    .text               c_w.l(atoi.o)
    0x08000448   0x00000024   Code   RO         5441    .text               c_w.l(strstr.o)
    0x0800046c   0x0000003e   Code   RO         5445    .text               c_w.l(strlen.o)
    0x080004aa   0x00000018   Code   RO         5447    .text               c_w.l(strcat.o)
    0x080004c2   0x0000008a   Code   RO         5449    .text               c_w.l(rt_memcpy_v6.o)
    0x0800054c   0x00000084   Code   RO         5451    .text               c_w.l(rt_memmove_v6.o)
    0x080005d0   0x00000064   Code   RO         5455    .text               c_w.l(rt_memcpy_w.o)
    0x08000634   0x00000010   Code   RO         5457    .text               c_w.l(aeabi_memset.o)
    0x08000644   0x00000044   Code   RO         5459    .text               c_w.l(rt_memclr.o)
    0x08000688   0x0000004e   Code   RO         5461    .text               c_w.l(rt_memclr_w.o)
    0x080006d6   0x00000006   Code   RO         5463    .text               c_w.l(heapauxi.o)
    0x080006dc   0x00000008   Code   RO         5529    .text               c_w.l(libspace.o)
    0x080006e4   0x000000b2   Code   RO         5562    .text               c_w.l(_printf_intcommon.o)
    0x08000796   0x0000041a   Code   RO         5564    .text               c_w.l(_printf_fp_dec.o)
    0x08000bb0   0x00000030   Code   RO         5566    .text               c_w.l(_printf_char_common.o)
    0x08000be0   0x0000000a   Code   RO         5568    .text               c_w.l(_sputc.o)
    0x08000bea   0x00000070   Code   RO         5571    .text               c_w.l(strtol.o)
    0x08000c5a   0x0000007a   Code   RO         5573    .text               c_w.l(rt_memmove_w.o)
    0x08000cd4   0x00000010   Code   RO         5678    .text               c_w.l(rt_ctype_table.o)
    0x08000ce4   0x00000008   Code   RO         5683    .text               c_w.l(rt_locale_intlibspace.o)
    0x08000cec   0x0000008a   Code   RO         5693    .text               c_w.l(lludiv10.o)
    0x08000d76   0x00000002   PAD
    0x08000d78   0x00000080   Code   RO         5695    .text               c_w.l(_printf_fp_infnan.o)
    0x08000df8   0x0000009e   Code   RO         5699    .text               c_w.l(_strtoul.o)
    0x08000e96   0x00000002   PAD
    0x08000e98   0x000000dc   Code   RO         5701    .text               c_w.l(bigflt0.o)
    0x08000f74   0x00000002   Code   RO         5753    .text               c_w.l(use_no_semi.o)
    0x08000f76   0x00000000   Code   RO         5755    .text               c_w.l(indicate_semi.o)
    0x08000f76   0x0000004a   Code   RO         5756    .text               c_w.l(sys_stackheap_outer.o)
    0x08000fc0   0x0000001c   Code   RO         5762    .text               c_w.l(_chval.o)
    0x08000fdc   0x00000012   Code   RO         5767    .text               c_w.l(exit.o)
    0x08000fee   0x00000002   PAD
    0x08000ff0   0x00000080   Code   RO         5773    .text               c_w.l(strcmpv7m.o)
    0x08001070   0x0000000c   Code   RO         5787    .text               c_w.l(sys_exit.o)
    0x0800107c   0x0000003e   Code   RO         5704    CL$$btod_d2e        c_w.l(btod.o)
    0x080010ba   0x00000046   Code   RO         5706    CL$$btod_d2e_denorm_low  c_w.l(btod.o)
    0x08001100   0x00000060   Code   RO         5705    CL$$btod_d2e_norm_op1  c_w.l(btod.o)
    0x08001160   0x00000338   Code   RO         5714    CL$$btod_div_common  c_w.l(btod.o)
    0x08001498   0x000000c6   Code   RO         5711    CL$$btod_e2e        c_w.l(btod.o)
    0x0800155e   0x00000028   Code   RO         5708    CL$$btod_ediv       c_w.l(btod.o)
    0x08001586   0x00000028   Code   RO         5707    CL$$btod_emul       c_w.l(btod.o)
    0x080015ae   0x00000244   Code   RO         5713    CL$$btod_mult_common  c_w.l(btod.o)
    0x080017f2   0x00000016   Code   RO         2768    i.ADC_Cmd           stm32f10x_adc.o
    0x08001808   0x00000016   Code   RO         2769    i.ADC_DMACmd        stm32f10x_adc.o
    0x0800181e   0x00000002   PAD
    0x08001820   0x0000005c   Code   RO         2770    i.ADC_DeInit        stm32f10x_adc.o
    0x0800187c   0x00000014   Code   RO         2776    i.ADC_GetCalibrationStatus  stm32f10x_adc.o
    0x08001890   0x00000014   Code   RO         2782    i.ADC_GetResetCalibrationStatus  stm32f10x_adc.o
    0x080018a4   0x00000050   Code   RO         2786    i.ADC_Init          stm32f10x_adc.o
    0x080018f4   0x000000b8   Code   RO         2790    i.ADC_RegularChannelConfig  stm32f10x_adc.o
    0x080019ac   0x0000000a   Code   RO         2791    i.ADC_ResetCalibration  stm32f10x_adc.o
    0x080019b6   0x00000016   Code   RO         2793    i.ADC_SoftwareStartConvCmd  stm32f10x_adc.o
    0x080019cc   0x0000000a   Code   RO         2795    i.ADC_StartCalibration  stm32f10x_adc.o
    0x080019d6   0x00000002   PAD
    0x080019d8   0x00000044   Code   RO          482    i.AllLedsRun        bsp_leds.o
    0x08001a1c   0x00000066   Code   RO          740    i.AlphabetToBinaly  qrcodeapp.o
    0x08001a82   0x00000002   PAD
    0x08001a84   0x00000074   Code   RO          483    i.BspLed_IOConfig   bsp_leds.o
    0x08001af8   0x00000004   Code   RO           20    i.BusFault_Handler  stm32f10x_it.o
    0x08001afc   0x00000034   Code   RO          365    i.ButtonsConfig     buttons.o
    0x08001b30   0x00000024   Code   RO          366    i.Buttons_IOConfig  buttons.o
    0x08001b54   0x00000048   Code   RO         2634    i.CRC16             encryption.o
    0x08001b9c   0x0000007c   Code   RO         2404    i.ConfigGPSDMARec   wifi_esp.o
    0x08001c18   0x00000544   Code   RO          742    i.CountPenalty      qrcodeapp.o
    0x0800215c   0x000000ac   Code   RO         2532    i.CycleBufPro       wifi_esp_config.o
    0x08002208   0x00000100   Code   RO          175    i.DISPLAY_RENCODE_TO_TFT  main.o
    0x08002308   0x000000a8   Code   RO          176    i.DISPLAY_Temp      main.o
    0x080023b0   0x00000040   Code   RO         1932    i.DMA1_Channel1_IRQHandler  sys_adc.o
    0x080023f0   0x0000001c   Code   RO         3243    i.DMA_ClearITPendingBit  stm32f10x_dma.o
    0x0800240c   0x00000018   Code   RO         3244    i.DMA_Cmd           stm32f10x_dma.o
    0x08002424   0x0000014c   Code   RO         3245    i.DMA_DeInit        stm32f10x_dma.o
    0x08002570   0x00000008   Code   RO         3246    i.DMA_GetCurrDataCounter  stm32f10x_dma.o
    0x08002578   0x0000002c   Code   RO         3248    i.DMA_GetITStatus   stm32f10x_dma.o
    0x080025a4   0x00000012   Code   RO         3249    i.DMA_ITConfig      stm32f10x_dma.o
    0x080025b6   0x0000003c   Code   RO         3250    i.DMA_Init          stm32f10x_dma.o
    0x080025f2   0x00000004   Code   RO         3251    i.DMA_SetCurrDataCounter  stm32f10x_dma.o
    0x080025f6   0x00000002   PAD
    0x080025f8   0x000000f8   Code   RO          654    i.DealMsg           msg.o
    0x080026f0   0x00000002   Code   RO           21    i.DebugMon_Handler  stm32f10x_it.o
    0x080026f2   0x00000002   PAD
    0x080026f4   0x00000054   Code   RO         2405    i.ESP8266_Close     wifi_esp.o
    0x08002748   0x00000094   Code   RO         2406    i.ESP8266_Cmd       wifi_esp.o
    0x080027dc   0x00000008   Code   RO         2408    i.ESP8266_GetStatus  wifi_esp.o
    0x080027e4   0x00000034   Code   RO         2409    i.ESP8266_Init      wifi_esp.o
    0x08002818   0x00000074   Code   RO         2410    i.ESP8266_Open      wifi_esp.o
    0x0800288c   0x00000006   Code   RO         2411    i.ESP8266_Read      wifi_esp.o
    0x08002892   0x00000002   PAD
    0x08002894   0x00000074   Code   RO         2412    i.ESP8266_Reset     wifi_esp.o
    0x08002908   0x00000048   Code   RO         2413    i.ESP8266_Write     wifi_esp.o
    0x08002950   0x00000002   Code   RO          367    i.EXTI15_10_IRQHandler  buttons.o
    0x08002952   0x00000002   Code   RO          368    i.EXTI1_IRQHandler  buttons.o
    0x08002954   0x00000344   Code   RO          743    i.EncodeData        qrcodeapp.o
    0x08002c98   0x000007bc   Code   RO          744    i.EncodeSourceData  qrcodeapp.o
    0x08003454   0x000000bc   Code   RO          745    i.FormatModule      qrcodeapp.o
    0x08003510   0x00000116   Code   RO         3584    i.GPIO_Init         stm32f10x_gpio.o
    0x08003626   0x00000002   PAD
    0x08003628   0x00000090   Code   RO         3586    i.GPIO_PinRemapConfig  stm32f10x_gpio.o
    0x080036b8   0x00000008   Code   RO         3587    i.GPIO_ReadInputData  stm32f10x_gpio.o
    0x080036c0   0x00000012   Code   RO         3588    i.GPIO_ReadInputDataBit  stm32f10x_gpio.o
    0x080036d2   0x00000004   Code   RO         3591    i.GPIO_ResetBits    stm32f10x_gpio.o
    0x080036d6   0x00000004   Code   RO         3592    i.GPIO_SetBits      stm32f10x_gpio.o
    0x080036da   0x00000002   PAD
    0x080036dc   0x000000a4   Code   RO          746    i.GetBitLength      qrcodeapp.o
    0x08003780   0x00000100   Code   RO          747    i.GetEncodeVersion  qrcodeapp.o
    0x08003880   0x00000088   Code   RO          748    i.GetRSCodeWord     qrcodeapp.o
    0x08003908   0x0000001c   Code   RO          274    i.GetSTM32ID        bsp.o
    0x08003924   0x00000008   Code   RO         2414    i.GetWifiDev        wifi_esp.o
    0x0800392c   0x00000080   Code   RO         1996    i.Get_SHT11         sht1x.o
    0x080039ac   0x00000020   Code   RO          484    i.GpioConfig        bsp_leds.o
    0x080039cc   0x0000003c   Code   RO          485    i.GreenLedOff       bsp_leds.o
    0x08003a08   0x0000003c   Code   RO          486    i.GreenLedOn        bsp_leds.o
    0x08003a44   0x00000044   Code   RO          487    i.GreenLedToggle    bsp_leds.o
    0x08003a88   0x00000194   Code   RO         2108    i.Gui_DrawFont_GBK16  gui.o
    0x08003c1c   0x00000020   Code   RO         2195    i.Gui_DrawPoint     lcd_driver.o
    0x08003c3c   0x00000004   Code   RO           22    i.HardFault_Handler  stm32f10x_it.o
    0x08003c40   0x00000046   Code   RO          749    i.IsAlphabetData    qrcodeapp.o
    0x08003c86   0x00000032   Code   RO          751    i.IsKanjiData       qrcodeapp.o
    0x08003cb8   0x00000012   Code   RO          752    i.IsNumeralData     qrcodeapp.o
    0x08003cca   0x0000002e   Code   RO          753    i.KanjiToBinaly     qrcodeapp.o
    0x08003cf8   0x00000046   Code   RO         2115    i.LCD_Fill          gui.o
    0x08003d3e   0x00000002   PAD
    0x08003d40   0x00000064   Code   RO         2196    i.LCD_GPIO_Init     lcd_driver.o
    0x08003da4   0x00000030   Code   RO         2197    i.LCD_WriteData_16Bit  lcd_driver.o
    0x08003dd4   0x00000032   Code   RO         2198    i.Lcd_Clear         lcd_driver.o
    0x08003e06   0x00000002   PAD
    0x08003e08   0x0000022c   Code   RO         2199    i.Lcd_Init          lcd_driver.o
    0x08004034   0x00000024   Code   RO         2201    i.Lcd_Reset         lcd_driver.o
    0x08004058   0x00000056   Code   RO         2202    i.Lcd_SetRegion     lcd_driver.o
    0x080040ae   0x00000002   PAD
    0x080040b0   0x00000028   Code   RO         2204    i.Lcd_WriteData     lcd_driver.o
    0x080040d8   0x00000028   Code   RO         2205    i.Lcd_WriteIndex    lcd_driver.o
    0x08004100   0x00000004   Code   RO           23    i.MemManage_Handler  stm32f10x_it.o
    0x08004104   0x000000fc   Code   RO          655    i.MsgPackage        msg.o
    0x08004200   0x00000098   Code   RO          656    i.MsgRSEPPackage    msg.o
    0x08004298   0x00000002   Code   RO           24    i.NMI_Handler       stm32f10x_it.o
    0x0800429a   0x00000002   PAD
    0x0800429c   0x00000070   Code   RO         2714    i.NVIC_Init         misc.o
    0x0800430c   0x00000014   Code   RO          561    i.PDInit_GetSysTick  sys_tick_delay.o
    0x08004320   0x00000002   Code   RO           25    i.PendSV_Handler    stm32f10x_it.o
    0x08004322   0x00000002   PAD
    0x08004324   0x00000018   Code   RO         4046    i.RCC_ADCCLKConfig  stm32f10x_rcc.o
    0x0800433c   0x00000020   Code   RO         4047    i.RCC_AHBPeriphClockCmd  stm32f10x_rcc.o
    0x0800435c   0x00000020   Code   RO         4048    i.RCC_APB1PeriphClockCmd  stm32f10x_rcc.o
    0x0800437c   0x00000020   Code   RO         4049    i.RCC_APB1PeriphResetCmd  stm32f10x_rcc.o
    0x0800439c   0x00000020   Code   RO         4050    i.RCC_APB2PeriphClockCmd  stm32f10x_rcc.o
    0x080043bc   0x00000020   Code   RO         4051    i.RCC_APB2PeriphResetCmd  stm32f10x_rcc.o
    0x080043dc   0x00000074   Code   RO          282    i.RCC_Configuration  bsp.o
    0x08004450   0x0000004c   Code   RO         4057    i.RCC_DeInit        stm32f10x_rcc.o
    0x0800449c   0x000000d4   Code   RO         4058    i.RCC_GetClocksFreq  stm32f10x_rcc.o
    0x08004570   0x0000003c   Code   RO         4059    i.RCC_GetFlagStatus  stm32f10x_rcc.o
    0x080045ac   0x00000010   Code   RO         4061    i.RCC_GetSYSCLKSource  stm32f10x_rcc.o
    0x080045bc   0x00000018   Code   RO         4062    i.RCC_HCLKConfig    stm32f10x_rcc.o
    0x080045d4   0x0000004c   Code   RO         4063    i.RCC_HSEConfig     stm32f10x_rcc.o
    0x08004620   0x0000000c   Code   RO         4067    i.RCC_LSICmd        stm32f10x_rcc.o
    0x0800462c   0x00000018   Code   RO         4069    i.RCC_PCLK1Config   stm32f10x_rcc.o
    0x08004644   0x00000018   Code   RO         4070    i.RCC_PCLK2Config   stm32f10x_rcc.o
    0x0800465c   0x0000000c   Code   RO         4071    i.RCC_PLLCmd        stm32f10x_rcc.o
    0x08004668   0x0000001c   Code   RO         4072    i.RCC_PLLConfig     stm32f10x_rcc.o
    0x08004684   0x00000018   Code   RO         4075    i.RCC_SYSCLKConfig  stm32f10x_rcc.o
    0x0800469c   0x00000038   Code   RO         4077    i.RCC_WaitForHSEStartUp  stm32f10x_rcc.o
    0x080046d4   0x0000003c   Code   RO          488    i.RedLedOff         bsp_leds.o
    0x08004710   0x00000040   Code   RO          490    i.RedLedToggle      bsp_leds.o
    0x08004750   0x0000004c   Code   RO          283    i.RestartMCU        bsp.o
    0x0800479c   0x00000004   Code   RO         1997    i.SHT_SDA_IN        sht1x.o
    0x080047a0   0x00000004   Code   RO         1998    i.SHT_SDA_OUT       sht1x.o
    0x080047a4   0x0000003c   Code   RO         2207    i.SPI_WriteData     lcd_driver.o
    0x080047e0   0x00000002   Code   RO           26    i.SVC_Handler       stm32f10x_it.o
    0x080047e2   0x00000078   Code   RO          562    i.SYS_TickDelayConfig  sys_tick_delay.o
    0x0800485a   0x00000002   PAD
    0x0800485c   0x00000060   Code   RO          755    i.SetAlignmentPattern  qrcodeapp.o
    0x080048bc   0x00000074   Code   RO          756    i.SetBitStream      qrcodeapp.o
    0x08004930   0x000000a0   Code   RO          757    i.SetCodeWordPattern  qrcodeapp.o
    0x080049d0   0x00000048   Code   RO          758    i.SetFinderPattern  qrcodeapp.o
    0x08004a18   0x0000013c   Code   RO          759    i.SetFormatInfoPattern  qrcodeapp.o
    0x08004b54   0x000001d0   Code   RO          760    i.SetFunctionModule  qrcodeapp.o
    0x08004d24   0x000001a0   Code   RO          761    i.SetMaskingPattern  qrcodeapp.o
    0x08004ec4   0x00000008   Code   RO         2668    i.SetSysClock       system_stm32f10x.o
    0x08004ecc   0x000000e0   Code   RO         2669    i.SetSysClockTo72   system_stm32f10x.o
    0x08004fac   0x00000098   Code   RO          762    i.SetVersionPattern  qrcodeapp.o
    0x08005044   0x00000022   Code   RO          563    i.SysTickDelay_ms   sys_tick_delay.o
    0x08005066   0x00000028   Code   RO         2718    i.SysTick_CLKSourceConfig  misc.o
    0x0800508e   0x00000002   Code   RO           27    i.SysTick_Handler   stm32f10x_it.o
    0x08005090   0x00000044   Code   RO          564    i.Sys_delay_init    sys_tick_delay.o
    0x080050d4   0x0000004c   Code   RO          565    i.Sys_delay_ms      sys_tick_delay.o
    0x08005120   0x00000060   Code   RO         2671    i.SystemInit        system_stm32f10x.o
    0x08005180   0x00000024   Code   RO          567    i.TIM2_IRQHandler   sys_tick_delay.o
    0x080051a4   0x00000128   Code   RO          371    i.TIM3_IRQHandler   buttons.o
    0x080052cc   0x00000068   Code   RO         1933    i.TIM4_IRQHandler   sys_adc.o
    0x08005334   0x00000006   Code   RO         4527    i.TIM_ClearITPendingBit  stm32f10x_tim.o
    0x0800533a   0x00000018   Code   RO         4532    i.TIM_Cmd           stm32f10x_tim.o
    0x08005352   0x00000002   PAD
    0x08005354   0x000001e8   Code   RO         4537    i.TIM_DeInit        stm32f10x_tim.o
    0x0800553c   0x00000022   Code   RO         4553    i.TIM_GetITStatus   stm32f10x_tim.o
    0x0800555e   0x00000012   Code   RO         4557    i.TIM_ITConfig      stm32f10x_tim.o
    0x08005570   0x0000000c   Code   RO         4559    i.TIM_InternalClockConfig  stm32f10x_tim.o
    0x0800557c   0x000000a4   Code   RO         4603    i.TIM_TimeBaseInit  stm32f10x_tim.o
    0x08005620   0x00000074   Code   RO          372    i.TimerButtonsConfig  buttons.o
    0x08005694   0x00000074   Code   RO         1934    i.TimerTGSConfig    sys_adc.o
    0x08005708   0x00000074   Code   RO          696    i.USART1_IRQHandler  bsp_serial.o
    0x0800577c   0x0000008c   Code   RO         2416    i.USART3_IRQHandler  wifi_esp.o
    0x08005808   0x00000012   Code   RO         5076    i.USART_ClearFlag   stm32f10x_usart.o
    0x0800581a   0x0000001e   Code   RO         5077    i.USART_ClearITPendingBit  stm32f10x_usart.o
    0x08005838   0x00000018   Code   RO         5080    i.USART_Cmd         stm32f10x_usart.o
    0x08005850   0x00000012   Code   RO         5081    i.USART_DMACmd      stm32f10x_usart.o
    0x08005862   0x0000001a   Code   RO         5083    i.USART_GetFlagStatus  stm32f10x_usart.o
    0x0800587c   0x00000054   Code   RO         5084    i.USART_GetITStatus  stm32f10x_usart.o
    0x080058d0   0x0000004a   Code   RO         5086    i.USART_ITConfig    stm32f10x_usart.o
    0x0800591a   0x00000002   PAD
    0x0800591c   0x000000d8   Code   RO         5087    i.USART_Init        stm32f10x_usart.o
    0x080059f4   0x0000000a   Code   RO         5094    i.USART_ReceiveData  stm32f10x_usart.o
    0x080059fe   0x00000008   Code   RO         5097    i.USART_SendData    stm32f10x_usart.o
    0x08005a06   0x00000004   Code   RO           28    i.UsageFault_Handler  stm32f10x_it.o
    0x08005a0a   0x00000002   PAD
    0x08005a0c   0x0000004c   Code   RO          624    i.UsbOutConfig      usb_contrl.o
    0x08005a58   0x00000024   Code   RO          625    i.UsbOutContrl      usb_contrl.o
    0x08005a7c   0x0000005c   Code   RO         2417    i.WIFI_IOConfig     wifi_esp.o
    0x08005ad8   0x000000c8   Code   RO         2418    i.WIFI_UART         wifi_esp.o
    0x08005ba0   0x00000064   Code   RO         2419    i.Wifi_Init         wifi_esp.o
    0x08005c04   0x00000028   Code   RO         5748    i.__ARM_fpclassify  m_ws.l(fpclassify.o)
    0x08005c2c   0x0000000e   Code   RO         5426    i._is_digit         c_w.l(__printf_wp.o)
    0x08005c3a   0x00000016   Code   RO         1935    i.bsp_adc_config    sys_adc.o
    0x08005c50   0x00000104   Code   RO         2000    i.calc_sth11        sht1x.o
    0x08005d54   0x00000042   Code   RO         2420    i.esp8266_check_cmd  wifi_esp.o
    0x08005d96   0x00000002   PAD
    0x08005d98   0x00000020   Code   RO         2421    i.esp8266_hard_reset  wifi_esp.o
    0x08005db8   0x00000128   Code   RO         1936    i.filter            sys_adc.o
    0x08005ee0   0x0000008c   Code   RO          373    i.key_down_driver   buttons.o
    0x08005f6c   0x00000064   Code   RO          374    i.key_down_read     buttons.o
    0x08005fd0   0x0000008c   Code   RO          375    i.key_left_driver   buttons.o
    0x0800605c   0x00000064   Code   RO          376    i.key_left_read     buttons.o
    0x080060c0   0x0000008c   Code   RO          377    i.key_right_driver  buttons.o
    0x0800614c   0x00000064   Code   RO          378    i.key_right_read    buttons.o
    0x080061b0   0x0000008c   Code   RO          379    i.key_up_driver     buttons.o
    0x0800623c   0x00000064   Code   RO          380    i.key_up_read       buttons.o
    0x080062a0   0x000000fc   Code   RO          178    i.main              main.o
    0x0800639c   0x000000b0   Code   RO         2001    i.s_connectionreset  sht1x.o
    0x0800644c   0x000000a0   Code   RO         2002    i.s_measure         sht1x.o
    0x080064ec   0x000000ac   Code   RO         2003    i.s_read_byte       sht1x.o
    0x08006598   0x00000074   Code   RO         2006    i.s_transstart      sht1x.o
    0x0800660c   0x000000a4   Code   RO         2007    i.s_write_byte      sht1x.o
    0x080066b0   0x00000018   Code   RO         2009    i.sht_delay         sht1x.o
    0x080066c8   0x00000068   Code   RO         2010    i.sht_io_config     sht1x.o
    0x08006730   0x00000184   Code   RO         2533    i.smart_connect     wifi_esp_config.o
    0x080068b4   0x00000094   Code   RO         1937    i.sys_adc_dma_config  sys_adc.o
    0x08006948   0x000000e4   Code   RO         1938    i.sys_adc_init      sys_adc.o
    0x08006a2c   0x00000150   Code   RO         2534    i.wifi_fsm          wifi_esp_config.o
    0x08006b7c   0x000000b0   Code   RO         2535    i.wifi_get_ap       wifi_esp_config.o
    0x08006c2c   0x00000064   Code   RO         2536    i.wifi_get_ap_mac   wifi_esp_config.o
    0x08006c90   0x0000002c   Code   RO         2537    i.wifi_get_gmr      wifi_esp_config.o
    0x08006cbc   0x00000094   Code   RO         2539    i.wifi_get_tcp_status  wifi_esp_config.o
    0x08006d50   0x000000c0   Code   RO         2541    i.wifi_tcp_config   wifi_esp_config.o
    0x08006e10   0x000000ca   Code   RO         2542    i.wifi_tcp_rec_pro  wifi_esp_config.o
    0x08006eda   0x00000002   PAD
    0x08006edc   0x000000a8   Code   RO         2543    i.wifi_tcp_send     wifi_esp_config.o
    0x08006f84   0x0000002c   Code   RO         5727    locale$$code        c_w.l(lc_numeric_c.o)
    0x08006fb0   0x0000002c   Code   RO         5765    locale$$code        c_w.l(lc_ctype_c.o)
    0x08006fdc   0x00000062   Code   RO         5467    x$fpl$d2f           fz_ws.l(d2f.o)
    0x0800703e   0x00000002   PAD
    0x08007040   0x00000150   Code   RO         5469    x$fpl$dadd          fz_ws.l(daddsub_clz.o)
    0x08007190   0x00000018   Code   RO         5622    x$fpl$dcmpinf       fz_ws.l(dcmpi.o)
    0x080071a8   0x000002b0   Code   RO         5476    x$fpl$ddiv          fz_ws.l(ddiv.o)
    0x08007458   0x0000005a   Code   RO         5479    x$fpl$dfixu         fz_ws.l(dfixu.o)
    0x080074b2   0x0000002e   Code   RO         5484    x$fpl$dflt          fz_ws.l(dflt_clz.o)
    0x080074e0   0x00000026   Code   RO         5483    x$fpl$dfltu         fz_ws.l(dflt_clz.o)
    0x08007506   0x00000002   PAD
    0x08007508   0x00000078   Code   RO         5489    x$fpl$dleqf         fz_ws.l(dleqf.o)
    0x08007580   0x00000154   Code   RO         5491    x$fpl$dmul          fz_ws.l(dmul.o)
    0x080076d4   0x0000009c   Code   RO         5624    x$fpl$dnaninf       fz_ws.l(dnaninf.o)
    0x08007770   0x0000000c   Code   RO         5626    x$fpl$dretinf       fz_ws.l(dretinf.o)
    0x0800777c   0x000001d4   Code   RO         5471    x$fpl$dsub          fz_ws.l(daddsub_clz.o)
    0x08007950   0x00000056   Code   RO         5493    x$fpl$f2d           fz_ws.l(f2d.o)
    0x080079a6   0x00000002   PAD
    0x080079a8   0x000000c4   Code   RO         5495    x$fpl$fadd          fz_ws.l(faddsub_clz.o)
    0x08007a6c   0x00000018   Code   RO         5742    x$fpl$fcmpinf       fz_ws.l(fcmpi.o)
    0x08007a84   0x00000036   Code   RO         5501    x$fpl$ffix          fz_ws.l(ffix.o)
    0x08007aba   0x00000002   PAD
    0x08007abc   0x0000003e   Code   RO         5505    x$fpl$ffixu         fz_ws.l(ffixu.o)
    0x08007afa   0x00000002   PAD
    0x08007afc   0x00000026   Code   RO         5509    x$fpl$ffltu         fz_ws.l(fflt_clz.o)
    0x08007b22   0x00000002   PAD
    0x08007b24   0x00000068   Code   RO         5628    x$fpl$fleqf         fz_ws.l(fleqf.o)
    0x08007b8c   0x00000102   Code   RO         5515    x$fpl$fmul          fz_ws.l(fmul.o)
    0x08007c8e   0x0000008c   Code   RO         5630    x$fpl$fnaninf       fz_ws.l(fnaninf.o)
    0x08007d1a   0x0000000a   Code   RO         5632    x$fpl$fretinf       fz_ws.l(fretinf.o)
    0x08007d24   0x00000062   Code   RO         5517    x$fpl$frleqf        fz_ws.l(frleqf.o)
    0x08007d86   0x00000002   PAD
    0x08007d88   0x000000ea   Code   RO         5497    x$fpl$fsub          fz_ws.l(faddsub_clz.o)
    0x08007e72   0x00000004   Code   RO         5519    x$fpl$printf1       fz_ws.l(printf1.o)
    0x08007e76   0x00000000   Code   RO         5636    x$fpl$usenofp       fz_ws.l(usenofp.o)
    0x08007e76   0x00001292   Data   RO          764    .constdata          qrcodeapp.o
    0x08009108   0x000019d8   Data   RO         2116    .constdata          gui.o
    0x0800aae0   0x00000200   Data   RO         2635    .constdata          encryption.o
    0x0800ace0   0x00000094   Data   RO         5702    .constdata          c_w.l(bigflt0.o)
    0x0800ad74   0x00000020   Data   RO         5847    Region$$Table       anon$$obj.o
    0x0800ad94   0x0000001c   Data   RO         5726    locale$$data        c_w.l(lc_numeric_c.o)
    0x0800adb0   0x00000110   Data   RO         5764    locale$$data        c_w.l(lc_ctype_c.o)


    Execution Region RW_IRAM1 (Base: 0x20000000, Size: 0x0000ba80, Max: 0x00010000, ABSOLUTE, COMPRESSED[0x00000090])

    Base Addr    Size         Type   Attr      Idx    E Section Name        Object

    0x20000000   0x00000006   Data   RW          180    .data               main.o
    0x20000006   0x00000019   Data   RW          381    .data               buttons.o
    0x2000001f   0x00000001   PAD
    0x20000020   0x00000004   Data   RW          492    .data               bsp_leds.o
    0x20000024   0x00000008   Data   RW          568    .data               sys_tick_delay.o
    0x2000002c   0x00000001   Data   RW          657    .data               msg.o
    0x2000002d   0x00000003   PAD
    0x20000030   0x00000140   Data   RW          765    .data               qrcodeapp.o
    0x20000170   0x00000014   Data   RW         1940    .data               sys_adc.o
    0x20000184   0x00000010   Data   RW         2545    .data               wifi_esp_config.o
    0x20000194   0x00000014   Data   RW         2672    .data               system_stm32f10x.o
    0x200001a8   0x00000014   Data   RW         4078    .data               stm32f10x_rcc.o
    0x200001bc   0x0000000c   Zero   RW          179    .bss                main.o
    0x200001c8   0x00000044   Zero   RW          699    .bss                bsp_serial.o
    0x2000020c   0x0000ac18   Zero   RW          763    .bss                qrcodeapp.o
    0x2000ae24   0x00000060   Zero   RW         1939    .bss                sys_adc.o
    0x2000ae84   0x00000428   Zero   RW         2422    .bss                wifi_esp.o
    0x2000b2ac   0x00000172   Zero   RW         2544    .bss                wifi_esp_config.o
    0x2000b41e   0x00000002   PAD
    0x2000b420   0x00000060   Zero   RW         5530    .bss                c_w.l(libspace.o)
    0x2000b480   0x00000200   Zero   RW         2659    HEAP                startup_stm32f10x_hd.o
    0x2000b680   0x00000400   Zero   RW         2658    STACK               startup_stm32f10x_hd.o


==============================================================================

Image component sizes


      Code (inc. data)   RO Data    RW Data    ZI Data      Debug   Object Name

       220         12          0          0          0      27189   bsp.o
       528         62          0          4          0       4295   bsp_leds.o
       116         14          0          0         68       1274   bsp_serial.o
      1464        166          0         25          0       8265   buttons.o
         0          0          0          0          0       4540   core_cm3.o
        72         10        512          0          0       1509   encryption.o
       474         10       6616          0          0       3087   gui.o
      1048         54          0          0          0       5950   lcd_driver.o
       676        116          0          6         12       7431   main.o
       152         12          0          0          0       1654   misc.o
       652         20          0          1          0       3088   msg.o
      6986        272       4754        320      44056      22050   qrcodeapp.o
      1312        114          0          0          0       7537   sht1x.o
        64         26        304          0       1536        828   startup_stm32f10x_hd.o
       482         24          0          0          0       8362   stm32f10x_adc.o
       518         26          0          0          0       6585   stm32f10x_dma.o
       456          6          0          0          0       5291   stm32f10x_gpio.o
        26          0          0          0          0     271722   stm32f10x_it.o
       828        122          0         20          0      13964   stm32f10x_rcc.o
       746        106          0          0          0       5149   stm32f10x_tim.o
       508          6          0          0          0       8344   stm32f10x_usart.o
       978        112          0         20         96       5129   sys_adc.o
       354         32          0          8          0       3865   sys_tick_delay.o
       328         28          0         20          0       2365   system_stm32f10x.o
       112         12          0          0          0       1014   usb_contrl.o
      1364        186          0          0       1064      10955   wifi_esp.o
      1926        412          0         16        370       8932   wifi_esp_config.o

    ----------------------------------------------------------------------
     22428       1960      12218        444      47204     450374   Object Totals
         0          0         32          0          0          0   (incl. Generated)
        38          0          0          4          2          0   (incl. Padding)

    ----------------------------------------------------------------------

      Code (inc. data)   RO Data    RW Data    ZI Data      Debug   Library Member Name

        90          0          0          0          0          0   __dczerorl2.o
         8          0          0          0          0         68   __main.o
       284          0          0          0          0        156   __printf_wp.o
         0          0          0          0          0          0   __rtentry.o
        12          0          0          0          0          0   __rtentry2.o
         6          0          0          0          0          0   __rtentry4.o
        52          8          0          0          0          0   __scatter.o
        28          0          0          0          0          0   __scatter_zi.o
        28          0          0          0          0         68   _chval.o
        48          6          0          0          0         96   _printf_char_common.o
         6          0          0          0          0          0   _printf_d.o
       120         16          0          0          0         92   _printf_dec.o
         6          0          0          0          0          0   _printf_f.o
      1050          0          0          0          0        216   _printf_fp_dec.o
       128         16          0          0          0         84   _printf_fp_infnan.o
       178          0          0          0          0         88   _printf_intcommon.o
         0          0          0          0          0          0   _printf_percent.o
         4          0          0          0          0          0   _printf_percent_end.o
        10          0          0          0          0         68   _sputc.o
       158          0          0          0          0         92   _strtoul.o
        16          0          0          0          0         68   aeabi_memset.o
        26          0          0          0          0         80   atoi.o
       220          4        148          0          0         96   bigflt0.o
      1910        128          0          0          0        672   btod.o
        18          0          0          0          0         80   exit.o
         6          0          0          0          0        152   heapauxi.o
         0          0          0          0          0          0   indicate_semi.o
        44         10        272          0          0         76   lc_ctype_c.o
        44         10         28          0          0         76   lc_numeric_c.o
         2          0          0          0          0          0   libinit.o
        30          0          0          0          0          0   libinit2.o
         2          0          0          0          0          0   libshutdown.o
         2          0          0          0          0          0   libshutdown2.o
         8          4          0          0         96         68   libspace.o
       138          0          0          0          0         80   lludiv10.o
        40          6          0          0          0         84   noretval__2sprintf.o
        16          4          0          0          0         76   rt_ctype_table.o
         8          4          0          0          0         68   rt_errno_addr_intlibspace.o
         8          4          0          0          0         68   rt_locale_intlibspace.o
        68          0          0          0          0         68   rt_memclr.o
        78          0          0          0          0         80   rt_memclr_w.o
       138          0          0          0          0         68   rt_memcpy_v6.o
       100          0          0          0          0         80   rt_memcpy_w.o
       132          0          0          0          0         68   rt_memmove_v6.o
       122          0          0          0          0         80   rt_memmove_w.o
         2          0          0          0          0          0   rtexit.o
        10          0          0          0          0          0   rtexit2.o
        24          0          0          0          0         68   strcat.o
       128          0          0          0          0         68   strcmpv7m.o
        62          0          0          0          0         76   strlen.o
        36          0          0          0          0         80   strstr.o
       112          0          0          0          0         88   strtol.o
        12          4          0          0          0         68   sys_exit.o
        74          0          0          0          0         80   sys_stackheap_outer.o
         2          0          0          0          0         68   use_no_semi.o
        98          4          0          0          0         92   d2f.o
       804         16          0          0          0        272   daddsub_clz.o
        24          0          0          0          0         68   dcmpi.o
       688        140          0          0          0        208   ddiv.o
        90          4          0          0          0         92   dfixu.o
        84          0          0          0          0        136   dflt_clz.o
       120          4          0          0          0         92   dleqf.o
       340         12          0          0          0        104   dmul.o
       156          4          0          0          0         92   dnaninf.o
        12          0          0          0          0         68   dretinf.o
        86          4          0          0          0         84   f2d.o
       430          8          0          0          0        168   faddsub_clz.o
        24          0          0          0          0         68   fcmpi.o
        54          4          0          0          0         84   ffix.o
        62          4          0          0          0         84   ffixu.o
        38          0          0          0          0         68   fflt_clz.o
       104          4          0          0          0         84   fleqf.o
       258          4          0          0          0         84   fmul.o
       140          4          0          0          0         84   fnaninf.o
        10          0          0          0          0         68   fretinf.o
        98          0          0          0          0         68   frleqf.o
         4          0          0          0          0         68   printf1.o
         0          0          0          0          0          0   usenofp.o
        40          0          0          0          0         68   fpclassify.o

    ----------------------------------------------------------------------
      9642        440        448          0         96       6116   Library Totals
        24          0          0          0          0          0   (incl. Padding)

    ----------------------------------------------------------------------

      Code (inc. data)   RO Data    RW Data    ZI Data      Debug   Library Name

      5854        224        448          0         96       3812   c_w.l
      3724        216          0          0          0       2236   fz_ws.l
        40          0          0          0          0         68   m_ws.l

    ----------------------------------------------------------------------
      9642        440        448          0         96       6116   Library Totals

    ----------------------------------------------------------------------

==============================================================================


      Code (inc. data)   RO Data    RW Data    ZI Data      Debug   

     32070       2400      12666        444      47300     443226   Grand Totals
     32070       2400      12666        144      47300     443226   ELF Image Totals (compressed)
     32070       2400      12666        144          0          0   ROM Totals

==============================================================================

    Total RO  Size (Code + RO Data)                44736 (  43.69kB)
    Total RW  Size (RW Data + ZI Data)             47744 (  46.63kB)
    Total ROM Size (Code + RO Data + RW Data)      44880 (  43.83kB)

==============================================================================

