Component: ARM Compiler 5.06 update 3 (build 300) Tool: armlink [4d35c9]

==============================================================================

Section Cross References

    main.o(i.DISPLAY_RENCODE_TO_TFT) refers to _printf_percent.o(.ARM.Collect$$_printf_percent$$00000000) for _printf_percent
    main.o(i.DISPLAY_RENCODE_TO_TFT) refers to _printf_d.o(.ARM.Collect$$_printf_percent$$00000009) for _printf_d
    main.o(i.DISPLAY_RENCODE_TO_TFT) refers to _printf_dec.o(.text) for _printf_int_dec
    main.o(i.DISPLAY_RENCODE_TO_TFT) refers to qrcodeapp.o(i.EncodeData) for EncodeData
    main.o(i.DISPLAY_RENCODE_TO_TFT) refers to noretval__2sprintf.o(.text) for __2sprintf
    main.o(i.DISPLAY_RENCODE_TO_TFT) refers to oled.o(i.OLED_ShowString) for OLED_ShowString
    main.o(i.DISPLAY_RENCODE_TO_TFT) refers to oled.o(i.OLED_Refresh_Gram) for OLED_Refresh_Gram
    main.o(i.DISPLAY_RENCODE_TO_TFT) refers to oled.o(i.OLED_Fill) for OLED_Fill
    main.o(i.DISPLAY_RENCODE_TO_TFT) refers to qrcodeapp.o(.data) for m_nSymbleSize
    main.o(i.DISPLAY_RENCODE_TO_TFT) refers to qrcodeapp.o(.bss) for m_byModuleData
    main.o(i.main) refers to bsp.o(i.RCC_Configuration) for RCC_Configuration
    main.o(i.main) refers to bsp.o(i.GetSTM32ID) for GetSTM32ID
    main.o(i.main) refers to usb_contrl.o(i.UsbOutConfig) for UsbOutConfig
    main.o(i.main) refers to sys_tick_delay.o(i.SYS_DelayFunConfig) for SYS_DelayFunConfig
    main.o(i.main) refers to sys_tick_delay.o(i.Sys_delay_init) for Sys_delay_init
    main.o(i.main) refers to bsp_leds.o(i.BspLed_IOConfig) for BspLed_IOConfig
    main.o(i.main) refers to buttons.o(i.ButtonsConfig) for ButtonsConfig
    main.o(i.main) refers to sys_adc.o(i.bsp_adc_config) for bsp_adc_config
    main.o(i.main) refers to sht1x.o(i.sht_io_config) for sht_io_config
    main.o(i.main) refers to wifi_esp.o(i.Wifi_Init) for Wifi_Init
    main.o(i.main) refers to oled.o(i.OLED_Init) for OLED_Init
    main.o(i.main) refers to main.o(i.DISPLAY_RENCODE_TO_TFT) for DISPLAY_RENCODE_TO_TFT
    main.o(i.main) refers to wifi_esp_config.o(i.CycleBufPro) for CycleBufPro
    main.o(i.main) refers to sys_tick_delay.o(i.PDInit_GetSysTick) for PDInit_GetSysTick
    main.o(i.main) refers to wifi_esp_config.o(i.wifi_fsm) for wifi_fsm
    main.o(i.main) refers to bsp_leds.o(i.AllLedsRun) for AllLedsRun
    main.o(i.main) refers to sht1x.o(i.Get_SHT11) for Get_SHT11
    main.o(i.main) refers to sys_tick_delay.o(i.SysTickDelay_ms) for SysTickDelay_ms
    main.o(i.main) refers to main.o(.bss) for gMcuID
    main.o(i.main) refers to main.o(.data) for Temp
    bsp.o(i.PDInit_GPIOPortA) refers to stm32f10x_rcc.o(i.RCC_APB2PeriphClockCmd) for RCC_APB2PeriphClockCmd
    bsp.o(i.PDInit_GPIOPortA) refers to stm32f10x_gpio.o(i.GPIO_Init) for GPIO_Init
    bsp.o(i.PDInit_GPIOPortB) refers to stm32f10x_rcc.o(i.RCC_APB2PeriphClockCmd) for RCC_APB2PeriphClockCmd
    bsp.o(i.PDInit_GPIOPortB) refers to stm32f10x_gpio.o(i.GPIO_Init) for GPIO_Init
    bsp.o(i.PDInit_UART1) refers to stm32f10x_rcc.o(i.RCC_APB2PeriphClockCmd) for RCC_APB2PeriphClockCmd
    bsp.o(i.PDInit_UART1) refers to stm32f10x_gpio.o(i.GPIO_Init) for GPIO_Init
    bsp.o(i.PDInit_UART1) refers to stm32f10x_usart.o(i.USART_Init) for USART_Init
    bsp.o(i.PDInit_UART1) refers to stm32f10x_usart.o(i.USART_ClearFlag) for USART_ClearFlag
    bsp.o(i.PDInit_UART1) refers to stm32f10x_usart.o(i.USART_Cmd) for USART_Cmd
    bsp.o(i.PDInit_UART2) refers to stm32f10x_rcc.o(i.RCC_APB1PeriphClockCmd) for RCC_APB1PeriphClockCmd
    bsp.o(i.PDInit_UART2) refers to stm32f10x_gpio.o(i.GPIO_Init) for GPIO_Init
    bsp.o(i.PDInit_UART2) refers to misc.o(i.NVIC_Init) for NVIC_Init
    bsp.o(i.PDInit_UART2) refers to stm32f10x_usart.o(i.USART_Init) for USART_Init
    bsp.o(i.PDInit_UART2) refers to stm32f10x_usart.o(i.USART_ClearFlag) for USART_ClearFlag
    bsp.o(i.PDInit_UART2) refers to stm32f10x_usart.o(i.USART_ITConfig) for USART_ITConfig
    bsp.o(i.PDInit_UART2) refers to stm32f10x_usart.o(i.USART_Cmd) for USART_Cmd
    bsp.o(i.PortInit_All) refers to misc.o(i.NVIC_SetVectorTable) for NVIC_SetVectorTable
    bsp.o(i.PortInit_All) refers to misc.o(i.NVIC_PriorityGroupConfig) for NVIC_PriorityGroupConfig
    bsp.o(i.RCC_Configuration) refers to stm32f10x_rcc.o(i.RCC_DeInit) for RCC_DeInit
    bsp.o(i.RCC_Configuration) refers to stm32f10x_rcc.o(i.RCC_HSEConfig) for RCC_HSEConfig
    bsp.o(i.RCC_Configuration) refers to stm32f10x_rcc.o(i.RCC_WaitForHSEStartUp) for RCC_WaitForHSEStartUp
    bsp.o(i.RCC_Configuration) refers to stm32f10x_rcc.o(i.RCC_HCLKConfig) for RCC_HCLKConfig
    bsp.o(i.RCC_Configuration) refers to stm32f10x_rcc.o(i.RCC_PCLK2Config) for RCC_PCLK2Config
    bsp.o(i.RCC_Configuration) refers to stm32f10x_rcc.o(i.RCC_PCLK1Config) for RCC_PCLK1Config
    bsp.o(i.RCC_Configuration) refers to stm32f10x_rcc.o(i.RCC_PLLConfig) for RCC_PLLConfig
    bsp.o(i.RCC_Configuration) refers to stm32f10x_rcc.o(i.RCC_PLLCmd) for RCC_PLLCmd
[...]
    .data                                    0x200001a4   Section       20  stm32f10x_rcc.o(.data)
    APBAHBPrescTable                         0x200001a4   Data          16  stm32f10x_rcc.o(.data)
    ADCPrescTable                            0x200001b4   Data           4  stm32f10x_rcc.o(.data)
    .bss                                     0x200001b8   Section       12  main.o(.bss)
    .bss                                     0x200001c4   Section     1024  oled.o(.bss)
    .bss                                     0x200005c4   Section       96  sys_adc.o(.bss)
    .bss                                     0x20000624   Section     1064  wifi_esp.o(.bss)
    .bss                                     0x20000a4c   Section      370  wifi_esp_config.o(.bss)
    .bss                                     0x20000bbe   Section    44056  qrcodeapp.o(.bss)
    .bss                                     0x2000b7d8   Section       96  libspace.o(.bss)
    HEAP                                     0x2000b838   Section      512  startup_stm32f10x_hd.o(HEAP)
    Heap_Mem                                 0x2000b838   Data         512  startup_stm32f10x_hd.o(HEAP)
    STACK                                    0x2000ba38   Section     1024  startup_stm32f10x_hd.o(STACK)
    Stack_Mem                                0x2000ba38   Data        1024  startup_stm32f10x_hd.o(STACK)
    __initial_sp                             0x2000be38   Data           0  startup_stm32f10x_hd.o(STACK)

    Global Symbols

    Symbol Name                              Value     Ov Type        Size  Object(Section)

    BuildAttributes$$THM_ISAv4$P$D$K$B$S$PE$A:L22UL41UL21$X:L11$S22US41US21$IEEE1$IW$USESV6$~STKCKD$USESV7$~SHL$OTIME$ROPI$IEEEX$EBA8$UX$STANDARDLIB$REQ8$PRES8$EABIv2 0x00000000   Number         0  anon$$obj.o ABSOLUTE
    __ARM_use_no_argv                        0x00000000   Number         0  main.o ABSOLUTE
    __ARM_exceptions_init                     - Undefined Weak Reference
    __alloca_initialize                       - Undefined Weak Reference
    __arm_preinit_                            - Undefined Weak Reference
    __cpp_initialize__aeabi_                  - Undefined Weak Reference
    __cxa_finalize                            - Undefined Weak Reference
    __sigvec_lookup                           - Undefined Weak Reference
    __user_heap_extent                        - Undefined Weak Reference
    _atexit_init                              - Undefined Weak Reference
    _call_atexit_fns                          - Undefined Weak Reference
    _clock_init                               - Undefined Weak Reference
    _fp_trap_init                             - Undefined Weak Reference
    _fp_trap_shutdown                         - Undefined Weak Reference
    _get_lc_collate                           - Undefined Weak Reference
    _get_lc_monetary                          - Undefined Weak Reference
    _get_lc_numeric                           - Undefined Weak Reference
    _get_lc_time                              - Undefined Weak Reference
    _getenv_init                              - Undefined Weak Reference
    _handle_redirection                       - Undefined Weak Reference
    _initio                                   - Undefined Weak Reference
    _mutex_acquire                            - Undefined Weak Reference
    _mutex_free                               - Undefined Weak Reference
    _mutex_release                            - Undefined Weak Reference
    _printf_post_padding                      - Undefined Weak Reference
    _printf_pre_padding                       - Undefined Weak Reference
    _printf_truncate_signed                   - Undefined Weak Reference
    _printf_truncate_unsigned                 - Undefined Weak Reference
    _rand_init                                - Undefined Weak Reference
    _signal_finish                            - Undefined Weak Reference
    _signal_init                              - Undefined Weak Reference
    _terminateio                              - Undefined Weak Reference
    __Vectors_Size                           0x00000130   Number         0  startup_stm32f10x_hd.o ABSOLUTE
    __Vectors                                0x08000000   Data           4  startup_stm32f10x_hd.o(RESET)
    __Vectors_End                            0x08000130   Data           0  startup_stm32f10x_hd.o(RESET)
    __main                                   0x08000131   Thumb Code     8  __main.o(!!!main)
    __scatterload                            0x08000139   Thumb Code     0  __scatter.o(!!!scatter)
    __scatterload_rt2                        0x08000139   Thumb Code    44  __scatter.o(!!!scatter)
    __scatterload_rt2_thumb_only             0x08000139   Thumb Code     0  __scatter.o(!!!scatter)
    __scatterload_null                       0x08000147   Thumb Code     0  __scatter.o(!!!scatter)
    __decompress                             0x0800016d   Thumb Code    90  __dczerorl2.o(!!dczerorl2)
    __decompress1                            0x0800016d   Thumb Code     0  __dczerorl2.o(!!dczerorl2)
    __scatterload_zeroinit                   0x080001c9   Thumb Code    28  __scatter_zi.o(!!handler_zi)
    _printf_d                                0x080001e5   Thumb Code     0  _printf_d.o(.ARM.Collect$$_printf_percent$$00000009)
    _printf_percent                          0x080001e5   Thumb Code     0  _printf_percent.o(.ARM.Collect$$_printf_percent$$00000000)
    _printf_percent_end                      0x080001eb   Thumb Code     0  _printf_percent_end.o(.ARM.Collect$$_printf_percent$$00000017)
    __rt_lib_init                            0x080001ef   Thumb Code     0  libinit.o(.ARM.Collect$$libinit$$00000000)
    __rt_lib_init_fp_1                       0x080001f1   Thumb Code     0  libinit2.o(.ARM.Collect$$libinit$$00000002)
    __rt_lib_init_heap_1                     0x080001f1   Thumb Code     0  libinit2.o(.ARM.Collect$$libinit$$0000000A)
    __rt_lib_init_lc_common                  0x080001f1   Thumb Code     0  libinit2.o(.ARM.Collect$$libinit$$0000000F)
    __rt_lib_init_preinit_1                  0x080001f1   Thumb Code     0  libinit2.o(.ARM.Collect$$libinit$$00000004)
    __rt_lib_init_rand_1                     0x080001f1   Thumb Code     0  libinit2.o(.ARM.Collect$$libinit$$0000000E)
    __rt_lib_init_user_alloc_1               0x080001f1   Thumb Code     0  libinit2.o(.ARM.Collect$$libinit$$0000000C)
    __rt_lib_init_lc_collate_1               0x080001f7   Thumb Code     0  libinit2.o(.ARM.Collect$$libinit$$00000011)
    __rt_lib_init_lc_ctype_2                 0x080001f7   Thumb Code     0  libinit2.o(.ARM.Collect$$libinit$$00000012)
    __rt_lib_init_alloca_1                   0x08000203   Thumb Code     0  libinit2.o(.ARM.Collect$$libinit$$0000002E)
    __rt_lib_init_argv_1                     0x08000203   Thumb Code     0  libinit2.o(.ARM.Collect$$libinit$$0000002C)
    __rt_lib_init_atexit_1                   0x08000203   Thumb Code     0  libinit2.o(.ARM.Collect$$libinit$$0000001B)
    __rt_lib_init_clock_1                    0x08000203   Thumb Code     0  libinit2.o(.ARM.Collect$$libinit$$00000021)
    __rt_lib_init_cpp_1                      0x08000203   Thumb Code     0  libinit2.o(.ARM.Collect$$libinit$$00000032)
    __rt_lib_init_exceptions_1               0x08000203   Thumb Code     0  libinit2.o(.ARM.Collect$$libinit$$00000030)
    __rt_lib_init_fp_trap_1                  0x08000203   Thumb Code     0  libinit2.o(.ARM.Collect$$libinit$$0000001F)
    __rt_lib_init_getenv_1                   0x08000203   Thumb Code     0  libinit2.o(.ARM.Collect$$libinit$$00000023)
    __rt_lib_init_lc_ctype_1                 0x08000203   Thumb Code     0  libinit2.o(.ARM.Collect$$libinit$$00000013)
    __rt_lib_init_lc_monetary_1              0x08000203   Thumb Code     0  libinit2.o(.ARM.Collect$$libinit$$00000015)
    __rt_lib_init_lc_numeric_1               0x08000203   Thumb Code     0  libinit2.o(.ARM.Collect$$libinit$$00000017)
    __rt_lib_init_lc_time_1                  0x08000203   Thumb Code     0  libinit2.o(.ARM.Collect$$libinit$$00000019)
    __rt_lib_init_return                     0x08000203   Thumb Code     0  libinit2.o(.ARM.Collect$$libinit$$00000033)
    __rt_lib_init_signal_1                   0x08000203   Thumb Code     0  libinit2.o(.ARM.Collect$$libinit$$0000001D)
    __rt_lib_init_stdio_1                    0x08000203   Thumb Code     0  libinit2.o(.ARM.Collect$$libinit$$00000025)
    __rt_lib_shutdown                        0x08000205   Thumb Code     0  libshutdown.o(.ARM.Collect$$libshutdown$$00000000)
    __rt_lib_shutdown_cpp_1                  0x08000207   Thumb Code     0  libshutdown2.o(.ARM.Collect$$libshutdown$$00000002)
    __rt_lib_shutdown_fp_trap_1              0x08000207   Thumb Code     0  libshutdown2.o(.ARM.Collect$$libshutdown$$00000007)
    __rt_lib_shutdown_heap_1                 0x08000207   Thumb Code     0  libshutdown2.o(.ARM.Collect$$libshutdown$$0000000F)
    __rt_lib_shutdown_return                 0x08000207   Thumb Code     0  libshutdown2.o(.ARM.Collect$$libshutdown$$00000010)
    __rt_lib_shutdown_signal_1               0x08000207   Thumb Code     0  libshutdown2.o(.ARM.Collect$$libshutdown$$0000000A)
    __rt_lib_shutdown_stdio_1                0x08000207   Thumb Code     0  libshutdown2.o(.ARM.Collect$$libshutdown$$00000004)
    __rt_lib_shutdown_user_alloc_1           0x08000207   Thumb Code     0  libshutdown2.o(.ARM.Collect$$libshutdown$$0000000C)
    __rt_entry                               0x08000209   Thumb Code     0  __rtentry.o(.ARM.Collect$$rtentry$$00000000)
    __rt_entry_presh_1                       0x08000209   Thumb Code     0  __rtentry2.o(.ARM.Collect$$rtentry$$00000002)
    __rt_entry_sh                            0x08000209   Thumb Code     0  __rtentry4.o(.ARM.Collect$$rtentry$$00000004)
    __rt_entry_li                            0x0800020f   Thumb Code     0  __rtentry2.o(.ARM.Collect$$rtentry$$0000000A)
    __rt_entry_postsh_1                      0x0800020f   Thumb Code     0  __rtentry2.o(.ARM.Collect$$rtentry$$00000009)
    __rt_entry_main                          0x08000213   Thumb Code     0  __rtentry2.o(.ARM.Collect$$rtentry$$0000000D)
    __rt_entry_postli_1                      0x08000213   Thumb Code     0  __rtentry2.o(.ARM.Collect$$rtentry$$0000000C)
    __rt_exit                                0x0800021b   Thumb Code     0  rtexit.o(.ARM.Collect$$rtexit$$00000000)
    __rt_exit_ls                             0x0800021d   Thumb Code     0  rtexit2.o(.ARM.Collect$$rtexit$$00000003)
    __rt_exit_prels_1                        0x0800021d   Thumb Code     0  rtexit2.o(.ARM.Collect$$rtexit$$00000002)
    __rt_exit_exit                           0x08000221   Thumb Code     0  rtexit2.o(.ARM.Collect$$rtexit$$00000004)
    Reset_Handler                            0x08000229   Thumb Code     8  startup_stm32f10x_hd.o(.text)
    ADC1_2_IRQHandler                        0x08000243   Thumb Code     0  startup_stm32f10x_hd.o(.text)
    ADC3_IRQHandler                          0x08000243   Thumb Code     0  startup_stm32f10x_hd.o(.text)
    CAN1_RX1_IRQHandler                      0x08000243   Thumb Code     0  startup_stm32f10x_hd.o(.text)
    CAN1_SCE_IRQHandler                      0x08000243   Thumb Code     0  startup_stm32f10x_hd.o(.text)
    DMA1_Channel2_IRQHandler                 0x08000243   Thumb Code     0  startup_stm32f10x_hd.o(.text)
    DMA1_Channel3_IRQHandler                 0x08000243   Thumb Code     0  startup_stm32f10x_hd.o(.text)
    DMA1_Channel4_IRQHandler                 0x08000243   Thumb Code     0  startup_stm32f10x_hd.o(.text)
    DMA1_Channel5_IRQHandler                 0x08000243   Thumb Code     0  startup_stm32f10x_hd.o(.text)
    DMA1_Channel6_IRQHandler                 0x08000243   Thumb Code     0  startup_stm32f10x_hd.o(.text)
    DMA1_Channel7_IRQHandler                 0x08000243   Thumb Code     0  startup_stm32f10x_hd.o(.text)
    DMA2_Channel1_IRQHandler                 0x08000243   Thumb Code     0  startup_stm32f10x_hd.o(.text)
    DMA2_Channel2_IRQHandler                 0x08000243   Thumb Code     0  startup_stm32f10x_hd.o(.text)
    DMA2_Channel3_IRQHandler                 0x08000243   Thumb Code     0  startup_stm32f10x_hd.o(.text)
    DMA2_Channel4_5_IRQHandler               0x08000243   Thumb Code     0  startup_stm32f10x_hd.o(.text)
    EXTI0_IRQHandler                         0x08000243   Thumb Code     0  startup_stm32f10x_hd.o(.text)
    EXTI2_IRQHandler                         0x08000243   Thumb Code     0  startup_stm32f10x_hd.o(.text)
    EXTI3_IRQHandler                         0x08000243   Thumb Code     0  startup_stm32f10x_hd.o(.text)
    EXTI4_IRQHandler                         0x08000243   Thumb Code     0  startup_stm32f10x_hd.o(.text)
    EXTI9_5_IRQHandler                       0x08000243   Thumb Code     0  startup_stm32f10x_hd.o(.text)
    FLASH_IRQHandler                         0x08000243   Thumb Code     0  startup_stm32f10x_hd.o(.text)
    FSMC_IRQHandler                          0x08000243   Thumb Code     0  startup_stm32f10x_hd.o(.text)
    I2C1_ER_IRQHandler                       0x08000243   Thumb Code     0  startup_stm32f10x_hd.o(.text)
    I2C1_EV_IRQHandler                       0x08000243   Thumb Code     0  startup_stm32f10x_hd.o(.text)
    I2C2_ER_IRQHandler                       0x08000243   Thumb Code     0  startup_stm32f10x_hd.o(.text)
    I2C2_EV_IRQHandler                       0x08000243   Thumb Code     0  startup_stm32f10x_hd.o(.text)
    PVD_IRQHandler                           0x08000243   Thumb Code     0  startup_stm32f10x_hd.o(.text)
    RCC_IRQHandler                           0x08000243   Thumb Code     0  startup_stm32f10x_hd.o(.text)
    RTCAlarm_IRQHandler                      0x08000243   Thumb Code     0  startup_stm32f10x_hd.o(.text)
    RTC_IRQHandler                           0x08000243   Thumb Code     0  startup_stm32f10x_hd.o(.text)
    SDIO_IRQHandler                          0x08000243   Thumb Code     0  startup_stm32f10x_hd.o(.text)
    SPI1_IRQHandler                          0x08000243   Thumb Code     0  startup_stm32f10x_hd.o(.text)
    SPI2_IRQHandler                          0x08000243   Thumb Code     0  startup_stm32f10x_hd.o(.text)
    SPI3_IRQHandler                          0x08000243   Thumb Code     0  startup_stm32f10x_hd.o(.text)
    TAMPER_IRQHandler                        0x08000243   Thumb Code     0  startup_stm32f10x_hd.o(.text)
    TIM1_BRK_IRQHandler                      0x08000243   Thumb Code     0  startup_stm32f10x_hd.o(.text)
    TIM1_CC_IRQHandler                       0x08000243   Thumb Code     0  startup_stm32f10x_hd.o(.text)
    TIM1_TRG_COM_IRQHandler                  0x08000243   Thumb Code     0  startup_stm32f10x_hd.o(.text)
    TIM1_UP_IRQHandler                       0x08000243   Thumb Code     0  startup_stm32f10x_hd.o(.text)
    TIM4_IRQHandler                          0x08000243   Thumb Code     0  startup_stm32f10x_hd.o(.text)
    TIM5_IRQHandler                          0x08000243   Thumb Code     0  startup_stm32f10x_hd.o(.text)
    TIM6_IRQHandler                          0x08000243   Thumb Code     0  startup_stm32f10x_hd.o(.text)
    TIM7_IRQHandler                          0x08000243   Thumb Code     0  startup_stm32f10x_hd.o(.text)
    TIM8_BRK_IRQHandler                      0x08000243   Thumb Code     0  startup_stm32f10x_hd.o(.text)
    TIM8_CC_IRQHandler                       0x08000243   Thumb Code     0  startup_stm32f10x_hd.o(.text)
    TIM8_TRG_COM_IRQHandler                  0x08000243   Thumb Code     0  startup_stm32f10x_hd.o(.text)
    TIM8_UP_IRQHandler                       0x08000243   Thumb Code     0  startup_stm32f10x_hd.o(.text)
    UART4_IRQHandler                         0x08000243   Thumb Code     0  startup_stm32f10x_hd.o(.text)
    UART5_IRQHandler                         0x08000243   Thumb Code     0  startup_stm32f10x_hd.o(.text)
    USART1_IRQHandler                        0x08000243   Thumb Code     0  startup_stm32f10x_hd.o(.text)
    USART2_IRQHandler                        0x08000243   Thumb Code     0  startup_stm32f10x_hd.o(.text)
    USBWakeUp_IRQHandler                     0x08000243   Thumb Code     0  startup_stm32f10x_hd.o(.text)
    USB_HP_CAN1_TX_IRQHandler                0x08000243   Thumb Code     0  startup_stm32f10x_hd.o(.text)
    USB_LP_CAN1_RX0_IRQHandler               0x08000243   Thumb Code     0  startup_stm32f10x_hd.o(.text)
    WWDG_IRQHandler                          0x08000243   Thumb Code     0  startup_stm32f10x_hd.o(.text)
    __user_initial_stackheap                 0x08000245   Thumb Code     0  startup_stm32f10x_hd.o(.text)
    __aeabi_errno_addr                       0x08000269   Thumb Code     8  rt_errno_addr_intlibspace.o(.text)
    __errno$intlibspace                      0x08000269   Thumb Code     0  rt_errno_addr_intlibspace.o(.text)
    __rt_errno_addr$intlibspace              0x08000269   Thumb Code     0  rt_errno_addr_intlibspace.o(.text)
    __2sprintf                               0x08000271   Thumb Code    34  noretval__2sprintf.o(.text)
    __printf                                 0x08000299   Thumb Code   104  __printf.o(.text)
    _printf_int_dec                          0x08000301   Thumb Code   104  _printf_dec.o(.text)
    atoi                                     0x08000379   Thumb Code    26  atoi.o(.text)
    strstr                                   0x08000393   Thumb Code    36  strstr.o(.text)
    strlen                                   0x080003b7   Thumb Code    62  strlen.o(.text)
    __aeabi_memcpy                           0x080003f5   Thumb Code     0  rt_memcpy_v6.o(.text)
    __rt_memcpy                              0x080003f5   Thumb Code   138  rt_memcpy_v6.o(.text)
    _memcpy_lastbytes                        0x0800045b   Thumb Code     0  rt_memcpy_v6.o(.text)
    __aeabi_memmove                          0x0800047f   Thumb Code     0  rt_memmove_v6.o(.text)
    __rt_memmove                             0x0800047f   Thumb Code   132  rt_memmove_v6.o(.text)
    __memmove_lastfew                        0x080004df   Thumb Code     0  rt_memmove_v6.o(.text)
    __aeabi_memcpy4                          0x08000503   Thumb Code     0  rt_memcpy_w.o(.text)
    __aeabi_memcpy8                          0x08000503   Thumb Code     0  rt_memcpy_w.o(.text)
    __rt_memcpy_w                            0x08000503   Thumb Code   100  rt_memcpy_w.o(.text)
    _memcpy_lastbytes_aligned                0x0800054b   Thumb Code     0  rt_memcpy_w.o(.text)
    __aeabi_memset                           0x08000567   Thumb Code    16  aeabi_memset.o(.text)
    __aeabi_memclr                           0x08000577   Thumb Code     0  rt_memclr.o(.text)
    __rt_memclr                              0x08000577   Thumb Code    68  rt_memclr.o(.text)
    _memset                                  0x0800057b   Thumb Code     0  rt_memclr.o(.text)
    __aeabi_memclr4                          0x080005bb   Thumb Code     0  rt_memclr_w.o(.text)
    __aeabi_memclr8                          0x080005bb   Thumb Code     0  rt_memclr_w.o(.text)
    __rt_memclr_w                            0x080005bb   Thumb Code    78  rt_memclr_w.o(.text)
    _memset_w                                0x080005bf   Thumb Code     0  rt_memclr_w.o(.text)
    __use_two_region_memory                  0x08000609   Thumb Code     2  heapauxi.o(.text)
    __rt_heap_escrow                         0x0800060b   Thumb Code     2  heapauxi.o(.text)
    __rt_heap_expand                         0x0800060d   Thumb Code     2  heapauxi.o(.text)
    __user_libspace                          0x08000611   Thumb Code     8  libspace.o(.text)
    __user_perproc_libspace                  0x08000611   Thumb Code     0  libspace.o(.text)
    __user_perthread_libspace                0x08000611   Thumb Code     0  libspace.o(.text)
    _printf_int_common                       0x08000619   Thumb Code   178  _printf_intcommon.o(.text)
    _printf_char_common                      0x080006d7   Thumb Code    32  _printf_char_common.o(.text)
    _sputc                                   0x080006fd   Thumb Code    10  _sputc.o(.text)
    strtol                                   0x08000707   Thumb Code   112  strtol.o(.text)
    __aeabi_memmove4                         0x08000777   Thumb Code     0  rt_memmove_w.o(.text)
    __aeabi_memmove8                         0x08000777   Thumb Code     0  rt_memmove_w.o(.text)
    __rt_memmove_w                           0x08000777   Thumb Code   122  rt_memmove_w.o(.text)
    __memmove_aligned                        0x0800079d   Thumb Code     0  rt_memmove_w.o(.text)
    __memmove_lastfew_aligned                0x080007d5   Thumb Code     0  rt_memmove_w.o(.text)
    __rt_ctype_table                         0x080007f1   Thumb Code    16  rt_ctype_table.o(.text)
    _strtoul                                 0x08000801   Thumb Code   158  _strtoul.o(.text)
    __I$use$semihosting                      0x0800089f   Thumb Code     0  use_no_semi.o(.text)
    __use_no_semihosting_swi                 0x0800089f   Thumb Code     2  use_no_semi.o(.text)
    __semihosting_library_function           0x080008a1   Thumb Code     0  indicate_semi.o(.text)
    __user_setup_stackheap                   0x080008a1   Thumb Code    74  sys_stackheap_outer.o(.text)
    __rt_locale                              0x080008ed   Thumb Code     8  rt_locale_intlibspace.o(.text)
    _chval                                   0x080008f5   Thumb Code    28  _chval.o(.text)
    exit                                     0x08000911   Thumb Code    18  exit.o(.text)
    _sys_exit                                0x08000925   Thumb Code     8  sys_exit.o(.text)
    strcmp                                   0x08000931   Thumb Code   128  strcmpv7m.o(.text)
    ADC_Cmd                                  0x080009b1   Thumb Code    22  stm32f10x_adc.o(i.ADC_Cmd)
    ADC_DMACmd                               0x080009c7   Thumb Code    22  stm32f10x_adc.o(i.ADC_DMACmd)
    ADC_DeInit                               0x080009dd   Thumb Code    78  stm32f10x_adc.o(i.ADC_DeInit)
    ADC_GetCalibrationStatus                 0x08000a39   Thumb Code    20  stm32f10x_adc.o(i.ADC_GetCalibrationStatus)
    ADC_GetResetCalibrationStatus            0x08000a4d   Thumb Code    20  stm32f10x_adc.o(i.ADC_GetResetCalibrationStatus)
    ADC_Init                                 0x08000a61   Thumb Code    70  stm32f10x_adc.o(i.ADC_Init)
    ADC_RegularChannelConfig                 0x08000ab1   Thumb Code   184  stm32f10x_adc.o(i.ADC_RegularChannelConfig)
    ADC_ResetCalibration                     0x08000b69   Thumb Code    10  stm32f10x_adc.o(i.ADC_ResetCalibration)
    ADC_SoftwareStartConvCmd                 0x08000b73   Thumb Code    22  stm32f10x_adc.o(i.ADC_SoftwareStartConvCmd)
    ADC_StartCalibration                     0x08000b89   Thumb Code    10  stm32f10x_adc.o(i.ADC_StartCalibration)
    AllLedsRun                               0x08000b95   Thumb Code    62  bsp_leds.o(i.AllLedsRun)
    AlphabetToBinaly                         0x08000bd9   Thumb Code   102  qrcodeapp.o(i.AlphabetToBinaly)
    BspLed_IOConfig                          0x08000c41   Thumb Code   104  bsp_leds.o(i.BspLed_IOConfig)
    BusFault_Handler                         0x08000cb9   Thumb Code     4  stm32f10x_it.o(i.BusFault_Handler)
    ButtonsConfig                            0x08000cbd   Thumb Code    36  buttons.o(i.ButtonsConfig)
    Buttons_IOConfig                         0x08000cf1   Thumb Code    32  buttons.o(i.Buttons_IOConfig)
    CRC16                                    0x08000d15   Thumb Code    62  encryption.o(i.CRC16)
    ConfigGPSDMARec                          0x08000d5d   Thumb Code   112  wifi_esp.o(i.ConfigGPSDMARec)
    CountPenalty                             0x08000dd9   Thumb Code  1338  qrcodeapp.o(i.CountPenalty)
    CycleBufPro                              0x0800131d   Thumb Code   140  wifi_esp_config.o(i.CycleBufPro)
    DISPLAY_RENCODE_TO_TFT                   0x080013c9   Thumb Code   242  main.o(i.DISPLAY_RENCODE_TO_TFT)
    DMA1_Channel1_IRQHandler                 0x080014f9   Thumb Code    56  sys_adc.o(i.DMA1_Channel1_IRQHandler)
    DMA_ClearITPendingBit                    0x08001539   Thumb Code    18  stm32f10x_dma.o(i.DMA_ClearITPendingBit)
    DMA_Cmd                                  0x08001555   Thumb Code    24  stm32f10x_dma.o(i.DMA_Cmd)
    DMA_DeInit                               0x0800156d   Thumb Code   324  stm32f10x_dma.o(i.DMA_DeInit)
    DMA_GetCurrDataCounter                   0x080016b9   Thumb Code     8  stm32f10x_dma.o(i.DMA_GetCurrDataCounter)
    DMA_GetITStatus                          0x080016c1   Thumb Code    36  stm32f10x_dma.o(i.DMA_GetITStatus)
    DMA_ITConfig                             0x080016ed   Thumb Code    18  stm32f10x_dma.o(i.DMA_ITConfig)
    DMA_Init                                 0x080016ff   Thumb Code    60  stm32f10x_dma.o(i.DMA_Init)
    DMA_SetCurrDataCounter                   0x0800173b   Thumb Code     4  stm32f10x_dma.o(i.DMA_SetCurrDataCounter)
    DealMsg                                  0x08001741   Thumb Code   262  wifi_esp_config.o(i.DealMsg)
    DebugMon_Handler                         0x0800185d   Thumb Code     2  stm32f10x_it.o(i.DebugMon_Handler)
    ESP8266_Close                            0x08001861   Thumb Code    64  wifi_esp.o(i.ESP8266_Close)
    ESP8266_Cmd                              0x080018b5   Thumb Code   142  wifi_esp.o(i.ESP8266_Cmd)
    ESP8266_GetStatus                        0x08001949   Thumb Code     8  wifi_esp.o(i.ESP8266_GetStatus)
    ESP8266_Init                             0x08001951   Thumb Code    48  wifi_esp.o(i.ESP8266_Init)
    ESP8266_Open                             0x08001985   Thumb Code    86  wifi_esp.o(i.ESP8266_Open)
    ESP8266_Read                             0x080019f9   Thumb Code     6  wifi_esp.o(i.ESP8266_Read)
    ESP8266_Reset                            0x08001a01   Thumb Code    82  wifi_esp.o(i.ESP8266_Reset)
    ESP8266_Write                            0x08001a75   Thumb Code    66  wifi_esp.o(i.ESP8266_Write)
    EXTI15_10_IRQHandler                     0x08001abd   Thumb Code     2  buttons.o(i.EXTI15_10_IRQHandler)
    EXTI1_IRQHandler                         0x08001abf   Thumb Code     2  buttons.o(i.EXTI1_IRQHandler)
    EncodeData                               0x08001ac1   Thumb Code   796  qrcodeapp.o(i.EncodeData)
    EncodeSourceData                         0x08001e05   Thumb Code  1942  qrcodeapp.o(i.EncodeSourceData)
    FormatModule                             0x080025c1   Thumb Code   176  qrcodeapp.o(i.FormatModule)
    GPIO_Init                                0x0800267d   Thumb Code   278  stm32f10x_gpio.o(i.GPIO_Init)
    GPIO_PinRemapConfig                      0x08002795   Thumb Code   138  stm32f10x_gpio.o(i.GPIO_PinRemapConfig)
    GPIO_ReadInputData                       0x08002825   Thumb Code     8  stm32f10x_gpio.o(i.GPIO_ReadInputData)
    GPIO_ReadInputDataBit                    0x0800282d   Thumb Code    18  stm32f10x_gpio.o(i.GPIO_ReadInputDataBit)
    GPIO_ResetBits                           0x0800283f   Thumb Code     4  stm32f10x_gpio.o(i.GPIO_ResetBits)
    GPIO_SetBits                             0x08002843   Thumb Code     4  stm32f10x_gpio.o(i.GPIO_SetBits)
    GetBitLength                             0x08002849   Thumb Code   148  qrcodeapp.o(i.GetBitLength)
    GetEncodeVersion                         0x080028ed   Thumb Code   242  qrcodeapp.o(i.GetEncodeVersion)
    GetRSCodeWord                            0x080029ed   Thumb Code   124  qrcodeapp.o(i.GetRSCodeWord)
    GetSTM32ID                               0x08002a75   Thumb Code    24  bsp.o(i.GetSTM32ID)
    GetWifiDev                               0x08002a91   Thumb Code     4  wifi_esp.o(i.GetWifiDev)
    Get_SHT11                                0x08002a99   Thumb Code   122  sht1x.o(i.Get_SHT11)
    GpioConfig                               0x08002b19   Thumb Code    26  bsp_leds.o(i.GpioConfig)
    GreenLedOff                              0x08002b35   Thumb Code    50  bsp_leds.o(i.GreenLedOff)
    GreenLedOn                               0x08002b71   Thumb Code    50  bsp_leds.o(i.GreenLedOn)
    GreenLedToggle                           0x08002bad   Thumb Code    58  bsp_leds.o(i.GreenLedToggle)
    HardFault_Handler                        0x08002bf1   Thumb Code     4  stm32f10x_it.o(i.HardFault_Handler)
    IsAlphabetData                           0x08002c55   Thumb Code    70  qrcodeapp.o(i.IsAlphabetData)
    IsKanjiData                              0x08002c9b   Thumb Code    50  qrcodeapp.o(i.IsKanjiData)
    IsNumeralData                            0x08002ccd   Thumb Code    18  qrcodeapp.o(i.IsNumeralData)
    KanjiToBinaly                            0x08002cdf   Thumb Code    46  qrcodeapp.o(i.KanjiToBinaly)
    MemManage_Handler                        0x08002d0d   Thumb Code     4  stm32f10x_it.o(i.MemManage_Handler)
    MsgPackage                               0x08002d11   Thumb Code   246  wifi_esp_config.o(i.MsgPackage)
    MsgRSEPPackage                           0x08002e0d   Thumb Code   152  wifi_esp_config.o(i.MsgRSEPPackage)
    NMI_Handler                              0x08002ea5   Thumb Code     2  stm32f10x_it.o(i.NMI_Handler)
    NVIC_Init                                0x08002ea9   Thumb Code   100  misc.o(i.NVIC_Init)
    OLED_Clear                               0x08002f19   Thumb Code    42  oled.o(i.OLED_Clear)
    OLED_Display_On                          0x08002f49   Thumb Code    28  oled.o(i.OLED_Display_On)
    OLED_DrawPoint                           0x08002f65   Thumb Code   100  oled.o(i.OLED_DrawPoint)
    OLED_Fill                                0x08002fcd   Thumb Code    54  oled.o(i.OLED_Fill)
    OLED_Init                                0x08003005   Thumb Code   266  oled.o(i.OLED_Init)
    OLED_Refresh_Gram                        0x08003115   Thumb Code    68  oled.o(i.OLED_Refresh_Gram)
    OLED_ShowChar                            0x0800315d   Thumb Code   254  oled.o(i.OLED_ShowChar)
    OLED_ShowString                          0x08003269   Thumb Code    94  oled.o(i.OLED_ShowString)
    PDInit_GetSysTick                        0x080032e1   Thumb Code    16  sys_tick_delay.o(i.PDInit_GetSysTick)
    PendSV_Handler                           0x080032f5   Thumb Code     2  stm32f10x_it.o(i.PendSV_Handler)
    RCC_ADCCLKConfig                         0x080032f9   Thumb Code    18  stm32f10x_rcc.o(i.RCC_ADCCLKConfig)
    RCC_AHBPeriphClockCmd                    0x08003311   Thumb Code    26  stm32f10x_rcc.o(i.RCC_AHBPeriphClockCmd)
    RCC_APB1PeriphClockCmd                   0x08003331   Thumb Code    26  stm32f10x_rcc.o(i.RCC_APB1PeriphClockCmd)
    RCC_APB1PeriphResetCmd                   0x08003351   Thumb Code    26  stm32f10x_rcc.o(i.RCC_APB1PeriphResetCmd)
    RCC_APB2PeriphClockCmd                   0x08003371   Thumb Code    26  stm32f10x_rcc.o(i.RCC_APB2PeriphClockCmd)
    RCC_APB2PeriphResetCmd                   0x08003391   Thumb Code    26  stm32f10x_rcc.o(i.RCC_APB2PeriphResetCmd)
    RCC_Configuration                        0x080033b1   Thumb Code   116  bsp.o(i.RCC_Configuration)
    RCC_DeInit                               0x08003425   Thumb Code    64  stm32f10x_rcc.o(i.RCC_DeInit)
    RCC_GetClocksFreq                        0x08003471   Thumb Code   192  stm32f10x_rcc.o(i.RCC_GetClocksFreq)
    RCC_GetFlagStatus                        0x08003545   Thumb Code    56  stm32f10x_rcc.o(i.RCC_GetFlagStatus)
    RCC_GetSYSCLKSource                      0x08003581   Thumb Code    10  stm32f10x_rcc.o(i.RCC_GetSYSCLKSource)
    RCC_HCLKConfig                           0x08003591   Thumb Code    18  stm32f10x_rcc.o(i.RCC_HCLKConfig)
    RCC_HSEConfig                            0x080035a9   Thumb Code    70  stm32f10x_rcc.o(i.RCC_HSEConfig)
    RCC_LSICmd                               0x080035f5   Thumb Code     6  stm32f10x_rcc.o(i.RCC_LSICmd)
    RCC_PCLK1Config                          0x08003601   Thumb Code    18  stm32f10x_rcc.o(i.RCC_PCLK1Config)
    RCC_PCLK2Config                          0x08003619   Thumb Code    20  stm32f10x_rcc.o(i.RCC_PCLK2Config)
    RCC_PLLCmd                               0x08003631   Thumb Code     6  stm32f10x_rcc.o(i.RCC_PLLCmd)
    RCC_PLLConfig                            0x0800363d   Thumb Code    24  stm32f10x_rcc.o(i.RCC_PLLConfig)
    RCC_SYSCLKConfig                         0x08003659   Thumb Code    18  stm32f10x_rcc.o(i.RCC_SYSCLKConfig)
    RCC_WaitForHSEStartUp                    0x08003671   Thumb Code    56  stm32f10x_rcc.o(i.RCC_WaitForHSEStartUp)
    RedLedOff                                0x080036a9   Thumb Code    50  bsp_leds.o(i.RedLedOff)
    RedLedToggle                             0x080036ed   Thumb Code    62  bsp_leds.o(i.RedLedToggle)
    RestartMCU                               0x0800373d   Thumb Code    68  bsp.o(i.RestartMCU)
    SVC_Handler                              0x08003791   Thumb Code     2  stm32f10x_it.o(i.SVC_Handler)
    SYS_DelayFunConfig                       0x08003793   Thumb Code   120  sys_tick_delay.o(i.SYS_DelayFunConfig)
    SetAlignmentPattern                      0x0800380d   Thumb Code    86  qrcodeapp.o(i.SetAlignmentPattern)
    SetBitStream                             0x0800386d   Thumb Code   112  qrcodeapp.o(i.SetBitStream)
    SetCodeWordPattern                       0x080038e1   Thumb Code   144  qrcodeapp.o(i.SetCodeWordPattern)
    SetFinderPattern                         0x08003981   Thumb Code    64  qrcodeapp.o(i.SetFinderPattern)
    SetFormatInfoPattern                     0x080039c9   Thumb Code   298  qrcodeapp.o(i.SetFormatInfoPattern)
    SetFunctionModule                        0x08003b05   Thumb Code   444  qrcodeapp.o(i.SetFunctionModule)
    SetMaskingPattern                        0x08003cd5   Thumb Code   406  qrcodeapp.o(i.SetMaskingPattern)
    SetVersionPattern                        0x08003f5d   Thumb Code   140  qrcodeapp.o(i.SetVersionPattern)
    SysTickDelay_ms                          0x08003ff5   Thumb Code    34  sys_tick_delay.o(i.SysTickDelay_ms)
    SysTick_CLKSourceConfig                  0x08004017   Thumb Code    40  misc.o(i.SysTick_CLKSourceConfig)
    SysTick_Handler                          0x0800403f   Thumb Code     2  stm32f10x_it.o(i.SysTick_Handler)
    Sys_delay_init                           0x08004041   Thumb Code    50  sys_tick_delay.o(i.Sys_delay_init)
    SystemInit                               0x08004085   Thumb Code    78  system_stm32f10x.o(i.SystemInit)
    TIM2_IRQHandler                          0x080040e5   Thumb Code    30  sys_tick_delay.o(i.TIM2_IRQHandler)
    TIM3_IRQHandler                          0x08004109   Thumb Code   146  buttons.o(i.TIM3_IRQHandler)
    TIM_ClearITPendingBit                    0x080041b9   Thumb Code     6  stm32f10x_tim.o(i.TIM_ClearITPendingBit)
    TIM_Cmd                                  0x080041bf   Thumb Code    24  stm32f10x_tim.o(i.TIM_Cmd)
    TIM_DeInit                               0x080041d9   Thumb Code   424  stm32f10x_tim.o(i.TIM_DeInit)
    TIM_GetITStatus                          0x080043c1   Thumb Code    34  stm32f10x_tim.o(i.TIM_GetITStatus)
    TIM_ITConfig                             0x080043e3   Thumb Code    18  stm32f10x_tim.o(i.TIM_ITConfig)
    TIM_InternalClockConfig                  0x080043f5   Thumb Code    12  stm32f10x_tim.o(i.TIM_InternalClockConfig)
    TIM_TimeBaseInit                         0x08004401   Thumb Code   122  stm32f10x_tim.o(i.TIM_TimeBaseInit)
    TimerButtonsConfig                       0x080044a5   Thumb Code   110  buttons.o(i.TimerButtonsConfig)
    USART3_IRQHandler                        0x08004519   Thumb Code   126  wifi_esp.o(i.USART3_IRQHandler)
    USART_ClearFlag                          0x080045a5   Thumb Code    18  stm32f10x_usart.o(i.USART_ClearFlag)
    USART_ClearITPendingBit                  0x080045b7   Thumb Code    30  stm32f10x_usart.o(i.USART_ClearITPendingBit)
    USART_Cmd                                0x080045d5   Thumb Code    24  stm32f10x_usart.o(i.USART_Cmd)
    USART_DMACmd                             0x080045ed   Thumb Code    18  stm32f10x_usart.o(i.USART_DMACmd)
    USART_GetFlagStatus                      0x080045ff   Thumb Code    26  stm32f10x_usart.o(i.USART_GetFlagStatus)
    USART_GetITStatus                        0x08004619   Thumb Code    84  stm32f10x_usart.o(i.USART_GetITStatus)
    USART_ITConfig                           0x0800466d   Thumb Code    74  stm32f10x_usart.o(i.USART_ITConfig)
    USART_Init                               0x080046b9   Thumb Code   210  stm32f10x_usart.o(i.USART_Init)
    USART_ReceiveData                        0x08004791   Thumb Code    10  stm32f10x_usart.o(i.USART_ReceiveData)
    USART_SendData                           0x0800479b   Thumb Code     8  stm32f10x_usart.o(i.USART_SendData)
    UsageFault_Handler                       0x080047a3   Thumb Code     4  stm32f10x_it.o(i.UsageFault_Handler)
    UsbOutConfig                             0x080047a9   Thumb Code    58  usb_contrl.o(i.UsbOutConfig)
    WIFI_IOConfig                            0x080047e9   Thumb Code    46  wifi_esp.o(i.WIFI_IOConfig)
    WIFI_UART                                0x08004821   Thumb Code   192  wifi_esp.o(i.WIFI_UART)
    Wifi_Init                                0x080048e9   Thumb Code    68  wifi_esp.o(i.Wifi_Init)
    bsp_adc_config                           0x080049f9   Thumb Code    12  sys_adc.o(i.bsp_adc_config)
    calc_sth11                               0x08004a05   Thumb Code   206  sht1x.o(i.calc_sth11)
    esp8266_check_cmd                        0x08004b09   Thumb Code    66  wifi_esp.o(i.esp8266_check_cmd)
    esp8266_hard_reset                       0x08004b4d   Thumb Code    28  wifi_esp.o(i.esp8266_hard_reset)
    filter                                   0x08004b6d   Thumb Code   192  sys_adc.o(i.filter)
    key_down_read                            0x08004cd9   Thumb Code    90  buttons.o(i.key_down_read)
    key_left_read                            0x08004dc9   Thumb Code    90  buttons.o(i.key_left_read)
    key_right_read                           0x08004eb9   Thumb Code    90  buttons.o(i.key_right_read)
    key_up_read                              0x08004fa9   Thumb Code    90  buttons.o(i.key_up_read)
    main                                     0x0800500d   Thumb Code   124  main.o(i.main)
    s_connectionreset                        0x080050a9   Thumb Code   174  sht1x.o(i.s_connectionreset)
    s_measure                                0x0800515d   Thumb Code   154  sht1x.o(i.s_measure)
    s_read_byte                              0x08005201   Thumb Code   172  sht1x.o(i.s_read_byte)
    s_transstart                             0x080052b1   Thumb Code   110  sht1x.o(i.s_transstart)
    s_write_byte                             0x08005325   Thumb Code   164  sht1x.o(i.s_write_byte)
    sht_io_config                            0x080053e5   Thumb Code   100  sht1x.o(i.sht_io_config)
    smart_connect                            0x0800544d   Thumb Code   142  wifi_esp_config.o(i.smart_connect)
    sys_adc_dma_config                       0x0800551d   Thumb Code   134  sys_adc.o(i.sys_adc_dma_config)
    sys_adc_init                             0x080055b1   Thumb Code   190  sys_adc.o(i.sys_adc_init)
    wifi_fsm                                 0x08005679   Thumb Code   320  wifi_esp_config.o(i.wifi_fsm)
    wifi_get_ap                              0x080057c9   Thumb Code    40  wifi_esp_config.o(i.wifi_get_ap)
    wifi_get_ap_mac                          0x08005809   Thumb Code    68  wifi_esp_config.o(i.wifi_get_ap_mac)
    wifi_get_gmr                             0x0800586d   Thumb Code    28  wifi_esp_config.o(i.wifi_get_gmr)
    wifi_get_tcp_status                      0x08005899   Thumb Code   118  wifi_esp_config.o(i.wifi_get_tcp_status)
    wifi_tcp_config                          0x0800592d   Thumb Code   110  wifi_esp_config.o(i.wifi_tcp_config)
    wifi_tcp_rec_pro                         0x080059ed   Thumb Code   202  wifi_esp_config.o(i.wifi_tcp_rec_pro)
    wifi_tcp_send                            0x08005ab9   Thumb Code   122  wifi_esp_config.o(i.wifi_tcp_send)
    _get_lc_ctype                            0x08005b69   Thumb Code    44  lc_ctype_c.o(locale$$code)
    __aeabi_d2f                              0x08005b95   Thumb Code     0  d2f.o(x$fpl$d2f)
    _d2f                                     0x08005b95   Thumb Code    98  d2f.o(x$fpl$d2f)
    __aeabi_dadd                             0x08005bf9   Thumb Code     0  daddsub_clz.o(x$fpl$dadd)
    _dadd                                    0x08005bf9   Thumb Code   332  daddsub_clz.o(x$fpl$dadd)
    __fpl_dcmp_Inf                           0x08005d49   Thumb Code    24  dcmpi.o(x$fpl$dcmpinf)
    __aeabi_ddiv                             0x08005d61   Thumb Code     0  ddiv.o(x$fpl$ddiv)
    _ddiv                                    0x08005d61   Thumb Code   552  ddiv.o(x$fpl$ddiv)
    __aeabi_d2uiz                            0x08006011   Thumb Code     0  dfixu.o(x$fpl$dfixu)
    _dfixu                                   0x08006011   Thumb Code    90  dfixu.o(x$fpl$dfixu)
    __aeabi_i2d                              0x0800606b   Thumb Code     0  dflt_clz.o(x$fpl$dflt)
    _dflt                                    0x0800606b   Thumb Code    46  dflt_clz.o(x$fpl$dflt)
    __aeabi_cdcmple                          0x08006099   Thumb Code     0  dleqf.o(x$fpl$dleqf)
    _dcmple                                  0x08006099   Thumb Code   120  dleqf.o(x$fpl$dleqf)
    __fpl_dcmple_InfNaN                      0x080060fb   Thumb Code     0  dleqf.o(x$fpl$dleqf)
    __aeabi_dmul                             0x08006111   Thumb Code     0  dmul.o(x$fpl$dmul)
    _dmul                                    0x08006111   Thumb Code   332  dmul.o(x$fpl$dmul)
    __fpl_dnaninf                            0x08006265   Thumb Code   156  dnaninf.o(x$fpl$dnaninf)
    __fpl_dretinf                            0x08006301   Thumb Code    12  dretinf.o(x$fpl$dretinf)
    __aeabi_dsub                             0x0800630d   Thumb Code     0  daddsub_clz.o(x$fpl$dsub)
    _dsub                                    0x0800630d   Thumb Code   464  daddsub_clz.o(x$fpl$dsub)
    __aeabi_f2d                              0x080064e1   Thumb Code     0  f2d.o(x$fpl$f2d)
    _f2d                                     0x080064e1   Thumb Code    86  f2d.o(x$fpl$f2d)
    __aeabi_fadd                             0x08006539   Thumb Code     0  faddsub_clz.o(x$fpl$fadd)
    _fadd                                    0x08006539   Thumb Code   196  faddsub_clz.o(x$fpl$fadd)
    __fpl_fcmp_Inf                           0x080065fd   Thumb Code    24  fcmpi.o(x$fpl$fcmpinf)
    __aeabi_f2iz                             0x08006615   Thumb Code     0  ffix.o(x$fpl$ffix)
    _ffix                                    0x08006615   Thumb Code    54  ffix.o(x$fpl$ffix)
    __aeabi_f2uiz                            0x0800664d   Thumb Code     0  ffixu.o(x$fpl$ffixu)
    _ffixu                                   0x0800664d   Thumb Code    62  ffixu.o(x$fpl$ffixu)
    __aeabi_ui2f                             0x0800668d   Thumb Code     0  fflt_clz.o(x$fpl$ffltu)
    _ffltu                                   0x0800668d   Thumb Code    38  fflt_clz.o(x$fpl$ffltu)
    __aeabi_cfcmple                          0x080066b5   Thumb Code     0  fleqf.o(x$fpl$fleqf)
    _fcmple                                  0x080066b5   Thumb Code   104  fleqf.o(x$fpl$fleqf)
    __fpl_fcmple_InfNaN                      0x08006707   Thumb Code     0  fleqf.o(x$fpl$fleqf)
    __aeabi_fmul                             0x0800671d   Thumb Code     0  fmul.o(x$fpl$fmul)
    _fmul                                    0x0800671d   Thumb Code   258  fmul.o(x$fpl$fmul)
    __fpl_fnaninf                            0x0800681f   Thumb Code   140  fnaninf.o(x$fpl$fnaninf)
    __fpl_fretinf                            0x080068ab   Thumb Code    10  fretinf.o(x$fpl$fretinf)
    __aeabi_cfrcmple                         0x080068b5   Thumb Code     0  frleqf.o(x$fpl$frleqf)
    _frcmple                                 0x080068b5   Thumb Code    98  frleqf.o(x$fpl$frleqf)
    __aeabi_fsub                             0x08006919   Thumb Code     0  faddsub_clz.o(x$fpl$fsub)
    _fsub                                    0x08006919   Thumb Code   234  faddsub_clz.o(x$fpl$fsub)
    __I$use$fp                               0x08006a02   Number         0  usenofp.o(x$fpl$usenofp)
    asc2_1206                                0x08006a02   Data        1140  oled.o(.constdata)
    asc2_1608                                0x08006e76   Data        1520  oled.o(.constdata)
    F8X16                                    0x08007466   Data        1520  oled.o(.constdata)
    asc2_2412                                0x08007a56   Data        3420  oled.o(.constdata)
    auchCRCHigh                              0x080087b2   Data         256  encryption.o(.constdata)
    auchCRCLow                               0x080088b2   Data         256  encryption.o(.constdata)
    QR_VersonInfo                            0x080089b2   Data        3034  qrcodeapp.o(.constdata)
    byExpToInt                               0x0800958c   Data         256  qrcodeapp.o(.constdata)
    byIntToExp                               0x0800968c   Data         256  qrcodeapp.o(.constdata)
    byRSExp7                                 0x0800978c   Data           7  qrcodeapp.o(.constdata)
    byRSExp10                                0x08009793   Data          10  qrcodeapp.o(.constdata)
    byRSExp13                                0x0800979d   Data          13  qrcodeapp.o(.constdata)
    byRSExp15                                0x080097aa   Data          15  qrcodeapp.o(.constdata)
    byRSExp16                                0x080097b9   Data          16  qrcodeapp.o(.constdata)
    byRSExp17                                0x080097c9   Data          17  qrcodeapp.o(.constdata)
    byRSExp18                                0x080097da   Data          18  qrcodeapp.o(.constdata)
    byRSExp20                                0x080097ec   Data          20  qrcodeapp.o(.constdata)
    byRSExp22                                0x08009800   Data          22  qrcodeapp.o(.constdata)
    byRSExp24                                0x08009816   Data          24  qrcodeapp.o(.constdata)
    byRSExp26                                0x0800982e   Data          26  qrcodeapp.o(.constdata)
    byRSExp28                                0x08009848   Data          28  qrcodeapp.o(.constdata)
    byRSExp30                                0x08009864   Data          30  qrcodeapp.o(.constdata)
    byRSExp32                                0x08009882   Data          32  qrcodeapp.o(.constdata)
    byRSExp34                                0x080098a2   Data          34  qrcodeapp.o(.constdata)
    byRSExp36                                0x080098c4   Data          36  qrcodeapp.o(.constdata)
    byRSExp38                                0x080098e8   Data          38  qrcodeapp.o(.constdata)
    byRSExp40                                0x0800990e   Data          40  qrcodeapp.o(.constdata)
    byRSExp42                                0x08009936   Data          42  qrcodeapp.o(.constdata)
    byRSExp44                                0x08009960   Data          44  qrcodeapp.o(.constdata)
    byRSExp46                                0x0800998c   Data          46  qrcodeapp.o(.constdata)
    byRSExp48                                0x080099ba   Data          48  qrcodeapp.o(.constdata)
    byRSExp50                                0x080099ea   Data          50  qrcodeapp.o(.constdata)
    byRSExp52                                0x08009a1c   Data          52  qrcodeapp.o(.constdata)
    byRSExp54                                0x08009a50   Data          54  qrcodeapp.o(.constdata)
    byRSExp56                                0x08009a86   Data          56  qrcodeapp.o(.constdata)
    byRSExp58                                0x08009abe   Data          58  qrcodeapp.o(.constdata)
    byRSExp60                                0x08009af8   Data          60  qrcodeapp.o(.constdata)
    byRSExp62                                0x08009b34   Data          62  qrcodeapp.o(.constdata)
    byRSExp64                                0x08009b72   Data          64  qrcodeapp.o(.constdata)
    byRSExp66                                0x08009bb2   Data          66  qrcodeapp.o(.constdata)
    byRSExp68                                0x08009bf4   Data          68  qrcodeapp.o(.constdata)
    nIndicatorLenNumeral                     0x08009c38   Data           3  qrcodeapp.o(.constdata)
    nIndicatorLenAlphabet                    0x08009c3b   Data           3  qrcodeapp.o(.constdata)
    nIndicatorLen8Bit                        0x08009c3e   Data           3  qrcodeapp.o(.constdata)
    nIndicatorLenKanji                       0x08009c41   Data           3  qrcodeapp.o(.constdata)
    Region$$Table$$Base                      0x08009c44   Number         0  anon$$obj.o(Region$$Table)
    Region$$Table$$Limit                     0x08009c64   Number         0  anon$$obj.o(Region$$Table)
    __ctype                                  0x08009c71   Data           0  lc_ctype_c.o(locale$$data)
    Humi                                     0x20000000   Data           2  main.o(.data)
    Temp                                     0x20000002   Data           2  main.o(.data)
    gtButtonUp                               0x20000004   Data           2  buttons.o(.data)
    gtButtonDown                             0x20000006   Data           2  buttons.o(.data)
    gtButtonLeft                             0x20000008   Data           2  buttons.o(.data)
    gtButtonRight                            0x2000000a   Data           2  buttons.o(.data)
    gButtonIOdat                             0x2000000c   Data           1  buttons.o(.data)
    SysTicksVal32Bit                         0x20000024   Data           4  sys_tick_delay.o(.data)
    adc_filter                               0x2000002c   Data           6  sys_adc.o(.data)
    gI_UsbOut                                0x20000032   Data           2  sys_adc.o(.data)
    gV_Battery                               0x20000034   Data           2  sys_adc.o(.data)
    gGas                                     0x20000036   Data           2  sys_adc.o(.data)
    CurrDataCounterEnd                       0x20000038   Data           2  sys_adc.o(.data)
    gDeviceStaDataUp                         0x2000003a   Data           8  wifi_esp_config.o(.data)
    heartticks                               0x20000042   Data           2  wifi_esp_config.o(.data)
    byRSExp                                  0x20000050   Data         276  qrcodeapp.o(.data)
    m_nSymbleSize                            0x20000164   Data           4  qrcodeapp.o(.data)
    m_ncDataCodeWordBit                      0x20000168   Data           4  qrcodeapp.o(.data)
    m_ncDataBlock                            0x2000016c   Data           4  qrcodeapp.o(.data)
    m_ncAllCodeWord                          0x20000170   Data           4  qrcodeapp.o(.data)
    m_nLevel                                 0x20000174   Data           4  qrcodeapp.o(.data)
    m_nVersion                               0x20000178   Data           4  qrcodeapp.o(.data)
    m_bAutoExtent                            0x2000017c   Data           1  qrcodeapp.o(.data)
    m_nMaskingNo                             0x20000180   Data           4  qrcodeapp.o(.data)
    SystemCoreClock                          0x20000190   Data           4  system_stm32f10x.o(.data)
    AHBPrescTable                            0x20000194   Data          16  system_stm32f10x.o(.data)
    gMcuID                                   0x200001b8   Data          12  main.o(.bss)
    OLED_GRAM                                0x200001c4   Data        1024  oled.o(.bss)
    AD_Value                                 0x200005c4   Data          96  sys_adc.o(.bss)
    g_WifiDev                                0x20000624   Data        1064  wifi_esp.o(.bss)
    SSID                                     0x20000a4c   Data          32  wifi_esp_config.o(.bss)
    ssid_pwd                                 0x20000a6c   Data          64  wifi_esp_config.o(.bss)
    gWifi_mac                                0x20000aac   Data          18  wifi_esp_config.o(.bss)
    p_ip                                     0x20000abe   Data         256  wifi_esp_config.o(.bss)
    m_byModuleData                           0x20000bbe   Data       31329  qrcodeapp.o(.bss)
    m_byDataCodeWord                         0x2000861f   Data        2956  qrcodeapp.o(.bss)
    m_byBlockMode                            0x200091ab   Data        2956  qrcodeapp.o(.bss)
    m_nBlockLength                           0x20009d37   Data        2956  qrcodeapp.o(.bss)
    m_byAllCodeWord                          0x2000a8c3   Data        3706  qrcodeapp.o(.bss)
    m_byRSWork                               0x2000b73d   Data         153  qrcodeapp.o(.bss)
    __libspace_start                         0x2000b7d8   Data          96  libspace.o(.bss)
    __temporary_stack_top$libspace           0x2000b838   Data           0  libspace.o(.bss)



==============================================================================

Memory Map of the image

  Image Entry point : 0x08000131

  Load Region LR_IROM1 (Base: 0x08000000, Size: 0x00009f2c, Max: 0x00080000, ABSOLUTE, COMPRESSED[0x00009e04])

    Execution Region ER_IROM1 (Base: 0x08000000, Size: 0x00009d74, Max: 0x00080000, ABSOLUTE)

    Base Addr    Size         Type   Attr      Idx    E Section Name        Object

    0x08000000   0x00000130   Data   RO         2400    RESET               startup_stm32f10x_hd.o
    0x08000130   0x00000008   Code   RO         5202  * !!!main             c_w.l(__main.o)
    0x08000138   0x00000034   Code   RO         5548    !!!scatter          c_w.l(__scatter.o)
    0x0800016c   0x0000005a   Code   RO         5546    !!dczerorl2         c_w.l(__dczerorl2.o)
    0x080001c6   0x00000002   PAD
    0x080001c8   0x0000001c   Code   RO         5550    !!handler_zi        c_w.l(__scatter_zi.o)
    0x080001e4   0x00000000   Code   RO         5177    .ARM.Collect$$_printf_percent$$00000000  c_w.l(_printf_percent.o)
    0x080001e4   0x00000006   Code   RO         5176    .ARM.Collect$$_printf_percent$$00000009  c_w.l(_printf_d.o)
    0x080001ea   0x00000004   Code   RO         5303    .ARM.Collect$$_printf_percent$$00000017  c_w.l(_printf_percent_end.o)
    0x080001ee   0x00000002   Code   RO         5479    .ARM.Collect$$libinit$$00000000  c_w.l(libinit.o)
    0x080001f0   0x00000000   Code   RO         5311    .ARM.Collect$$libinit$$00000002  c_w.l(libinit2.o)
    0x080001f0   0x00000000   Code   RO         5313    .ARM.Collect$$libinit$$00000004  c_w.l(libinit2.o)
    0x080001f0   0x00000000   Code   RO         5316    .ARM.Collect$$libinit$$0000000A  c_w.l(libinit2.o)
    0x080001f0   0x00000000   Code   RO         5318    .ARM.Collect$$libinit$$0000000C  c_w.l(libinit2.o)
    0x080001f0   0x00000000   Code   RO         5320    .ARM.Collect$$libinit$$0000000E  c_w.l(libinit2.o)
    0x080001f0   0x00000006   Code   RO         5321    .ARM.Collect$$libinit$$0000000F  c_w.l(libinit2.o)
    0x080001f6   0x00000000   Code   RO         5323    .ARM.Collect$$libinit$$00000011  c_w.l(libinit2.o)
    0x080001f6   0x0000000c   Code   RO         5324    .ARM.Collect$$libinit$$00000012  c_w.l(libinit2.o)
    0x08000202   0x00000000   Code   RO         5325    .ARM.Collect$$libinit$$00000013  c_w.l(libinit2.o)
    0x08000202   0x00000000   Code   RO         5327    .ARM.Collect$$libinit$$00000015  c_w.l(libinit2.o)
    0x08000202   0x00000000   Code   RO         5329    .ARM.Collect$$libinit$$00000017  c_w.l(libinit2.o)
    0x08000202   0x00000000   Code   RO         5331    .ARM.Collect$$libinit$$00000019  c_w.l(libinit2.o)
    0x08000202   0x00000000   Code   RO         5333    .ARM.Collect$$libinit$$0000001B  c_w.l(libinit2.o)
    0x08000202   0x00000000   Code   RO         5335    .ARM.Collect$$libinit$$0000001D  c_w.l(libinit2.o)
    0x08000202   0x00000000   Code   RO         5337    .ARM.Collect$$libinit$$0000001F  c_w.l(libinit2.o)
    0x08000202   0x00000000   Code   RO         5339    .ARM.Collect$$libinit$$00000021  c_w.l(libinit2.o)
    0x08000202   0x00000000   Code   RO         5341    .ARM.Collect$$libinit$$00000023  c_w.l(libinit2.o)
    0x08000202   0x00000000   Code   RO         5343    .ARM.Collect$$libinit$$00000025  c_w.l(libinit2.o)
    0x08000202   0x00000000   Code   RO         5347    .ARM.Collect$$libinit$$0000002C  c_w.l(libinit2.o)
    0x08000202   0x00000000   Code   RO         5349    .ARM.Collect$$libinit$$0000002E  c_w.l(libinit2.o)
    0x08000202   0x00000000   Code   RO         5351    .ARM.Collect$$libinit$$00000030  c_w.l(libinit2.o)
    0x08000202   0x00000000   Code   RO         5353    .ARM.Collect$$libinit$$00000032  c_w.l(libinit2.o)
    0x08000202   0x00000002   Code   RO         5354    .ARM.Collect$$libinit$$00000033  c_w.l(libinit2.o)
    0x08000204   0x00000002   Code   RO         5543    .ARM.Collect$$libshutdown$$00000000  c_w.l(libshutdown.o)
    0x08000206   0x00000000   Code   RO         5497    .ARM.Collect$$libshutdown$$00000002  c_w.l(libshutdown2.o)
    0x08000206   0x00000000   Code   RO         5499    .ARM.Collect$$libshutdown$$00000004  c_w.l(libshutdown2.o)
    0x08000206   0x00000000   Code   RO         5502    .ARM.Collect$$libshutdown$$00000007  c_w.l(libshutdown2.o)
    0x08000206   0x00000000   Code   RO         5505    .ARM.Collect$$libshutdown$$0000000A  c_w.l(libshutdown2.o)
    0x08000206   0x00000000   Code   RO         5507    .ARM.Collect$$libshutdown$$0000000C  c_w.l(libshutdown2.o)
    0x08000206   0x00000000   Code   RO         5510    .ARM.Collect$$libshutdown$$0000000F  c_w.l(libshutdown2.o)
    0x08000206   0x00000002   Code   RO         5511    .ARM.Collect$$libshutdown$$00000010  c_w.l(libshutdown2.o)
    0x08000208   0x00000000   Code   RO         5269    .ARM.Collect$$rtentry$$00000000  c_w.l(__rtentry.o)
    0x08000208   0x00000000   Code   RO         5397    .ARM.Collect$$rtentry$$00000002  c_w.l(__rtentry2.o)
    0x08000208   0x00000006   Code   RO         5409    .ARM.Collect$$rtentry$$00000004  c_w.l(__rtentry4.o)
    0x0800020e   0x00000000   Code   RO         5399    .ARM.Collect$$rtentry$$00000009  c_w.l(__rtentry2.o)
    0x0800020e   0x00000004   Code   RO         5400    .ARM.Collect$$rtentry$$0000000A  c_w.l(__rtentry2.o)
    0x08000212   0x00000000   Code   RO         5402    .ARM.Collect$$rtentry$$0000000C  c_w.l(__rtentry2.o)
    0x08000212   0x00000008   Code   RO         5403    .ARM.Collect$$rtentry$$0000000D  c_w.l(__rtentry2.o)
    0x0800021a   0x00000002   Code   RO         5484    .ARM.Collect$$rtexit$$00000000  c_w.l(rtexit.o)
    0x0800021c   0x00000000   Code   RO         5517    .ARM.Collect$$rtexit$$00000002  c_w.l(rtexit2.o)
    0x0800021c   0x00000004   Code   RO         5518    .ARM.Collect$$rtexit$$00000003  c_w.l(rtexit2.o)
    0x08000220   0x00000006   Code   RO         5519    .ARM.Collect$$rtexit$$00000004  c_w.l(rtexit2.o)
    0x08000226   0x00000002   PAD
    0x08000228   0x00000040   Code   RO         2401    .text               startup_stm32f10x_hd.o
    0x08000268   0x00000008   Code   RO         5076    .text               c_w.l(rt_errno_addr_intlibspace.o)
    0x08000270   0x00000028   Code   RO         5150    .text               c_w.l(noretval__2sprintf.o)
    0x08000298   0x00000068   Code   RO         5152    .text               c_w.l(__printf.o)
    0x08000300   0x00000078   Code   RO         5154    .text               c_w.l(_printf_dec.o)
    0x08000378   0x0000001a   Code   RO         5178    .text               c_w.l(atoi.o)
    0x08000392   0x00000024   Code   RO         5180    .text               c_w.l(strstr.o)
    0x080003b6   0x0000003e   Code   RO         5184    .text               c_w.l(strlen.o)
    0x080003f4   0x0000008a   Code   RO         5186    .text               c_w.l(rt_memcpy_v6.o)
    0x0800047e   0x00000084   Code   RO         5188    .text               c_w.l(rt_memmove_v6.o)
    0x08000502   0x00000064   Code   RO         5192    .text               c_w.l(rt_memcpy_w.o)
    0x08000566   0x00000010   Code   RO         5194    .text               c_w.l(aeabi_memset.o)
    0x08000576   0x00000044   Code   RO         5196    .text               c_w.l(rt_memclr.o)
    0x080005ba   0x0000004e   Code   RO         5198    .text               c_w.l(rt_memclr_w.o)
    0x08000608   0x00000006   Code   RO         5200    .text               c_w.l(heapauxi.o)
    0x0800060e   0x00000002   PAD
    0x08000610   0x00000008   Code   RO         5264    .text               c_w.l(libspace.o)
    0x08000618   0x000000b2   Code   RO         5297    .text               c_w.l(_printf_intcommon.o)
    0x080006ca   0x00000002   PAD
    0x080006cc   0x00000030   Code   RO         5299    .text               c_w.l(_printf_char_common.o)
    0x080006fc   0x0000000a   Code   RO         5301    .text               c_w.l(_sputc.o)
    0x08000706   0x00000070   Code   RO         5304    .text               c_w.l(strtol.o)
    0x08000776   0x0000007a   Code   RO         5306    .text               c_w.l(rt_memmove_w.o)
    0x080007f0   0x00000010   Code   RO         5411    .text               c_w.l(rt_ctype_table.o)
    0x08000800   0x0000009e   Code   RO         5423    .text               c_w.l(_strtoul.o)
    0x0800089e   0x00000002   Code   RO         5445    .text               c_w.l(use_no_semi.o)
    0x080008a0   0x00000000   Code   RO         5447    .text               c_w.l(indicate_semi.o)
    0x080008a0   0x0000004a   Code   RO         5448    .text               c_w.l(sys_stackheap_outer.o)
    0x080008ea   0x00000002   PAD
    0x080008ec   0x00000008   Code   RO         5455    .text               c_w.l(rt_locale_intlibspace.o)
    0x080008f4   0x0000001c   Code   RO         5459    .text               c_w.l(_chval.o)
    0x08000910   0x00000012   Code   RO         5464    .text               c_w.l(exit.o)
    0x08000922   0x00000002   PAD
    0x08000924   0x0000000c   Code   RO         5482    .text               c_w.l(sys_exit.o)
    0x08000930   0x00000080   Code   RO         5494    .text               c_w.l(strcmpv7m.o)
    0x080009b0   0x00000016   Code   RO         2508    i.ADC_Cmd           stm32f10x_adc.o
    0x080009c6   0x00000016   Code   RO         2509    i.ADC_DMACmd        stm32f10x_adc.o
    0x080009dc   0x0000005c   Code   RO         2510    i.ADC_DeInit        stm32f10x_adc.o
    0x08000a38   0x00000014   Code   RO         2516    i.ADC_GetCalibrationStatus  stm32f10x_adc.o
    0x08000a4c   0x00000014   Code   RO         2522    i.ADC_GetResetCalibrationStatus  stm32f10x_adc.o
    0x08000a60   0x00000050   Code   RO         2526    i.ADC_Init          stm32f10x_adc.o
    0x08000ab0   0x000000b8   Code   RO         2530    i.ADC_RegularChannelConfig  stm32f10x_adc.o
    0x08000b68   0x0000000a   Code   RO         2531    i.ADC_ResetCalibration  stm32f10x_adc.o
    0x08000b72   0x00000016   Code   RO         2533    i.ADC_SoftwareStartConvCmd  stm32f10x_adc.o
    0x08000b88   0x0000000a   Code   RO         2535    i.ADC_StartCalibration  stm32f10x_adc.o
    0x08000b92   0x00000002   PAD
    0x08000b94   0x00000044   Code   RO          469    i.AllLedsRun        bsp_leds.o
    0x08000bd8   0x00000066   Code   RO         1212    i.AlphabetToBinaly  qrcodeapp.o
    0x08000c3e   0x00000002   PAD
    0x08000c40   0x00000078   Code   RO          470    i.BspLed_IOConfig   bsp_leds.o
    0x08000cb8   0x00000004   Code   RO           20    i.BusFault_Handler  stm32f10x_it.o
    0x08000cbc   0x00000034   Code   RO          353    i.ButtonsConfig     buttons.o
    0x08000cf0   0x00000024   Code   RO          354    i.Buttons_IOConfig  buttons.o
    0x08000d14   0x00000048   Code   RO         1185    i.CRC16             encryption.o
    0x08000d5c   0x0000007c   Code   RO          937    i.ConfigGPSDMARec   wifi_esp.o
    0x08000dd8   0x00000544   Code   RO         1214    i.CountPenalty      qrcodeapp.o
    0x0800131c   0x000000ac   Code   RO         1068    i.CycleBufPro       wifi_esp_config.o
    0x080013c8   0x00000130   Code   RO          175    i.DISPLAY_RENCODE_TO_TFT  main.o
    0x080014f8   0x00000040   Code   RO          772    i.DMA1_Channel1_IRQHandler  sys_adc.o
    0x08001538   0x0000001c   Code   RO         2983    i.DMA_ClearITPendingBit  stm32f10x_dma.o
    0x08001554   0x00000018   Code   RO         2984    i.DMA_Cmd           stm32f10x_dma.o
    0x0800156c   0x0000014c   Code   RO         2985    i.DMA_DeInit        stm32f10x_dma.o
    0x080016b8   0x00000008   Code   RO         2986    i.DMA_GetCurrDataCounter  stm32f10x_dma.o
    0x080016c0   0x0000002c   Code   RO         2988    i.DMA_GetITStatus   stm32f10x_dma.o
    0x080016ec   0x00000012   Code   RO         2989    i.DMA_ITConfig      stm32f10x_dma.o
    0x080016fe   0x0000003c   Code   RO         2990    i.DMA_Init          stm32f10x_dma.o
    0x0800173a   0x00000004   Code   RO         2991    i.DMA_SetCurrDataCounter  stm32f10x_dma.o
    0x0800173e   0x00000002   PAD
    0x08001740   0x0000011c   Code   RO         1069    i.DealMsg           wifi_esp_config.o
    0x0800185c   0x00000002   Code   RO           21    i.DebugMon_Handler  stm32f10x_it.o
    0x0800185e   0x00000002   PAD
    0x08001860   0x00000054   Code   RO          938    i.ESP8266_Close     wifi_esp.o
    0x080018b4   0x00000094   Code   RO          939    i.ESP8266_Cmd       wifi_esp.o
    0x08001948   0x00000008   Code   RO          941    i.ESP8266_GetStatus  wifi_esp.o
    0x08001950   0x00000034   Code   RO          942    i.ESP8266_Init      wifi_esp.o
    0x08001984   0x00000074   Code   RO          943    i.ESP8266_Open      wifi_esp.o
    0x080019f8   0x00000006   Code   RO          944    i.ESP8266_Read      wifi_esp.o
    0x080019fe   0x00000002   PAD
    0x08001a00   0x00000074   Code   RO          945    i.ESP8266_Reset     wifi_esp.o
    0x08001a74   0x00000048   Code   RO          946    i.ESP8266_Write     wifi_esp.o
    0x08001abc   0x00000002   Code   RO          355    i.EXTI15_10_IRQHandler  buttons.o
    0x08001abe   0x00000002   Code   RO          356    i.EXTI1_IRQHandler  buttons.o
    0x08001ac0   0x00000344   Code   RO         1215    i.EncodeData        qrcodeapp.o
    0x08001e04   0x000007bc   Code   RO         1216    i.EncodeSourceData  qrcodeapp.o
    0x080025c0   0x000000bc   Code   RO         1217    i.FormatModule      qrcodeapp.o
    0x0800267c   0x00000116   Code   RO         3324    i.GPIO_Init         stm32f10x_gpio.o
    0x08002792   0x00000002   PAD
    0x08002794   0x00000090   Code   RO         3326    i.GPIO_PinRemapConfig  stm32f10x_gpio.o
    0x08002824   0x00000008   Code   RO         3327    i.GPIO_ReadInputData  stm32f10x_gpio.o
    0x0800282c   0x00000012   Code   RO         3328    i.GPIO_ReadInputDataBit  stm32f10x_gpio.o
    0x0800283e   0x00000004   Code   RO         3331    i.GPIO_ResetBits    stm32f10x_gpio.o
    0x08002842   0x00000004   Code   RO         3332    i.GPIO_SetBits      stm32f10x_gpio.o
    0x08002846   0x00000002   PAD
    0x08002848   0x000000a4   Code   RO         1218    i.GetBitLength      qrcodeapp.o
    0x080028ec   0x00000100   Code   RO         1219    i.GetEncodeVersion  qrcodeapp.o
    0x080029ec   0x00000088   Code   RO         1220    i.GetRSCodeWord     qrcodeapp.o
    0x08002a74   0x0000001c   Code   RO          262    i.GetSTM32ID        bsp.o
    0x08002a90   0x00000008   Code   RO          947    i.GetWifiDev        wifi_esp.o
    0x08002a98   0x00000080   Code   RO          824    i.Get_SHT11         sht1x.o
    0x08002b18   0x0000001a   Code   RO          471    i.GpioConfig        bsp_leds.o
    0x08002b32   0x00000002   PAD
    0x08002b34   0x0000003c   Code   RO          472    i.GreenLedOff       bsp_leds.o
    0x08002b70   0x0000003c   Code   RO          473    i.GreenLedOn        bsp_leds.o
    0x08002bac   0x00000044   Code   RO          474    i.GreenLedToggle    bsp_leds.o
    0x08002bf0   0x00000004   Code   RO           22    i.HardFault_Handler  stm32f10x_it.o
    0x08002bf4   0x00000028   Code   RO          641    i.IIC_Start         oled.o
    0x08002c1c   0x00000020   Code   RO          642    i.IIC_Stop          oled.o
    0x08002c3c   0x00000018   Code   RO          643    i.IIC_Wait_Ack      oled.o
    0x08002c54   0x00000046   Code   RO         1221    i.IsAlphabetData    qrcodeapp.o
    0x08002c9a   0x00000032   Code   RO         1223    i.IsKanjiData       qrcodeapp.o
    0x08002ccc   0x00000012   Code   RO         1224    i.IsNumeralData     qrcodeapp.o
    0x08002cde   0x0000002e   Code   RO         1225    i.KanjiToBinaly     qrcodeapp.o
    0x08002d0c   0x00000004   Code   RO           23    i.MemManage_Handler  stm32f10x_it.o
    0x08002d10   0x000000fc   Code   RO         1070    i.MsgPackage        wifi_esp_config.o
    0x08002e0c   0x00000098   Code   RO         1071    i.MsgRSEPPackage    wifi_esp_config.o
    0x08002ea4   0x00000002   Code   RO           24    i.NMI_Handler       stm32f10x_it.o
    0x08002ea6   0x00000002   PAD
    0x08002ea8   0x00000070   Code   RO         2454    i.NVIC_Init         misc.o
    0x08002f18   0x00000030   Code   RO          644    i.OLED_Clear        oled.o
    0x08002f48   0x0000001c   Code   RO          646    i.OLED_Display_On   oled.o
    0x08002f64   0x00000068   Code   RO          647    i.OLED_DrawPoint    oled.o
    0x08002fcc   0x00000036   Code   RO          648    i.OLED_Fill         oled.o
    0x08003002   0x00000002   PAD
    0x08003004   0x00000110   Code   RO          649    i.OLED_Init         oled.o
    0x08003114   0x00000048   Code   RO          650    i.OLED_Refresh_Gram  oled.o
    0x0800315c   0x0000010c   Code   RO          651    i.OLED_ShowChar     oled.o
    0x08003268   0x0000005e   Code   RO          653    i.OLED_ShowString   oled.o
    0x080032c6   0x00000018   Code   RO          654    i.OLED_WR_Byte      oled.o
    0x080032de   0x00000002   PAD
    0x080032e0   0x00000014   Code   RO          548    i.PDInit_GetSysTick  sys_tick_delay.o
    0x080032f4   0x00000002   Code   RO           25    i.PendSV_Handler    stm32f10x_it.o
    0x080032f6   0x00000002   PAD
    0x080032f8   0x00000018   Code   RO         3786    i.RCC_ADCCLKConfig  stm32f10x_rcc.o
    0x08003310   0x00000020   Code   RO         3787    i.RCC_AHBPeriphClockCmd  stm32f10x_rcc.o
    0x08003330   0x00000020   Code   RO         3788    i.RCC_APB1PeriphClockCmd  stm32f10x_rcc.o
    0x08003350   0x00000020   Code   RO         3789    i.RCC_APB1PeriphResetCmd  stm32f10x_rcc.o
    0x08003370   0x00000020   Code   RO         3790    i.RCC_APB2PeriphClockCmd  stm32f10x_rcc.o
    0x08003390   0x00000020   Code   RO         3791    i.RCC_APB2PeriphResetCmd  stm32f10x_rcc.o
    0x080033b0   0x00000074   Code   RO          270    i.RCC_Configuration  bsp.o
    0x08003424   0x0000004c   Code   RO         3797    i.RCC_DeInit        stm32f10x_rcc.o
    0x08003470   0x000000d4   Code   RO         3798    i.RCC_GetClocksFreq  stm32f10x_rcc.o
    0x08003544   0x0000003c   Code   RO         3799    i.RCC_GetFlagStatus  stm32f10x_rcc.o
    0x08003580   0x00000010   Code   RO         3801    i.RCC_GetSYSCLKSource  stm32f10x_rcc.o
    0x08003590   0x00000018   Code   RO         3802    i.RCC_HCLKConfig    stm32f10x_rcc.o
    0x080035a8   0x0000004c   Code   RO         3803    i.RCC_HSEConfig     stm32f10x_rcc.o
    0x080035f4   0x0000000c   Code   RO         3807    i.RCC_LSICmd        stm32f10x_rcc.o
    0x08003600   0x00000018   Code   RO         3809    i.RCC_PCLK1Config   stm32f10x_rcc.o
    0x08003618   0x00000018   Code   RO         3810    i.RCC_PCLK2Config   stm32f10x_rcc.o
    0x08003630   0x0000000c   Code   RO         3811    i.RCC_PLLCmd        stm32f10x_rcc.o
    0x0800363c   0x0000001c   Code   RO         3812    i.RCC_PLLConfig     stm32f10x_rcc.o
    0x08003658   0x00000018   Code   RO         3815    i.RCC_SYSCLKConfig  stm32f10x_rcc.o
    0x08003670   0x00000038   Code   RO         3817    i.RCC_WaitForHSEStartUp  stm32f10x_rcc.o
    0x080036a8   0x00000044   Code   RO          475    i.RedLedOff         bsp_leds.o
    0x080036ec   0x00000050   Code   RO          477    i.RedLedToggle      bsp_leds.o
    0x0800373c   0x0000004c   Code   RO          271    i.RestartMCU        bsp.o
    0x08003788   0x00000004   Code   RO          825    i.SHT_SDA_IN        sht1x.o
    0x0800378c   0x00000004   Code   RO          826    i.SHT_SDA_OUT       sht1x.o
    0x08003790   0x00000002   Code   RO           26    i.SVC_Handler       stm32f10x_it.o
    0x08003792   0x00000078   Code   RO          549    i.SYS_DelayFunConfig  sys_tick_delay.o
    0x0800380a   0x00000002   PAD
    0x0800380c   0x00000060   Code   RO         1227    i.SetAlignmentPattern  qrcodeapp.o
    0x0800386c   0x00000074   Code   RO         1228    i.SetBitStream      qrcodeapp.o
    0x080038e0   0x000000a0   Code   RO         1229    i.SetCodeWordPattern  qrcodeapp.o
    0x08003980   0x00000048   Code   RO         1230    i.SetFinderPattern  qrcodeapp.o
    0x080039c8   0x0000013c   Code   RO         1231    i.SetFormatInfoPattern  qrcodeapp.o
    0x08003b04   0x000001d0   Code   RO         1232    i.SetFunctionModule  qrcodeapp.o
    0x08003cd4   0x000001a0   Code   RO         1233    i.SetMaskingPattern  qrcodeapp.o
    0x08003e74   0x00000008   Code   RO         2408    i.SetSysClock       system_stm32f10x.o
    0x08003e7c   0x000000e0   Code   RO         2409    i.SetSysClockTo72   system_stm32f10x.o
    0x08003f5c   0x00000098   Code   RO         1234    i.SetVersionPattern  qrcodeapp.o
    0x08003ff4   0x00000022   Code   RO          550    i.SysTickDelay_ms   sys_tick_delay.o
    0x08004016   0x00000028   Code   RO         2458    i.SysTick_CLKSourceConfig  misc.o
    0x0800403e   0x00000002   Code   RO           27    i.SysTick_Handler   stm32f10x_it.o
    0x08004040   0x00000044   Code   RO          551    i.Sys_delay_init    sys_tick_delay.o
    0x08004084   0x00000060   Code   RO         2411    i.SystemInit        system_stm32f10x.o
    0x080040e4   0x00000024   Code   RO          554    i.TIM2_IRQHandler   sys_tick_delay.o
    0x08004108   0x000000b0   Code   RO          359    i.TIM3_IRQHandler   buttons.o
    0x080041b8   0x00000006   Code   RO         4267    i.TIM_ClearITPendingBit  stm32f10x_tim.o
    0x080041be   0x00000018   Code   RO         4272    i.TIM_Cmd           stm32f10x_tim.o
    0x080041d6   0x00000002   PAD
    0x080041d8   0x000001e8   Code   RO         4277    i.TIM_DeInit        stm32f10x_tim.o
    0x080043c0   0x00000022   Code   RO         4293    i.TIM_GetITStatus   stm32f10x_tim.o
    0x080043e2   0x00000012   Code   RO         4297    i.TIM_ITConfig      stm32f10x_tim.o
    0x080043f4   0x0000000c   Code   RO         4299    i.TIM_InternalClockConfig  stm32f10x_tim.o
    0x08004400   0x000000a4   Code   RO         4343    i.TIM_TimeBaseInit  stm32f10x_tim.o
    0x080044a4   0x00000074   Code   RO          360    i.TimerButtonsConfig  buttons.o
    0x08004518   0x0000008c   Code   RO          949    i.USART3_IRQHandler  wifi_esp.o
    0x080045a4   0x00000012   Code   RO         4816    i.USART_ClearFlag   stm32f10x_usart.o
    0x080045b6   0x0000001e   Code   RO         4817    i.USART_ClearITPendingBit  stm32f10x_usart.o
    0x080045d4   0x00000018   Code   RO         4820    i.USART_Cmd         stm32f10x_usart.o
    0x080045ec   0x00000012   Code   RO         4821    i.USART_DMACmd      stm32f10x_usart.o
    0x080045fe   0x0000001a   Code   RO         4823    i.USART_GetFlagStatus  stm32f10x_usart.o
    0x08004618   0x00000054   Code   RO         4824    i.USART_GetITStatus  stm32f10x_usart.o
    0x0800466c   0x0000004a   Code   RO         4826    i.USART_ITConfig    stm32f10x_usart.o
    0x080046b6   0x00000002   PAD
    0x080046b8   0x000000d8   Code   RO         4827    i.USART_Init        stm32f10x_usart.o
    0x08004790   0x0000000a   Code   RO         4834    i.USART_ReceiveData  stm32f10x_usart.o
    0x0800479a   0x00000008   Code   RO         4837    i.USART_SendData    stm32f10x_usart.o
    0x080047a2   0x00000004   Code   RO           28    i.UsageFault_Handler  stm32f10x_it.o
    0x080047a6   0x00000002   PAD
    0x080047a8   0x00000040   Code   RO          611    i.UsbOutConfig      usb_contrl.o
    0x080047e8   0x00000038   Code   RO          950    i.WIFI_IOConfig     wifi_esp.o
    0x08004820   0x000000c8   Code   RO          951    i.WIFI_UART         wifi_esp.o
    0x080048e8   0x00000064   Code   RO          952    i.Wifi_Init         wifi_esp.o
    0x0800494c   0x00000054   Code   RO          655    i.Write_IIC_Byte    oled.o
    0x080049a0   0x0000002c   Code   RO          657    i.Write_IIC_Command  oled.o
    0x080049cc   0x0000002c   Code   RO          658    i.Write_IIC_Data    oled.o
    0x080049f8   0x0000000c   Code   RO          773    i.bsp_adc_config    sys_adc.o
    0x08004a04   0x00000104   Code   RO          828    i.calc_sth11        sht1x.o
    0x08004b08   0x00000042   Code   RO          953    i.esp8266_check_cmd  wifi_esp.o
    0x08004b4a   0x00000002   PAD
    0x08004b4c   0x00000020   Code   RO          954    i.esp8266_hard_reset  wifi_esp.o
    0x08004b6c   0x000000e0   Code   RO          774    i.filter            sys_adc.o
    0x08004c4c   0x0000008c   Code   RO          361    i.key_down_driver   buttons.o
    0x08004cd8   0x00000064   Code   RO          362    i.key_down_read     buttons.o
    0x08004d3c   0x0000008c   Code   RO          363    i.key_left_driver   buttons.o
    0x08004dc8   0x00000064   Code   RO          364    i.key_left_read     buttons.o
    0x08004e2c   0x0000008c   Code   RO          365    i.key_right_driver  buttons.o
    0x08004eb8   0x00000064   Code   RO          366    i.key_right_read    buttons.o
    0x08004f1c   0x0000008c   Code   RO          367    i.key_up_driver     buttons.o
    0x08004fa8   0x00000064   Code   RO          368    i.key_up_read       buttons.o
    0x0800500c   0x0000009c   Code   RO          176    i.main              main.o
    0x080050a8   0x000000b4   Code   RO          829    i.s_connectionreset  sht1x.o
    0x0800515c   0x000000a4   Code   RO          830    i.s_measure         sht1x.o
    0x08005200   0x000000b0   Code   RO          831    i.s_read_byte       sht1x.o
    0x080052b0   0x00000074   Code   RO          834    i.s_transstart      sht1x.o
    0x08005324   0x000000a8   Code   RO          835    i.s_write_byte      sht1x.o
    0x080053cc   0x00000018   Code   RO          837    i.sht_delay         sht1x.o
    0x080053e4   0x00000068   Code   RO          838    i.sht_io_config     sht1x.o
    0x0800544c   0x000000d0   Code   RO         1072    i.smart_connect     wifi_esp_config.o
    0x0800551c   0x00000094   Code   RO          775    i.sys_adc_dma_config  sys_adc.o
    0x080055b0   0x000000c8   Code   RO          776    i.sys_adc_init      sys_adc.o
    0x08005678   0x00000150   Code   RO         1073    i.wifi_fsm          wifi_esp_config.o
    0x080057c8   0x00000040   Code   RO         1074    i.wifi_get_ap       wifi_esp_config.o
    0x08005808   0x00000064   Code   RO         1075    i.wifi_get_ap_mac   wifi_esp_config.o
    0x0800586c   0x0000002c   Code   RO         1076    i.wifi_get_gmr      wifi_esp_config.o
    0x08005898   0x00000094   Code   RO         1078    i.wifi_get_tcp_status  wifi_esp_config.o
    0x0800592c   0x000000c0   Code   RO         1080    i.wifi_tcp_config   wifi_esp_config.o
    0x080059ec   0x000000ca   Code   RO         1081    i.wifi_tcp_rec_pro  wifi_esp_config.o
    0x08005ab6   0x00000002   PAD
    0x08005ab8   0x000000b0   Code   RO         1082    i.wifi_tcp_send     wifi_esp_config.o
    0x08005b68   0x0000002c   Code   RO         5462    locale$$code        c_w.l(lc_ctype_c.o)
    0x08005b94   0x00000062   Code   RO         5204    x$fpl$d2f           fz_ws.l(d2f.o)
    0x08005bf6   0x00000002   PAD
    0x08005bf8   0x00000150   Code   RO         5206    x$fpl$dadd          fz_ws.l(daddsub_clz.o)
    0x08005d48   0x00000018   Code   RO         5355    x$fpl$dcmpinf       fz_ws.l(dcmpi.o)
    0x08005d60   0x000002b0   Code   RO         5213    x$fpl$ddiv          fz_ws.l(ddiv.o)
    0x08006010   0x0000005a   Code   RO         5216    x$fpl$dfixu         fz_ws.l(dfixu.o)
    0x0800606a   0x0000002e   Code   RO         5221    x$fpl$dflt          fz_ws.l(dflt_clz.o)
    0x08006098   0x00000078   Code   RO         5226    x$fpl$dleqf         fz_ws.l(dleqf.o)
    0x08006110   0x00000154   Code   RO         5228    x$fpl$dmul          fz_ws.l(dmul.o)
    0x08006264   0x0000009c   Code   RO         5357    x$fpl$dnaninf       fz_ws.l(dnaninf.o)
    0x08006300   0x0000000c   Code   RO         5359    x$fpl$dretinf       fz_ws.l(dretinf.o)
    0x0800630c   0x000001d4   Code   RO         5208    x$fpl$dsub          fz_ws.l(daddsub_clz.o)
    0x080064e0   0x00000056   Code   RO         5230    x$fpl$f2d           fz_ws.l(f2d.o)
    0x08006536   0x00000002   PAD
    0x08006538   0x000000c4   Code   RO         5232    x$fpl$fadd          fz_ws.l(faddsub_clz.o)
    0x080065fc   0x00000018   Code   RO         5438    x$fpl$fcmpinf       fz_ws.l(fcmpi.o)
    0x08006614   0x00000036   Code   RO         5238    x$fpl$ffix          fz_ws.l(ffix.o)
    0x0800664a   0x00000002   PAD
    0x0800664c   0x0000003e   Code   RO         5242    x$fpl$ffixu         fz_ws.l(ffixu.o)
    0x0800668a   0x00000002   PAD
    0x0800668c   0x00000026   Code   RO         5246    x$fpl$ffltu         fz_ws.l(fflt_clz.o)
    0x080066b2   0x00000002   PAD
    0x080066b4   0x00000068   Code   RO         5361    x$fpl$fleqf         fz_ws.l(fleqf.o)
    0x0800671c   0x00000102   Code   RO         5252    x$fpl$fmul          fz_ws.l(fmul.o)
    0x0800681e   0x0000008c   Code   RO         5363    x$fpl$fnaninf       fz_ws.l(fnaninf.o)
    0x080068aa   0x0000000a   Code   RO         5365    x$fpl$fretinf       fz_ws.l(fretinf.o)
    0x080068b4   0x00000062   Code   RO         5254    x$fpl$frleqf        fz_ws.l(frleqf.o)
    0x08006916   0x00000002   PAD
    0x08006918   0x000000ea   Code   RO         5234    x$fpl$fsub          fz_ws.l(faddsub_clz.o)
    0x08006a02   0x00000000   Code   RO         5369    x$fpl$usenofp       fz_ws.l(usenofp.o)
    0x08006a02   0x00001db0   Data   RO          661    .constdata          oled.o
    0x080087b2   0x00000200   Data   RO         1186    .constdata          encryption.o
    0x080089b2   0x00001292   Data   RO         1236    .constdata          qrcodeapp.o
    0x08009c44   0x00000020   Data   RO         5544    Region$$Table       anon$$obj.o
    0x08009c64   0x00000110   Data   RO         5461    locale$$data        c_w.l(lc_ctype_c.o)


    Execution Region RW_IRAM1 (Base: 0x20000000, Size: 0x0000be38, Max: 0x00010000, ABSOLUTE, COMPRESSED[0x00000090])

    Base Addr    Size         Type   Attr      Idx    E Section Name        Object

    0x20000000   0x00000004   Data   RW          178    .data               main.o
    0x20000004   0x00000019   Data   RW          369    .data               buttons.o
    0x2000001d   0x00000003   PAD
    0x20000020   0x00000004   Data   RW          479    .data               bsp_leds.o
    0x20000024   0x00000008   Data   RW          555    .data               sys_tick_delay.o
    0x2000002c   0x0000000e   Data   RW          778    .data               sys_adc.o
    0x2000003a   0x00000015   Data   RW         1084    .data               wifi_esp_config.o
    0x2000004f   0x00000001   PAD
    0x20000050   0x00000140   Data   RW         1237    .data               qrcodeapp.o
    0x20000190   0x00000014   Data   RW         2412    .data               system_stm32f10x.o
    0x200001a4   0x00000014   Data   RW         3818    .data               stm32f10x_rcc.o
    0x200001b8   0x0000000c   Zero   RW          177    .bss                main.o
    0x200001c4   0x00000400   Zero   RW          660    .bss                oled.o
    0x200005c4   0x00000060   Zero   RW          777    .bss                sys_adc.o
    0x20000624   0x00000428   Zero   RW          955    .bss                wifi_esp.o
    0x20000a4c   0x00000172   Zero   RW         1083    .bss                wifi_esp_config.o
    0x20000bbe   0x0000ac18   Zero   RW         1235    .bss                qrcodeapp.o
    0x2000b7d6   0x00000002   PAD
    0x2000b7d8   0x00000060   Zero   RW         5265    .bss                c_w.l(libspace.o)
    0x2000b838   0x00000200   Zero   RW         2399    HEAP                startup_stm32f10x_hd.o
    0x2000ba38   0x00000400   Zero   RW         2398    STACK               startup_stm32f10x_hd.o


==============================================================================

Image component sizes


      Code (inc. data)   RO Data    RW Data    ZI Data      Debug   Object Name

       220         12          0          0          0      27189   bsp.o
       550         88          0          4          0       4287   bsp_leds.o
      1344        160          0         25          0       8209   buttons.o
         0          0          0          0          0       4540   core_cm3.o
        72         10        512          0          0       1509   encryption.o
       460         94          0          4         12       6671   main.o
       152         12          0          0          0       1654   misc.o
      1232         50       7600          0       1024       9906   oled.o
      6986        272       4754        320      44056      22050   qrcodeapp.o
      1328         94          0          0          0       7537   sht1x.o
        64         26        304          0       1536        828   startup_stm32f10x_hd.o
       482         24          0          0          0       8362   stm32f10x_adc.o
       518         26          0          0          0       6585   stm32f10x_dma.o
       456          6          0          0          0       5291   stm32f10x_gpio.o
        26          0          0          0          0     271722   stm32f10x_it.o
       828        122          0         20          0      13964   stm32f10x_rcc.o
       746        106          0          0          0       5149   stm32f10x_tim.o
       508          6          0          0          0       8344   stm32f10x_usart.o
       648         64          0         14         96       3852   sys_adc.o
       278         28          0          8          0       3333   sys_tick_delay.o
       328         28          0         20          0       2365   system_stm32f10x.o
        64          6          0          0          0        503   usb_contrl.o
      1328        184          0          0       1064      10767   wifi_esp.o
      2330        380          0         21        370      11355   wifi_esp_config.o

    ----------------------------------------------------------------------
     20984       1798      13202        440      48160     445972   Object Totals
         0          0         32          0          0          0   (incl. Generated)
        36          0          0          4          2          0   (incl. Padding)

    ----------------------------------------------------------------------

      Code (inc. data)   RO Data    RW Data    ZI Data      Debug   Library Member Name

        90          0          0          0          0          0   __dczerorl2.o
         8          0          0          0          0         68   __main.o
       104          0          0          0          0         84   __printf.o
         0          0          0          0          0          0   __rtentry.o
        12          0          0          0          0          0   __rtentry2.o
         6          0          0          0          0          0   __rtentry4.o
        52          8          0          0          0          0   __scatter.o
        28          0          0          0          0          0   __scatter_zi.o
        28          0          0          0          0         68   _chval.o
        48          6          0          0          0         96   _printf_char_common.o
         6          0          0          0          0          0   _printf_d.o
       120         16          0          0          0         92   _printf_dec.o
       178          0          0          0          0         88   _printf_intcommon.o
         0          0          0          0          0          0   _printf_percent.o
         4          0          0          0          0          0   _printf_percent_end.o
        10          0          0          0          0         68   _sputc.o
       158          0          0          0          0         92   _strtoul.o
        16          0          0          0          0         68   aeabi_memset.o
        26          0          0          0          0         80   atoi.o
        18          0          0          0          0         80   exit.o
         6          0          0          0          0        152   heapauxi.o
         0          0          0          0          0          0   indicate_semi.o
        44         10        272          0          0         76   lc_ctype_c.o
         2          0          0          0          0          0   libinit.o
        20          0          0          0          0          0   libinit2.o
         2          0          0          0          0          0   libshutdown.o
         2          0          0          0          0          0   libshutdown2.o
         8          4          0          0         96         68   libspace.o
        40          6          0          0          0         84   noretval__2sprintf.o
        16          4          0          0          0         76   rt_ctype_table.o
         8          4          0          0          0         68   rt_errno_addr_intlibspace.o
         8          4          0          0          0         68   rt_locale_intlibspace.o
        68          0          0          0          0         68   rt_memclr.o
        78          0          0          0          0         80   rt_memclr_w.o
       138          0          0          0          0         68   rt_memcpy_v6.o
       100          0          0          0          0         80   rt_memcpy_w.o
       132          0          0          0          0         68   rt_memmove_v6.o
       122          0          0          0          0         80   rt_memmove_w.o
         2          0          0          0          0          0   rtexit.o
        10          0          0          0          0          0   rtexit2.o
       128          0          0          0          0         68   strcmpv7m.o
        62          0          0          0          0         76   strlen.o
        36          0          0          0          0         80   strstr.o
       112          0          0          0          0         88   strtol.o
        12          4          0          0          0         68   sys_exit.o
        74          0          0          0          0         80   sys_stackheap_outer.o
         2          0          0          0          0         68   use_no_semi.o
        98          4          0          0          0         92   d2f.o
       804         16          0          0          0        272   daddsub_clz.o
        24          0          0          0          0         68   dcmpi.o
       688        140          0          0          0        208   ddiv.o
        90          4          0          0          0         92   dfixu.o
        46          0          0          0          0         68   dflt_clz.o
       120          4          0          0          0         92   dleqf.o
       340         12          0          0          0        104   dmul.o
       156          4          0          0          0         92   dnaninf.o
        12          0          0          0          0         68   dretinf.o
        86          4          0          0          0         84   f2d.o
       430          8          0          0          0        168   faddsub_clz.o
        24          0          0          0          0         68   fcmpi.o
        54          4          0          0          0         84   ffix.o
        62          4          0          0          0         84   ffixu.o
        38          0          0          0          0         68   fflt_clz.o
       104          4          0          0          0         84   fleqf.o
       258          4          0          0          0         84   fmul.o
       140          4          0          0          0         84   fnaninf.o
        10          0          0          0          0         68   fretinf.o
        98          0          0          0          0         68   frleqf.o
         0          0          0          0          0          0   usenofp.o

    ----------------------------------------------------------------------
      5850        282        272          0         96       4548   Library Totals
        24          0          0          0          0          0   (incl. Padding)

    ----------------------------------------------------------------------

      Code (inc. data)   RO Data    RW Data    ZI Data      Debug   Library Name

      2144         66        272          0         96       2448   c_w.l
      3682        216          0          0          0       2100   fz_ws.l

    ----------------------------------------------------------------------
      5850        282        272          0         96       4548   Library Totals

    ----------------------------------------------------------------------

==============================================================================


      Code (inc. data)   RO Data    RW Data    ZI Data      Debug   

     26834       2080      13474        440      48256     438400   Grand Totals
     26834       2080      13474        144      48256     438400   ELF Image Totals (compressed)
     26834       2080      13474        144          0          0   ROM Totals

==============================================================================

    Total RO  Size (Code + RO Data)                40308 (  39.36kB)
    Total RW  Size (RW Data + ZI Data)             48696 (  47.55kB)
    Total ROM Size (Code + RO Data + RW Data)      40452 (  39.50kB)

==============================================================================

